Archive member included because of file (symbol)

contiki-z1.a(contiki-z1-plat)
                              obj_z1/contiki-z1-main.o (init_platform)
contiki-z1.a(msp430.o)        obj_z1/contiki-z1-main.o (splhigh_)
contiki-z1.a(leds.o)          obj_z1/contiki-z1-main.o (leds_init)
contiki-z1.a(watchdog.o)      obj_z1/contiki-z1-main.o (watchdog_start)
contiki-z1.a(xmem.o)          obj_z1/contiki-z1-main.o (xmem_init)
contiki-z1.a(spi.o)           contiki-z1.a(xmem.o) (spi_init)
contiki-z1.a(cc2420.o)        obj_z1/contiki-z1-main.o (cc2420_set_pan_addr)
contiki-z1.a(cc2420-arch.o)   contiki-z1.a(cc2420.o) (cc2420_arch_init)
contiki-z1.a(node-id.o)       obj_z1/contiki-z1-main.o (node_id_restore)
contiki-z1.a(sensors.o)       udp-sink.co (sensors_event)
contiki-z1.a(button-sensor.o)
                              udp-sink.co (button_sensor)
contiki-z1.a(uart0.o)         obj_z1/contiki-z1-main.o (uart0_active)
contiki-z1.a(uart0-putchar.o)
                              udp-sink.co (putchar)
contiki-z1.a(adxl345.o)       obj_z1/contiki-z1-main.o (accm_init)
contiki-z1.a(clock.o)         obj_z1/contiki-z1-main.o (clock_init)
contiki-z1.a(leds-arch.o)     contiki-z1.a(leds.o) (leds_arch_init)
contiki-z1.a(rtimer-arch.o)   obj_z1/contiki-z1-main.o (rtimer_arch_now)
contiki-z1.a(autostart.o)     obj_z1/contiki-z1-main.o (autostart_start)
contiki-z1.a(ctimer.o)        obj_z1/contiki-z1-main.o (ctimer_init)
contiki-z1.a(energest.o)      obj_z1/contiki-z1-main.o (energest_init)
contiki-z1.a(etimer.o)        contiki-z1.a(clock.o) (etimer_request_poll)
contiki-z1.a(process.o)       udp-sink.co (process_current)
contiki-z1.a(rtimer.o)        obj_z1/contiki-z1-main.o (rtimer_init)
contiki-z1.a(timer.o)         contiki-z1.a(button-sensor.o) (timer_set)
contiki-z1.a(serial-line.o)   obj_z1/collect-common.o (serial_line_event_message)
contiki-z1.a(list.o)          contiki-z1.a(ctimer.o) (list_init)
contiki-z1.a(random.o)        obj_z1/contiki-z1-main.o (random_init)
contiki-z1.a(ringbuf.o)       contiki-z1.a(serial-line.o) (ringbuf_init)
contiki-z1.a(sicslowpan.o)    obj_z1/contiki-z1-main.o (sicslowpan_driver)
contiki-z1.a(uip6.o)          udp-sink.co (uip_aligned_buf)
contiki-z1.a(uip-ds6.o)       contiki-z1.a(uip6.o) (uip_ds6_is_addr_onlink)
contiki-z1.a(uip-ds6-nbr.o)   contiki-z1.a(uip-ds6.o) (uip_ds6_neighbors_init)
contiki-z1.a(uip-ds6-route.o)
                              contiki-z1.a(uip-ds6.o) (uip_ds6_route_init)
contiki-z1.a(uip-icmp6.o)     contiki-z1.a(uip6.o) (uip_icmp6_input)
contiki-z1.a(uip-nd6.o)       contiki-z1.a(uip6.o) (uip_nd6_init)
contiki-z1.a(tcpip.o)         contiki-z1.a(sicslowpan.o) (tcpip_set_outputfunc)
contiki-z1.a(uip-debug.o)     udp-sink.co (uip_debug_ipaddr_print)
contiki-z1.a(rpl.o)           contiki-z1.a(uip-ds6-nbr.o) (rpl_link_neighbor_callback)
contiki-z1.a(rpl-dag.o)       contiki-z1.a(rpl.o) (rpl_dag_init)
contiki-z1.a(rpl-ext-header.)
                              contiki-z1.a(uip6.o) (rpl_verify_hbh_header)
contiki-z1.a(rpl-icmp6.o)     contiki-z1.a(rpl-dag.o) (rpl_icmp6_update_nbr_table)
contiki-z1.a(rpl-mrhof.o)     contiki-z1.a(rpl-dag.o) (rpl_mrhof)
contiki-z1.a(rpl-timers.o)    contiki-z1.a(rpl.o) (rpl_reset_periodic_timer)
contiki-z1.a(linkaddr.o)      obj_z1/contiki-z1-main.o (linkaddr_copy)
contiki-z1.a(link-stats.o)    contiki-z1.a(rpl-dag.o) (link_stats_from_lladdr)
contiki-z1.a(nbr-table.o)     contiki-z1.a(uip-ds6-nbr.o) (nbr_table_register)
contiki-z1.a(net-debug.o)     contiki-z1.a(rpl-icmp6.o) (net_debug_lladdr_print)
contiki-z1.a(packetbuf.o)     contiki-z1.a(cc2420.o) (packetbuf_set_datalen)
contiki-z1.a(queuebuf.o)      obj_z1/contiki-z1-main.o (queuebuf_init)
contiki-z1.a(csma.o)          obj_z1/contiki-z1-main.o (csma_driver)
contiki-z1.a(framer-802154.o)
                              contiki-z1.a(sicslowpan.o) (framer_802154)
contiki-z1.a(mac.o)           contiki-z1.a(csma.o) (mac_call_sent_callback)
contiki-z1.a(nullrdc.o)       udp-sink.co (nullrdc_driver)
contiki-z1.a(nullsec.o)       contiki-z1.a(sicslowpan.o) (nullsec_driver)
contiki-z1.a(i2cmaster.o)     contiki-z1.a(adxl345.o) (i2c_receiveinit)
contiki-z1.a(stimer.o)        contiki-z1.a(uip-ds6.o) (stimer_set)
contiki-z1.a(memb.o)          contiki-z1.a(uip-ds6-route.o) (memb_init)
contiki-z1.a(rpl-nbr-policy.)
                              contiki-z1.a(nbr-table.o) (rpl_nbr_policy_find_removable)
contiki-z1.a(frame802154.o)   contiki-z1.a(framer-802154.o) (frame802154_get_pan_id)
contiki-z1.a(mac-sequence.o)  contiki-z1.a(nullrdc.o) (mac_sequence_is_duplicate)
/usr/local/mspgcc-4.7.3/bin/../lib/gcc/msp430/4.7.3/mcpu-430x/mmpy-16/msr20/mc20/libgcc.a(_mulsi3.o)
                              contiki-z1.a(rpl-timers.o) (__mulsi3)
/usr/local/mspgcc-4.7.3/bin/../lib/gcc/msp430/4.7.3/mcpu-430x/mmpy-16/msr20/mc20/libgcc.a(_udivmod16.o)
                              contiki-z1.a(rpl-dag.o) (__udivhi3)
/usr/local/mspgcc-4.7.3/bin/../lib/gcc/msp430/4.7.3/mcpu-430x/mmpy-16/msr20/mc20/libgcc.a(_divmod16.o)
[...]
Memory Configuration

Name             Origin             Length             Attributes
sfr              0x0000000000000000 0x0000000000000010
peripheral_8bit  0x0000000000000010 0x00000000000000f0
peripheral_16bit 0x0000000000000100 0x0000000000000100
ram_mirror       0x0000000000000200 0x0000000000000800 xw
infomem          0x0000000000001000 0x0000000000000100
infod            0x0000000000001000 0x0000000000000040
infoc            0x0000000000001040 0x0000000000000040
infob            0x0000000000001080 0x0000000000000040
infoa            0x00000000000010c0 0x0000000000000040
ram              0x0000000000001100 0x0000000000002000 xw
rom              0x0000000000003100 0x000000000000cebe xr
vectors          0x000000000000ffc0 0x0000000000000040
far_rom          0x0000000000010000 0x000000000000a000
bsl              0x0000000000000000 0x0000000000000000
ram2             0x0000000000000000 0x0000000000000000 xw
usbram           0x0000000000000000 0x0000000000000000 xw
*default*        0x0000000000000000 0xffffffffffffffff

Linker script and memory map

LOAD /usr/local/mspgcc-4.7.3/bin/../lib/gcc/msp430/4.7.3/mcpu-430x/mmpy-16/msr20/mc20/crt0ivtbl32.o
                0x0000000000000041                __P1SEL2 = 0x41
                0x0000000000000045                __P5SEL2 = 0x45
LOAD udp-sink.co
LOAD obj_z1/collect-common.o
LOAD obj_z1/contiki-z1-main.o
LOAD contiki-z1.a
LOAD /usr/local/mspgcc-4.7.3/bin/../lib/gcc/msp430/4.7.3/mcpu-430x/mmpy-16/msr20/mc20/libgcc.a
LOAD /usr/local/mspgcc-4.7.3/bin/../lib/gcc/msp430/4.7.3/../../../../msp430/lib/mcpu-430x/mmpy-16/msr20/mc20/libc.a
LOAD /usr/local/mspgcc-4.7.3/bin/../lib/gcc/msp430/4.7.3/mcpu-430x/mmpy-16/msr20/mc20/libgcc.a
LOAD /usr/local/mspgcc-4.7.3/bin/../lib/gcc/msp430/4.7.3/mcpu-430x/mmpy-16/msr20/mc20/libcrt0.a
                0x0000000000000040                PROVIDE (__info_segment_size, 0x40)
                0x0000000000001000                PROVIDE (__infod, 0x1000)
                0x0000000000001040                PROVIDE (__infoc, 0x1040)
                0x0000000000001080                PROVIDE (__infob, 0x1080)
                0x00000000000010c0                PROVIDE (__infoa, 0x10c0)
                0x0000000000000000                __IE1 = 0x0
                0x0000000000000002                __IFG1 = 0x2
                0x0000000000000001                __IE2 = 0x1
                0x0000000000000003                __IFG2 = 0x3
                0x0000000000000006                __UC1IE = 0x6
                0x0000000000000007                __UC1IFG = 0x7
                0x00000000000001a0                __ADC12CTL0 = 0x1a0
                0x00000000000001a2                __ADC12CTL1 = 0x1a2
                0x00000000000001a4                __ADC12IFG = 0x1a4
                0x00000000000001a6                __ADC12IE = 0x1a6
                0x00000000000001a8                __ADC12IV = 0x1a8
                0x0000000000000140                __ADC12MEM0 = 0x140
                0x0000000000000142                __ADC12MEM1 = 0x142
                0x0000000000000144                __ADC12MEM2 = 0x144
                0x0000000000000146                __ADC12MEM3 = 0x146
                0x0000000000000148                __ADC12MEM4 = 0x148
                0x000000000000014a                __ADC12MEM5 = 0x14a
                0x000000000000014c                __ADC12MEM6 = 0x14c
                0x000000000000014e                __ADC12MEM7 = 0x14e
                0x0000000000000150                __ADC12MEM8 = 0x150
                0x0000000000000152                __ADC12MEM9 = 0x152
                0x0000000000000154                __ADC12MEM10 = 0x154
                0x0000000000000156                __ADC12MEM11 = 0x156
                0x0000000000000158                __ADC12MEM12 = 0x158
                0x000000000000015a                __ADC12MEM13 = 0x15a
                0x000000000000015c                __ADC12MEM14 = 0x15c
                0x000000000000015e                __ADC12MEM15 = 0x15e
                0x0000000000000080                __ADC12MCTL0 = 0x80
                0x0000000000000081                __ADC12MCTL1 = 0x81
                0x0000000000000082                __ADC12MCTL2 = 0x82
                0x0000000000000083                __ADC12MCTL3 = 0x83
                0x0000000000000084                __ADC12MCTL4 = 0x84
                0x0000000000000085                __ADC12MCTL5 = 0x85
                0x0000000000000086                __ADC12MCTL6 = 0x86
                0x0000000000000087                __ADC12MCTL7 = 0x87
                0x0000000000000088                __ADC12MCTL8 = 0x88
                0x0000000000000089                __ADC12MCTL9 = 0x89
                0x000000000000008a                __ADC12MCTL10 = 0x8a
                0x000000000000008b                __ADC12MCTL11 = 0x8b
                0x000000000000008c                __ADC12MCTL12 = 0x8c
                0x000000000000008d                __ADC12MCTL13 = 0x8d
                0x000000000000008e                __ADC12MCTL14 = 0x8e
                0x000000000000008f                __ADC12MCTL15 = 0x8f
                0x0000000000000056                __DCOCTL = 0x56
                0x0000000000000057                __BCSCTL1 = 0x57
                0x0000000000000058                __BCSCTL2 = 0x58
                0x0000000000000053                __BCSCTL3 = 0x53
                0x0000000000000059                __CACTL1 = 0x59
                0x000000000000005a                __CACTL2 = 0x5a
                0x000000000000005b                __CAPD = 0x5b
                0x00000000000001c0                __DAC12_0CTL = 0x1c0
                0x00000000000001c2                __DAC12_1CTL = 0x1c2
                0x00000000000001c8                __DAC12_0DAT = 0x1c8
                0x00000000000001ca                __DAC12_1DAT = 0x1ca
                0x0000000000000122                __DMACTL0 = 0x122
                0x0000000000000124                __DMACTL1 = 0x124
                0x0000000000000126                __DMAIV = 0x126
                0x00000000000001d0                __DMA0CTL = 0x1d0
                0x00000000000001dc                __DMA1CTL = 0x1dc
                0x00000000000001e8                __DMA2CTL = 0x1e8
                0x00000000000001d2                __DMA0SA = 0x1d2
                0x00000000000001d2                __DMA0SAL = 0x1d2
                0x00000000000001d6                __DMA0DA = 0x1d6
                0x00000000000001d6                __DMA0DAL = 0x1d6
                0x00000000000001da                __DMA0SZ = 0x1da
                0x00000000000001de                __DMA1SA = 0x1de
                0x00000000000001de                __DMA1SAL = 0x1de
                0x00000000000001e2                __DMA1DA = 0x1e2
                0x00000000000001e2                __DMA1DAL = 0x1e2
                0x00000000000001e6                __DMA1SZ = 0x1e6
                0x00000000000001ea                __DMA2SA = 0x1ea
                0x00000000000001ea                __DMA2SAL = 0x1ea
                0x00000000000001ee                __DMA2DA = 0x1ee
                0x00000000000001ee                __DMA2DAL = 0x1ee
                0x00000000000001f2                __DMA2SZ = 0x1f2
                0x0000000000000128                __FCTL1 = 0x128
                0x000000000000012a                __FCTL2 = 0x12a
                0x000000000000012c                __FCTL3 = 0x12c
                0x00000000000001be                __FCTL4 = 0x1be
                0x0000000000000130                __MPY = 0x130
                0x0000000000000132                __MPYS = 0x132
                0x0000000000000134                __MAC = 0x134
                0x0000000000000136                __MACS = 0x136
                0x0000000000000138                __OP2 = 0x138
                0x000000000000013a                __RESLO = 0x13a
                0x000000000000013c                __RESHI = 0x13c
                0x000000000000013e                __SUMEXT = 0x13e
                0x0000000000000020                __P1IN = 0x20
                0x0000000000000021                __P1OUT = 0x21
                0x0000000000000022                __P1DIR = 0x22
                0x0000000000000023                __P1IFG = 0x23
                0x0000000000000024                __P1IES = 0x24
                0x0000000000000025                __P1IE = 0x25
                0x0000000000000026                __P1SEL = 0x26
                0x0000000000000027                __P1REN = 0x27
                0x0000000000000028                __P2IN = 0x28
                0x0000000000000029                __P2OUT = 0x29
                0x000000000000002a                __P2DIR = 0x2a
                0x000000000000002b                __P2IFG = 0x2b
                0x000000000000002c                __P2IES = 0x2c
                0x000000000000002d                __P2IE = 0x2d
                0x000000000000002e                __P2SEL = 0x2e
                0x000000000000002f                __P2REN = 0x2f
                0x0000000000000018                __P3IN = 0x18
                0x0000000000000019                __P3OUT = 0x19
                0x000000000000001a                __P3DIR = 0x1a
                0x000000000000001b                __P3SEL = 0x1b
                0x0000000000000010                __P3REN = 0x10
                0x000000000000001c                __P4IN = 0x1c
                0x000000000000001d                __P4OUT = 0x1d
                0x000000000000001e                __P4DIR = 0x1e
                0x000000000000001f                __P4SEL = 0x1f
                0x0000000000000011                __P4REN = 0x11
                0x0000000000000030                __P5IN = 0x30
                0x0000000000000031                __P5OUT = 0x31
                0x0000000000000032                __P5DIR = 0x32
                0x0000000000000033                __P5SEL = 0x33
                0x0000000000000012                __P5REN = 0x12
                0x0000000000000034                __P6IN = 0x34
                0x0000000000000035                __P6OUT = 0x35
                0x0000000000000036                __P6DIR = 0x36
                0x0000000000000037                __P6SEL = 0x37
                0x0000000000000013                __P6REN = 0x13
                0x0000000000000038                __P7IN = 0x38
                0x000000000000003a                __P7OUT = 0x3a
                0x000000000000003c                __P7DIR = 0x3c
                0x000000000000003e                __P7SEL = 0x3e
                0x0000000000000014                __P7REN = 0x14
                0x0000000000000039                __P8IN = 0x39
                0x000000000000003b                __P8OUT = 0x3b
                0x000000000000003d                __P8DIR = 0x3d
                0x000000000000003f                __P8SEL = 0x3f
                0x0000000000000015                __P8REN = 0x15
                0x0000000000000038                __PAIN = 0x38
                0x000000000000003a                __PAOUT = 0x3a
                0x000000000000003c                __PADIR = 0x3c
                0x000000000000003e                __PASEL = 0x3e
                0x0000000000000014                __PAREN = 0x14
                0x0000000000000055                __SVSCTL = 0x55
                0x000000000000012e                __TAIV = 0x12e
                0x0000000000000160                __TACTL = 0x160
                0x0000000000000162                __TACCTL0 = 0x162
                0x0000000000000164                __TACCTL1 = 0x164
                0x0000000000000166                __TACCTL2 = 0x166
                0x0000000000000170                __TAR = 0x170
                0x0000000000000172                __TACCR0 = 0x172
                0x0000000000000174                __TACCR1 = 0x174
                0x0000000000000176                __TACCR2 = 0x176
                0x000000000000011e                __TBIV = 0x11e
                0x0000000000000180                __TBCTL = 0x180
                0x0000000000000182                __TBCCTL0 = 0x182
                0x0000000000000184                __TBCCTL1 = 0x184
                0x0000000000000186                __TBCCTL2 = 0x186
                0x0000000000000188                __TBCCTL3 = 0x188
                0x000000000000018a                __TBCCTL4 = 0x18a
                0x000000000000018c                __TBCCTL5 = 0x18c
                0x000000000000018e                __TBCCTL6 = 0x18e
                0x0000000000000190                __TBR = 0x190
                0x0000000000000192                __TBCCR0 = 0x192
                0x0000000000000194                __TBCCR1 = 0x194
                0x0000000000000196                __TBCCR2 = 0x196
                0x0000000000000198                __TBCCR3 = 0x198
                0x000000000000019a                __TBCCR4 = 0x19a
                0x000000000000019c                __TBCCR5 = 0x19c
                0x000000000000019e                __TBCCR6 = 0x19e
                0x0000000000000060                __UCA0CTL0 = 0x60
                0x0000000000000061                __UCA0CTL1 = 0x61
                0x0000000000000062                __UCA0BR0 = 0x62
                0x0000000000000063                __UCA0BR1 = 0x63
                0x0000000000000064                __UCA0MCTL = 0x64
                0x0000000000000065                __UCA0STAT = 0x65
                0x0000000000000066                __UCA0RXBUF = 0x66
                0x0000000000000067                __UCA0TXBUF = 0x67
                0x000000000000005d                __UCA0ABCTL = 0x5d
                0x000000000000005e                __UCA0IRTCTL = 0x5e
                0x000000000000005f                __UCA0IRRCTL = 0x5f
                0x0000000000000068                __UCB0CTL0 = 0x68
                0x0000000000000069                __UCB0CTL1 = 0x69
                0x000000000000006a                __UCB0BR0 = 0x6a
                0x000000000000006b                __UCB0BR1 = 0x6b
                0x000000000000006c                __UCB0I2CIE = 0x6c
                0x000000000000006d                __UCB0STAT = 0x6d
                0x000000000000006e                __UCB0RXBUF = 0x6e
                0x000000000000006f                __UCB0TXBUF = 0x6f
                0x0000000000000118                __UCB0I2COA = 0x118
                0x000000000000011a                __UCB0I2CSA = 0x11a
                0x00000000000000d0                __UCA1CTL0 = 0xd0
                0x00000000000000d1                __UCA1CTL1 = 0xd1
                0x00000000000000d2                __UCA1BR0 = 0xd2
                0x00000000000000d3                __UCA1BR1 = 0xd3
                0x00000000000000d4                __UCA1MCTL = 0xd4
                0x00000000000000d5                __UCA1STAT = 0xd5
                0x00000000000000d6                __UCA1RXBUF = 0xd6
                0x00000000000000d7                __UCA1TXBUF = 0xd7
                0x00000000000000cd                __UCA1ABCTL = 0xcd
                0x00000000000000ce                __UCA1IRTCTL = 0xce
                0x00000000000000cf                __UCA1IRRCTL = 0xcf
                0x00000000000000d8                __UCB1CTL0 = 0xd8
                0x00000000000000d9                __UCB1CTL1 = 0xd9
                0x00000000000000da                __UCB1BR0 = 0xda
                0x00000000000000db                __UCB1BR1 = 0xdb
                0x00000000000000dc                __UCB1I2CIE = 0xdc
                0x00000000000000dd                __UCB1STAT = 0xdd
                0x00000000000000de                __UCB1RXBUF = 0xde
                0x00000000000000df                __UCB1TXBUF = 0xdf
                0x000000000000017c                __UCB1I2COA = 0x17c
                0x000000000000017e                __UCB1I2CSA = 0x17e
                0x0000000000000120                __WDTCTL = 0x120
                0x00000000000010c0                __TLV_CHECKSUM = 0x10c0
                0x00000000000010f6                __TLV_DCO_30_TAG = 0x10f6
                0x00000000000010f7                __TLV_DCO_30_LEN = 0x10f7
                0x00000000000010da                __TLV_ADC12_1_TAG = 0x10da
                0x00000000000010db                __TLV_ADC12_1_LEN = 0x10db
                0x00000000000010f8                __CALDCO_16MHZ = 0x10f8
                0x00000000000010f9                __CALBC1_16MHZ = 0x10f9
                0x00000000000010fa                __CALDCO_12MHZ = 0x10fa
                0x00000000000010fb                __CALBC1_12MHZ = 0x10fb
                0x00000000000010fc                __CALDCO_8MHZ = 0x10fc
                0x00000000000010fd                __CALBC1_8MHZ = 0x10fd
                0x00000000000010fe                __CALDCO_1MHZ = 0x10fe
                0x00000000000010ff                __CALBC1_1MHZ = 0x10ff

.hash
 *(.hash)

.dynsym
 *(.dynsym)

.dynstr
 *(.dynstr)

.gnu.version
 *(.gnu.version)

.gnu.version_d
 *(.gnu.version_d)

.gnu.version_r
 *(.gnu.version_r)

.rel.init
 *(.rel.init)

.rela.init
 *(.rela.init)

.rel.fini
 *(.rel.fini)

.rela.fini
 *(.rela.fini)

.rel.text
 *(.rel.text .rel.text.* .rel.gnu.linkonce.t.*)

.rela.text
 *(.rela.text .rela.text.* .rela.gnu.linkonce.t.*)

.rel.rodata
 *(.rel.rodata .rel.rodata.* .rel.gnu.linkonce.r.*)

.rela.rodata
 *(.rela.rodata .rela.rodata.* .rela.gnu.linkonce.r.*)

.rel.data
 *(.rel.data .rel.data.* .rel.gnu.linkonce.d.*)

.rela.data
 *(.rela.data .rela.data.* .rela.gnu.linkonce.d.*)

.rel.bss
 *(.rel.bss .rel.bss.* .rel.gnu.linkonce.b.*)

.rela.bss
 *(.rela.bss .rela.bss.* .rela.gnu.linkonce.b.*)

.rel.ctors
 *(.rel.ctors)

.rela.ctors
 *(.rela.ctors)

.rel.dtors
 *(.rel.dtors)

.rela.dtors
 *(.rela.dtors)

.rel.got
 *(.rel.got)

.rela.got
 *(.rela.got)

.rel.plt
 *(.rel.plt)

.rela.plt
 *(.rela.plt)

.text           0x0000000000003100     0x9eae
                0x0000000000003100                . = ALIGN (0x2)
 *(.init .init.*)
 *(.init0)
 .init0         0x0000000000003100        0x0 /usr/local/mspgcc-4.7.3/bin/../lib/gcc/msp430/4.7.3/mcpu-430x/mmpy-16/msr20/mc20/libcrt0.a(_reset_vector__.o)
                0x0000000000003100                _reset_vector__
 *(.init1)
 .init1         0x0000000000003100        0xc /usr/local/mspgcc-4.7.3/bin/../lib/gcc/msp430/4.7.3/mcpu-430x/mmpy-16/msr20/mc20/libcrt0.a(__watchdog_support.o)
                0x0000000000003100                __watchdog_support
 *(.init2)
 .init2         0x000000000000310c        0x4 /usr/local/mspgcc-4.7.3/bin/../lib/gcc/msp430/4.7.3/mcpu-430x/mmpy-16/msr20/mc20/libcrt0.a(__init_stack.o)
                0x000000000000310c                __init_stack
 *(.init3)
 .init3         0x0000000000003110        0x0 /usr/local/mspgcc-4.7.3/bin/../lib/gcc/msp430/4.7.3/mcpu-430x/mmpy-16/msr20/mc20/libcrt0.a(__low_level_init.o)
                0x0000000000003110                __low_level_init
 *(.init4)
 .init4         0x0000000000003110       0x18 /usr/local/mspgcc-4.7.3/bin/../lib/gcc/msp430/4.7.3/mcpu-430x/mmpy-16/msr20/mc20/libcrt0.a(_copy_data.o)
                0x0000000000003110                __do_copy_data
 .init4         0x0000000000003128       0x16 /usr/local/mspgcc-4.7.3/bin/../lib/gcc/msp430/4.7.3/mcpu-430x/mmpy-16/msr20/mc20/libcrt0.a(_clear_bss.o)
                0x0000000000003128                __do_clear_bss
 *(.init5)
 *(.init6)
 *(.init7)
 *(.init8)
 *(.init9)
 .init9         0x000000000000313e      0x342 obj_z1/contiki-z1-main.o
                0x000000000000313e                main
 *(.fini9)
 .fini9         0x0000000000003480        0x0 /usr/local/mspgcc-4.7.3/bin/../lib/gcc/msp430/4.7.3/mcpu-430x/mmpy-16/msr20/mc20/libcrt0.a(__stop_progExec__.o)
                0x0000000000003480                __stop_progExec__
 *(.fini8)
 *(.fini7)
 *(.fini6)
 *(.fini5)
 *(.fini4)
 *(.fini3)
 *(.fini2)
 *(.fini1)
 *(.fini0)
 .fini0         0x0000000000003480        0x6 /usr/local/mspgcc-4.7.3/bin/../lib/gcc/msp430/4.7.3/mcpu-430x/mmpy-16/msr20/mc20/libcrt0.a(_endless_loop__.o)
                0x0000000000003480                _endless_loop__
 *(.fini .fini.*)
                0x0000000000003486                . = ALIGN (0x2)
                0x0000000000003486                __ctors_start = .
 *(.ctors)
                0x0000000000003486                __ctors_end = .
                0x0000000000003486                __dtors_start = .
 *(.dtors)
                0x0000000000003486                __dtors_end = .
                0x0000000000003486                . = ALIGN (0x2)
 *(.text .text.* .gnu.linkonce.t.*)
 .text          0x0000000000003486        0x4 /usr/local/mspgcc-4.7.3/bin/../lib/gcc/msp430/4.7.3/mcpu-430x/mmpy-16/msr20/mc20/crt0ivtbl32.o
                0x0000000000003486                __isr_14
                0x0000000000003486                __isr_4
                0x0000000000003486                __isr_29
                0x0000000000003486                __isr_11
                0x0000000000003486                __isr_5
                0x0000000000003486                __isr_2
                0x0000000000003486                __isr_10
                0x0000000000003486                __isr_7
                0x0000000000003486                __isr_0
                0x0000000000003486                __isr_28
                0x0000000000003486                __isr_8
                0x0000000000003486                __isr_20
                0x0000000000003486                __isr_3
                0x0000000000003486                __isr_12
                0x0000000000003486                __isr_13
                0x0000000000003486                __isr_27
                0x0000000000003486                __isr_9
                0x0000000000003486                __isr_30
                0x0000000000003486                __isr_6
                0x0000000000003486                __isr_22
                0x0000000000003486                __isr_1
                0x0000000000003486                __isr_15
                0x0000000000003486                __isr_21
 .text.libgcc   0x000000000000348a       0x26 /usr/local/mspgcc-4.7.3/bin/../lib/gcc/msp430/4.7.3/mcpu-430x/mmpy-16/msr20/mc20/libgcc.a(_mulsi3.o)
                0x000000000000348a                __mulsi3
 .text.libgcc   0x00000000000034b0       0x22 /usr/local/mspgcc-4.7.3/bin/../lib/gcc/msp430/4.7.3/mcpu-430x/mmpy-16/msr20/mc20/libgcc.a(_udivmod16.o)
                0x00000000000034b0                __udivhi3
                0x00000000000034b0                __ext_udivmod16
                0x00000000000034ca                __umodhi3
 .text.libgcc   0x00000000000034d2       0x3a /usr/local/mspgcc-4.7.3/bin/../lib/gcc/msp430/4.7.3/mcpu-430x/mmpy-16/msr20/mc20/libgcc.a(_divmod16.o)
                0x00000000000034d2                __ext_divmod16
                0x00000000000034d2                __divhi3
                0x0000000000003504                __modhi3
 .text.libgcc   0x000000000000350c       0x38 /usr/local/mspgcc-4.7.3/bin/../lib/gcc/msp430/4.7.3/mcpu-430x/mmpy-16/msr20/mc20/libgcc.a(_udivmod32.o)
                0x000000000000350c                __udivsi3
                0x000000000000350c                __ext_udivmod32
                0x000000000000353a                __umodsi3
 .text.libgcc   0x0000000000003544       0x4c /usr/local/mspgcc-4.7.3/bin/../lib/gcc/msp430/4.7.3/mcpu-430x/mmpy-16/msr20/mc20/libgcc.a(_divmod32.o)
                0x0000000000003544                __ext_divmod32
                0x0000000000003544                __divsi3
                0x0000000000003586                __modsi3
 .text.libgcc   0x0000000000003590       0xbc /usr/local/mspgcc-4.7.3/bin/../lib/gcc/msp430/4.7.3/mcpu-430x/mmpy-16/msr20/mc20/libgcc.a(_udivmod64.o)
                0x0000000000003590                __xabi_udivmod64
                0x00000000000035e2                __udivdi3
                0x00000000000035fc                __umoddi3
                0x000000000000361e                __udivmoddi4
 .text.crt0     0x000000000000364c        0x2 /usr/local/mspgcc-4.7.3/bin/../lib/gcc/msp430/4.7.3/mcpu-430x/mmpy-16/msr20/mc20/libcrt0.a(_unexpected_.o)
                0x000000000000364c                _unexpected_
 *(.near.text .near.text.*)
 .near.text.watchdog_interrupt
                0x000000000000364e        0x6 contiki-z1.a(watchdog.o)
                0x000000000000364e                __isr_26
                0x000000000000364e                watchdog_interrupt
 .near.text.irq_p2
                0x0000000000003654       0x76 contiki-z1.a(button-sensor.o)
                0x0000000000003654                irq_p2
                0x0000000000003654                __isr_19
 .near.text.uart0_rx_interrupt
                0x00000000000036ca       0x64 contiki-z1.a(uart0.o)
                0x00000000000036ca                __isr_23
                0x00000000000036ca                uart0_rx_interrupt
 .near.text.port1_isr
                0x000000000000372e       0xbe contiki-z1.a(adxl345.o)
                0x000000000000372e                port1_isr
                0x000000000000372e                __isr_18
 .near.text.timera1
                0x00000000000037ec      0x10a contiki-z1.a(clock.o)
                0x00000000000037ec                __isr_24
                0x00000000000037ec                timera1
 .near.text.timera0
                0x00000000000038f6       0x5c contiki-z1.a(rtimer-arch.o)
                0x00000000000038f6                __isr_25
                0x00000000000038f6                timera0
 .near.text.i2c_tx_interrupt
                0x0000000000003952       0x84 contiki-z1.a(i2cmaster.o)
                0x0000000000003952                __isr_16
                0x0000000000003952                i2c_tx_interrupt
 .near.text.i2c_rx_interrupt
                0x00000000000039d6       0x14 contiki-z1.a(i2cmaster.o)
                0x00000000000039d6                i2c_rx_interrupt
                0x00000000000039d6                __isr_17
 .any.text.process_thread_udp_server_process
                0x00000000000039ea      0x1f2 udp-sink.co
 .any.text.collect_common_set_sink
                0x0000000000003bdc        0x2 udp-sink.co
                0x0000000000003bdc                collect_common_set_sink
 .any.text.collect_common_net_print
                0x0000000000003bde        0xa udp-sink.co
                0x0000000000003bde                collect_common_net_print
 .any.text.collect_common_send
                0x0000000000003be8        0x2 udp-sink.co
                0x0000000000003be8                collect_common_send
 .any.text.collect_common_net_init
                0x0000000000003bea       0x16 udp-sink.co
                0x0000000000003bea                collect_common_net_init
 .any.text.process_thread_collect_common_process
                0x0000000000003c00      0x1c6 obj_z1/collect-common.o
 .any.text.collect_common_recv
                0x0000000000003dc6       0xa8 obj_z1/collect-common.o
                0x0000000000003dc6                collect_common_recv
 .any.text.init_platform
                0x0000000000003e6e        0xc contiki-z1.a(contiki-z1-plat)
                0x0000000000003e6e                init_platform
 .any.text.msp430_init_dco
                0x0000000000003e7a       0x28 contiki-z1.a(msp430.o)
                0x0000000000003e7a                msp430_init_dco
 .any.text.splhigh_
                0x0000000000003ea2        0x8 contiki-z1.a(msp430.o)
                0x0000000000003ea2                splhigh_
 .any.text.msp430_sync_dco
                0x0000000000003eaa       0x6e contiki-z1.a(msp430.o)
                0x0000000000003eaa                msp430_sync_dco
 .any.text.msp430_cpu_init
                0x0000000000003f18       0x2e contiki-z1.a(msp430.o)
                0x0000000000003f18                msp430_cpu_init
 .any.text.show_leds
                0x0000000000003f46       0xe8 contiki-z1.a(leds.o)
 .any.text.leds_init
                0x000000000000402e        0xa contiki-z1.a(leds.o)
                0x000000000000402e                leds_init
 .any.text.leds_on
                0x0000000000004038        0xa contiki-z1.a(leds.o)
                0x0000000000004038                leds_on
 .any.text.leds_off
                0x0000000000004042        0xe contiki-z1.a(leds.o)
                0x0000000000004042                leds_off
 .any.text.leds_toggle
                0x0000000000004050        0xa contiki-z1.a(leds.o)
                0x0000000000004050                leds_toggle
 .any.text.leds_blink
                0x000000000000405a       0x20 contiki-z1.a(leds.o)
                0x000000000000405a                leds_blink
 .any.text.watchdog_start
                0x000000000000407a       0x14 contiki-z1.a(watchdog.o)
                0x000000000000407a                watchdog_start
 .any.text.watchdog_periodic
                0x000000000000408e       0x12 contiki-z1.a(watchdog.o)
                0x000000000000408e                watchdog_periodic
 .any.text.watchdog_stop
                0x00000000000040a0       0x16 contiki-z1.a(watchdog.o)
                0x00000000000040a0                watchdog_stop
 .any.text.watchdog_init
                0x00000000000040b6       0x12 contiki-z1.a(watchdog.o)
                0x00000000000040b6                watchdog_init
 .any.text.wait_ready
                0x00000000000040c8       0x46 contiki-z1.a(xmem.o)
 .any.text.xmem_init
                0x000000000000410e       0x1e contiki-z1.a(xmem.o)
                0x000000000000410e                xmem_init
 .any.text.xmem_pread
                0x000000000000412c       0xc0 contiki-z1.a(xmem.o)
                0x000000000000412c                xmem_pread
 .any.text.spi_init
                0x00000000000041ec       0x32 contiki-z1.a(spi.o)
                0x00000000000041ec                spi_init
 .any.text.get_object
                0x000000000000421e        0x4 contiki-z1.a(cc2420.o)
 .any.text.set_object
                0x0000000000004222        0x4 contiki-z1.a(cc2420.o)
 .any.text.strobe
                0x0000000000004226       0x1a contiki-z1.a(cc2420.o)
 .any.text.getreg
                0x0000000000004240       0x46 contiki-z1.a(cc2420.o)
 .any.text.setreg
                0x0000000000004286       0x44 contiki-z1.a(cc2420.o)
 .any.text.write_ram
                0x00000000000042ca       0x72 contiki-z1.a(cc2420.o)
 .any.text.write_fifo_buf
                0x000000000000433c       0x38 contiki-z1.a(cc2420.o)
 .any.text.get_status
                0x0000000000004374       0x1e contiki-z1.a(cc2420.o)
 .any.text.set_txpower
                0x0000000000004392       0x24 contiki-z1.a(cc2420.o)
 .any.text.cc2420_receiving_packet
                0x00000000000043b6        0xa contiki-z1.a(cc2420.o)
 .any.text.pending_packet
                0x00000000000043c0        0xa contiki-z1.a(cc2420.o)
 .any.text.on   0x00000000000043ca       0x26 contiki-z1.a(cc2420.o)
 .any.text.wait_for_transmission
                0x00000000000043f0       0x22 contiki-z1.a(cc2420.o)
 .any.text.wait_for_status
                0x0000000000004412       0x24 contiki-z1.a(cc2420.o)
 .any.text.getrxdata
                0x0000000000004436       0x4c contiki-z1.a(cc2420.o)
 .any.text.flushrx
                0x0000000000004482       0x1a contiki-z1.a(cc2420.o)
 .any.text.off  0x000000000000449c       0x5a contiki-z1.a(cc2420.o)
 .any.text.RELEASE_LOCK
                0x00000000000044f6       0x28 contiki-z1.a(cc2420.o)
 .any.text.set_frame_filtering
                0x000000000000451e       0x30 contiki-z1.a(cc2420.o)
 .any.text.set_auto_ack
                0x000000000000454e       0x30 contiki-z1.a(cc2420.o)
 .any.text.set_poll_mode
                0x000000000000457e       0x2c contiki-z1.a(cc2420.o)
 .any.text.cc2420_prepare
                0x00000000000045aa       0x38 contiki-z1.a(cc2420.o)
 .any.text.cc2420_on
                0x00000000000045e2       0x22 contiki-z1.a(cc2420.o)
                0x00000000000045e2                cc2420_on
 .any.text.cc2420_off
                0x0000000000004604       0x30 contiki-z1.a(cc2420.o)
                0x0000000000004604                cc2420_off
 .any.text.cc2420_cca
                0x0000000000004634       0x54 contiki-z1.a(cc2420.o)
 .any.text.cc2420_read
                0x0000000000004688       0xb8 contiki-z1.a(cc2420.o)
 .any.text.process_thread_cc2420_process
                0x0000000000004740       0x5c contiki-z1.a(cc2420.o)
 .any.text.cc2420_set_channel
                0x000000000000479c       0x3a contiki-z1.a(cc2420.o)
                0x000000000000479c                cc2420_set_channel
 .any.text.cc2420_set_pan_addr
                0x00000000000047d6       0x4c contiki-z1.a(cc2420.o)
                0x00000000000047d6                cc2420_set_pan_addr
 .any.text.cc2420_interrupt
                0x0000000000004822       0x16 contiki-z1.a(cc2420.o)
                0x0000000000004822                cc2420_interrupt
 .any.text.cc2420_set_txpower
                0x0000000000004838        0xe contiki-z1.a(cc2420.o)
                0x0000000000004838                cc2420_set_txpower
 .any.text.cc2420_get_txpower
                0x0000000000004846       0x1e contiki-z1.a(cc2420.o)
                0x0000000000004846                cc2420_get_txpower
 .any.text.cc2420_transmit
                0x0000000000004864      0x10e contiki-z1.a(cc2420.o)
 .any.text.cc2420_send
                0x0000000000004972       0x12 contiki-z1.a(cc2420.o)
 .any.text.cc2420_rssi
                0x0000000000004984       0x48 contiki-z1.a(cc2420.o)
                0x0000000000004984                cc2420_rssi
 .any.text.get_value
                0x00000000000049cc      0x104 contiki-z1.a(cc2420.o)
 .any.text.cc2420_set_cca_threshold
                0x0000000000004ad0       0x16 contiki-z1.a(cc2420.o)
                0x0000000000004ad0                cc2420_set_cca_threshold
 .any.text.set_value
                0x0000000000004ae6       0xb2 contiki-z1.a(cc2420.o)
 .any.text.cc2420_init
                0x0000000000004b98       0xea contiki-z1.a(cc2420.o)
                0x0000000000004b98                cc2420_init
 .any.text.cc2420_arch_init
                0x0000000000004c82       0x1a contiki-z1.a(cc2420-arch.o)
                0x0000000000004c82                cc2420_arch_init
 .any.text.node_id_restore
                0x0000000000004c9c       0x4c contiki-z1.a(node-id.o)
                0x0000000000004c9c                node_id_restore
 .any.text.process_thread_sensors_process
                0x0000000000004ce8       0xc2 contiki-z1.a(sensors.o)
 .any.text.sensors_changed
                0x0000000000004daa       0x2a contiki-z1.a(sensors.o)
                0x0000000000004daa                sensors_changed
 .any.text.status
                0x0000000000004dd4       0x18 contiki-z1.a(button-sensor.o)
 .any.text.value
                0x0000000000004dec       0x20 contiki-z1.a(button-sensor.o)
 .any.text.configure
                0x0000000000004e0c       0x4e contiki-z1.a(button-sensor.o)
 .any.text.uart0_active
                0x0000000000004e5a        0xe contiki-z1.a(uart0.o)
                0x0000000000004e5a                uart0_active
 .any.text.uart0_set_input
                0x0000000000004e68        0x6 contiki-z1.a(uart0.o)
                0x0000000000004e68                uart0_set_input
 .any.text.uart0_writeb
                0x0000000000004e6e       0x16 contiki-z1.a(uart0.o)
                0x0000000000004e6e                uart0_writeb
 .any.text.uart0_init
                0x0000000000004e84       0x40 contiki-z1.a(uart0.o)
                0x0000000000004e84                uart0_init
 .any.text.putchar
                0x0000000000004ec4       0x10 contiki-z1.a(uart0-putchar.o)
                0x0000000000004ec4                putchar
 .any.text.accm_write_reg
                0x0000000000004ed4       0x2e contiki-z1.a(adxl345.o)
 .any.text.accm_write_stream
                0x0000000000004f02       0x2a contiki-z1.a(adxl345.o)
 .any.text.accm_read_reg
                0x0000000000004f2c       0x54 contiki-z1.a(adxl345.o)
 .any.text.process_thread_accmeter_process
                0x0000000000004f80       0x56 contiki-z1.a(adxl345.o)
 .any.text.accm_init
                0x0000000000004fd6       0x78 contiki-z1.a(adxl345.o)
                0x0000000000004fd6                accm_init
 .any.text.clock_time
                0x000000000000504e       0x1a contiki-z1.a(clock.o)
                0x000000000000504e                clock_time
 .any.text.clock_init
                0x0000000000005068       0x28 contiki-z1.a(clock.o)
                0x0000000000005068                clock_init
 .any.text.clock_delay
                0x0000000000005090        0xc contiki-z1.a(clock.o)
                0x0000000000005090                clock_delay
 .any.text.clock_wait
                0x000000000000509c       0x24 contiki-z1.a(clock.o)
                0x000000000000509c                clock_wait
 .any.text.clock_seconds
                0x00000000000050c0       0x1a contiki-z1.a(clock.o)
                0x00000000000050c0                clock_seconds
 .any.text.leds_arch_init
                0x00000000000050da        0xe contiki-z1.a(leds-arch.o)
                0x00000000000050da                leds_arch_init
 .any.text.leds_arch_set
                0x00000000000050e8       0x38 contiki-z1.a(leds-arch.o)
                0x00000000000050e8                leds_arch_set
 .any.text.rtimer_arch_init
                0x0000000000005120        0xe contiki-z1.a(rtimer-arch.o)
                0x0000000000005120                rtimer_arch_init
 .any.text.rtimer_arch_now
                0x000000000000512e        0xe contiki-z1.a(rtimer-arch.o)
                0x000000000000512e                rtimer_arch_now
 .any.text.rtimer_arch_schedule
                0x000000000000513c        0x6 contiki-z1.a(rtimer-arch.o)
                0x000000000000513c                rtimer_arch_schedule
 .any.text.autostart_start
                0x0000000000005142       0x16 contiki-z1.a(autostart.o)
                0x0000000000005142                autostart_start
 .any.text.process_thread_ctimer_process
                0x0000000000005158       0xa0 contiki-z1.a(ctimer.o)
 .any.text.ctimer_init
                0x00000000000051f8       0x18 contiki-z1.a(ctimer.o)
                0x00000000000051f8                ctimer_init
 .any.text.ctimer_set_with_process
                0x0000000000005210       0x4a contiki-z1.a(ctimer.o)
                0x0000000000005210                ctimer_set_with_process
 .any.text.ctimer_set
                0x000000000000525a       0x10 contiki-z1.a(ctimer.o)
                0x000000000000525a                ctimer_set
 .any.text.ctimer_reset
                0x000000000000526a       0x2c contiki-z1.a(ctimer.o)
                0x000000000000526a                ctimer_reset
 .any.text.ctimer_restart
                0x0000000000005296       0x2c contiki-z1.a(ctimer.o)
                0x0000000000005296                ctimer_restart
 .any.text.ctimer_stop
                0x00000000000052c2       0x28 contiki-z1.a(ctimer.o)
                0x00000000000052c2                ctimer_stop
 .any.text.energest_init
                0x00000000000052ea       0x24 contiki-z1.a(energest.o)
                0x00000000000052ea                energest_init
 .any.text.energest_type_time
                0x000000000000530e       0x3c contiki-z1.a(energest.o)
                0x000000000000530e                energest_type_time
 .any.text.energest_type_set
                0x000000000000534a        0xc contiki-z1.a(energest.o)
                0x000000000000534a                energest_type_set
 .any.text.energest_flush
                0x0000000000005356       0x38 contiki-z1.a(energest.o)
                0x0000000000005356                energest_flush
 .any.text.update_time
                0x000000000000538e       0x70 contiki-z1.a(etimer.o)
 .any.text.etimer_request_poll
                0x00000000000053fe        0xa contiki-z1.a(etimer.o)
                0x00000000000053fe                etimer_request_poll
 .any.text.process_thread_etimer_process
                0x0000000000005408       0xc4 contiki-z1.a(etimer.o)
 .any.text.add_timer
                0x00000000000054cc       0x40 contiki-z1.a(etimer.o)
 .any.text.etimer_set
                0x000000000000550c       0x12 contiki-z1.a(etimer.o)
                0x000000000000550c                etimer_set
 .any.text.etimer_reset
                0x000000000000551e       0x12 contiki-z1.a(etimer.o)
                0x000000000000551e                etimer_reset
 .any.text.etimer_restart
                0x0000000000005530       0x12 contiki-z1.a(etimer.o)
                0x0000000000005530                etimer_restart
 .any.text.etimer_expired
                0x0000000000005542        0xe contiki-z1.a(etimer.o)
                0x0000000000005542                etimer_expired
 .any.text.etimer_expiration_time
                0x0000000000005550       0x14 contiki-z1.a(etimer.o)
                0x0000000000005550                etimer_expiration_time
 .any.text.etimer_pending
                0x0000000000005564        0xc contiki-z1.a(etimer.o)
                0x0000000000005564                etimer_pending
 .any.text.etimer_next_expiration_time
                0x0000000000005570       0x16 contiki-z1.a(etimer.o)
                0x0000000000005570                etimer_next_expiration_time
 .any.text.etimer_stop
                0x0000000000005586       0x3e contiki-z1.a(etimer.o)
                0x0000000000005586                etimer_stop
 .any.text.call_process
                0x00000000000055c4       0x40 contiki-z1.a(process.o)
 .any.text.exit_process
                0x0000000000005604       0x88 contiki-z1.a(process.o)
 .any.text.do_poll
                0x000000000000568c       0x30 contiki-z1.a(process.o)
 .any.text.process_alloc_event
                0x00000000000056bc        0xe contiki-z1.a(process.o)
                0x00000000000056bc                process_alloc_event
 .any.text.process_init
                0x00000000000056ca       0x1c contiki-z1.a(process.o)
                0x00000000000056ca                process_init
 .any.text.process_run
                0x00000000000056e6       0x8c contiki-z1.a(process.o)
                0x00000000000056e6                process_run
 .any.text.process_nevents
                0x0000000000005772        0xe contiki-z1.a(process.o)
                0x0000000000005772                process_nevents
 .any.text.process_post
                0x0000000000005780       0x4a contiki-z1.a(process.o)
                0x0000000000005780                process_post
 .any.text.process_post_synch
                0x00000000000057ca       0x12 contiki-z1.a(process.o)
                0x00000000000057ca                process_post_synch
 .any.text.process_start
                0x00000000000057dc       0x36 contiki-z1.a(process.o)
                0x00000000000057dc                process_start
 .any.text.process_poll
                0x0000000000005812       0x18 contiki-z1.a(process.o)
                0x0000000000005812                process_poll
 .any.text.rtimer_init
                0x000000000000582a        0x6 contiki-z1.a(rtimer.o)
                0x000000000000582a                rtimer_init
 .any.text.rtimer_run_next
                0x0000000000005830       0x26 contiki-z1.a(rtimer.o)
                0x0000000000005830                rtimer_run_next
 .any.text.timer_set
                0x0000000000005856       0x1c contiki-z1.a(timer.o)
                0x0000000000005856                timer_set
 .any.text.timer_reset
                0x0000000000005872        0xe contiki-z1.a(timer.o)
                0x0000000000005872                timer_reset
 .any.text.timer_restart
                0x0000000000005880       0x14 contiki-z1.a(timer.o)
                0x0000000000005880                timer_restart
 .any.text.timer_expired
                0x0000000000005894       0x2a contiki-z1.a(timer.o)
                0x0000000000005894                timer_expired
 .any.text.process_thread_serial_line_process
                0x00000000000058be       0x9e contiki-z1.a(serial-line.o)
 .any.text.serial_line_input_byte
                0x000000000000595c       0x4a contiki-z1.a(serial-line.o)
                0x000000000000595c                serial_line_input_byte
 .any.text.serial_line_init
                0x00000000000059a6       0x1c contiki-z1.a(serial-line.o)
                0x00000000000059a6                serial_line_init
 .any.text.list_init
                0x00000000000059c2        0x6 contiki-z1.a(list.o)
                0x00000000000059c2                list_init
 .any.text.list_head
                0x00000000000059c8        0x4 contiki-z1.a(list.o)
                0x00000000000059c8                list_head
 .any.text.list_tail
                0x00000000000059cc       0x12 contiki-z1.a(list.o)
                0x00000000000059cc                list_tail
 .any.text.list_remove
                0x00000000000059de       0x34 contiki-z1.a(list.o)
                0x00000000000059de                list_remove
 .any.text.list_push
                0x0000000000005a12       0x16 contiki-z1.a(list.o)
                0x0000000000005a12                list_push
 .any.text.list_add
                0x0000000000005a28       0x26 contiki-z1.a(list.o)
                0x0000000000005a28                list_add
 .any.text.list_length
                0x0000000000005a4e       0x10 contiki-z1.a(list.o)
                0x0000000000005a4e                list_length
 .any.text.list_item_next
                0x0000000000005a5e        0xc contiki-z1.a(list.o)
                0x0000000000005a5e                list_item_next
 .any.text.random_init
                0x0000000000005a6a        0x6 contiki-z1.a(random.o)
                0x0000000000005a6a                random_init
 .any.text.random_rand
                0x0000000000005a70        0x6 contiki-z1.a(random.o)
                0x0000000000005a70                random_rand
 .any.text.ringbuf_init
                0x0000000000005a76       0x14 contiki-z1.a(ringbuf.o)
                0x0000000000005a76                ringbuf_init
 .any.text.ringbuf_put
                0x0000000000005a8a       0x38 contiki-z1.a(ringbuf.o)
                0x0000000000005a8a                ringbuf_put
 .any.text.ringbuf_get
                0x0000000000005ac2       0x2e contiki-z1.a(ringbuf.o)
                0x0000000000005ac2                ringbuf_get
 .any.text.set_packet_attrs
                0x0000000000005af0       0x46 contiki-z1.a(sicslowpan.o)
 .any.text.addr_context_lookup_by_number
                0x0000000000005b36       0x30 contiki-z1.a(sicslowpan.o)
 .any.text.compress_addr_64
                0x0000000000005b66       0x9a contiki-z1.a(sicslowpan.o)
 .any.text.uncompress_addr
                0x0000000000005c00       0x96 contiki-z1.a(sicslowpan.o)
 .any.text.sicslowpan_init
                0x0000000000005c96       0x24 contiki-z1.a(sicslowpan.o)
                0x0000000000005c96                sicslowpan_init
 .any.text.addr_context_lookup_by_prefix
                0x0000000000005cba       0x4a contiki-z1.a(sicslowpan.o)
 .any.text.packet_sent
                0x0000000000005d04       0x22 contiki-z1.a(sicslowpan.o)
 .any.text.input
                0x0000000000005d26      0x41c contiki-z1.a(sicslowpan.o)
 .any.text.output
                0x0000000000006142      0x52a contiki-z1.a(sicslowpan.o)
 .any.text.chksum
                0x000000000000666c       0x32 contiki-z1.a(uip6.o)
 .any.text.upper_layer_chksum
                0x000000000000669e       0x56 contiki-z1.a(uip6.o)
 .any.text.ext_hdr_options_process
                0x00000000000066f4       0xc2 contiki-z1.a(uip6.o)
 .any.text.uip_icmp6chksum
                0x00000000000067b6        0xa contiki-z1.a(uip6.o)
                0x00000000000067b6                uip_icmp6chksum
 .any.text.uip_udpchksum
                0x00000000000067c0        0xa contiki-z1.a(uip6.o)
                0x00000000000067c0                uip_udpchksum
 .any.text.uip_init
                0x00000000000067ca       0x26 contiki-z1.a(uip6.o)
                0x00000000000067ca                uip_init
 .any.text.remove_ext_hdr
                0x00000000000067f0       0x50 contiki-z1.a(uip6.o)
                0x00000000000067f0                remove_ext_hdr
 .any.text.uip_udp_new
                0x0000000000006840       0xa2 contiki-z1.a(uip6.o)
                0x0000000000006840                uip_udp_new
 .any.text.uip_process
                0x00000000000068e2      0x498 contiki-z1.a(uip6.o)
                0x00000000000068e2                uip_process
 .any.text.uip_htonl
                0x0000000000006d7a       0x2a contiki-z1.a(uip6.o)
                0x0000000000006d7a                uip_htonl
 .any.text.uip_ds6_list_loop
                0x0000000000006da4       0x66 contiki-z1.a(uip-ds6.o)
                0x0000000000006da4                uip_ds6_list_loop
 .any.text.uip_ds6_prefix_add
                0x0000000000006e0a       0x70 contiki-z1.a(uip-ds6.o)
                0x0000000000006e0a                uip_ds6_prefix_add
 .any.text.uip_ds6_is_addr_onlink
                0x0000000000006e7a       0x42 contiki-z1.a(uip-ds6.o)
                0x0000000000006e7a                uip_ds6_is_addr_onlink
 .any.text.uip_ds6_addr_lookup
                0x0000000000006ebc       0x2a contiki-z1.a(uip-ds6.o)
                0x0000000000006ebc                uip_ds6_addr_lookup
 .any.text.uip_ds6_get_link_local
                0x0000000000006ee6       0x3e contiki-z1.a(uip-ds6.o)
                0x0000000000006ee6                uip_ds6_get_link_local
 .any.text.uip_ds6_maddr_add
                0x0000000000006f24       0x48 contiki-z1.a(uip-ds6.o)
                0x0000000000006f24                uip_ds6_maddr_add
 .any.text.uip_ds6_addr_add
                0x0000000000006f6c       0xb4 contiki-z1.a(uip-ds6.o)
                0x0000000000006f6c                uip_ds6_addr_add
 .any.text.uip_ds6_maddr_rm
                0x0000000000007020        0xa contiki-z1.a(uip-ds6.o)
                0x0000000000007020                uip_ds6_maddr_rm
 .any.text.uip_ds6_maddr_lookup
                0x000000000000702a       0x2a contiki-z1.a(uip-ds6.o)
                0x000000000000702a                uip_ds6_maddr_lookup
 .any.text.uip_ds6_addr_rm
                0x0000000000007054       0x54 contiki-z1.a(uip-ds6.o)
                0x0000000000007054                uip_ds6_addr_rm
 .any.text.uip_ds6_periodic
                0x00000000000070a8       0x46 contiki-z1.a(uip-ds6.o)
                0x00000000000070a8                uip_ds6_periodic
 .any.text.uip_ds6_set_addr_iid
                0x00000000000070ee       0x14 contiki-z1.a(uip-ds6.o)
                0x00000000000070ee                uip_ds6_set_addr_iid
 .any.text.get_match_length
                0x0000000000007102       0x3c contiki-z1.a(uip-ds6.o)
                0x0000000000007102                get_match_length
 .any.text.uip_ds6_select_src
                0x000000000000713e       0x9a contiki-z1.a(uip-ds6.o)
                0x000000000000713e                uip_ds6_select_src
 .any.text.uip_ds6_compute_reachable_time
                0x00000000000071d8       0x36 contiki-z1.a(uip-ds6.o)
                0x00000000000071d8                uip_ds6_compute_reachable_time
 .any.text.uip_ds6_init
                0x000000000000720e      0x138 contiki-z1.a(uip-ds6.o)
                0x000000000000720e                uip_ds6_init
 .any.text.uip_ds6_nbr_rm
                0x0000000000007346       0x1e contiki-z1.a(uip-ds6-nbr.o)
                0x0000000000007346                uip_ds6_nbr_rm
 .any.text.uip_ds6_neighbors_init
                0x0000000000007364       0x12 contiki-z1.a(uip-ds6-nbr.o)
                0x0000000000007364                uip_ds6_neighbors_init
 .any.text.uip_ds6_nbr_add
                0x0000000000007376       0x36 contiki-z1.a(uip-ds6-nbr.o)
                0x0000000000007376                uip_ds6_nbr_add
 .any.text.uip_ds6_nbr_get_ll
                0x00000000000073ac        0xc contiki-z1.a(uip-ds6-nbr.o)
                0x00000000000073ac                uip_ds6_nbr_get_ll
 .any.text.uip_ds6_nbr_lookup
                0x00000000000073b8       0x3e contiki-z1.a(uip-ds6-nbr.o)
                0x00000000000073b8                uip_ds6_nbr_lookup
 .any.text.uip_ds6_nbr_ll_lookup
                0x00000000000073f6        0xc contiki-z1.a(uip-ds6-nbr.o)
                0x00000000000073f6                uip_ds6_nbr_ll_lookup
 .any.text.uip_ds6_nbr_ipaddr_from_lladdr
                0x0000000000007402        0x6 contiki-z1.a(uip-ds6-nbr.o)
                0x0000000000007402                uip_ds6_nbr_ipaddr_from_lladdr
 .any.text.uip_ds6_nbr_lladdr_from_ipaddr
                0x0000000000007408       0x12 contiki-z1.a(uip-ds6-nbr.o)
                0x0000000000007408                uip_ds6_nbr_lladdr_from_ipaddr
 .any.text.uip_ds6_link_neighbor_callback
                0x000000000000741a       0x32 contiki-z1.a(uip-ds6-nbr.o)
                0x000000000000741a                uip_ds6_link_neighbor_callback
 .any.text.call_route_callback
                0x000000000000744c       0x40 contiki-z1.a(uip-ds6-route.o)
 .any.text.uip_ds6_route_init
                0x000000000000748c       0x36 contiki-z1.a(uip-ds6-route.o)
                0x000000000000748c                uip_ds6_route_init
 .any.text.uip_ds6_route_nexthop
                0x00000000000074c2       0x1a contiki-z1.a(uip-ds6-route.o)
                0x00000000000074c2                uip_ds6_route_nexthop
 .any.text.uip_ds6_route_head
                0x00000000000074dc        0xa contiki-z1.a(uip-ds6-route.o)
                0x00000000000074dc                uip_ds6_route_head
 .any.text.uip_ds6_route_next
                0x00000000000074e6        0xe contiki-z1.a(uip-ds6-route.o)
                0x00000000000074e6                uip_ds6_route_next
 .any.text.uip_ds6_route_is_nexthop
                0x00000000000074f4       0x22 contiki-z1.a(uip-ds6-route.o)
                0x00000000000074f4                uip_ds6_route_is_nexthop
 .any.text.uip_ds6_route_num_routes
                0x0000000000007516        0x6 contiki-z1.a(uip-ds6-route.o)
                0x0000000000007516                uip_ds6_route_num_routes
 .any.text.uip_ds6_route_lookup
                0x000000000000751c       0x6e contiki-z1.a(uip-ds6-route.o)
                0x000000000000751c                uip_ds6_route_lookup
 .any.text.uip_ds6_route_rm
                0x000000000000758a       0xa2 contiki-z1.a(uip-ds6-route.o)
                0x000000000000758a                uip_ds6_route_rm
 .any.text.rm_routelist
                0x000000000000762c       0x34 contiki-z1.a(uip-ds6-route.o)
 .any.text.rm_routelist_callback
                0x0000000000007660        0x6 contiki-z1.a(uip-ds6-route.o)
 .any.text.uip_ds6_route_add
                0x0000000000007666       0xfc contiki-z1.a(uip-ds6-route.o)
                0x0000000000007666                uip_ds6_route_add
 .any.text.uip_ds6_defrt_rm
                0x0000000000007762       0x44 contiki-z1.a(uip-ds6-route.o)
                0x0000000000007762                uip_ds6_defrt_rm
 .any.text.uip_ds6_defrt_lookup
                0x00000000000077a6       0x32 contiki-z1.a(uip-ds6-route.o)
                0x00000000000077a6                uip_ds6_defrt_lookup
 .any.text.uip_ds6_defrt_add
                0x00000000000077d8       0x68 contiki-z1.a(uip-ds6-route.o)
                0x00000000000077d8                uip_ds6_defrt_add
 .any.text.uip_ds6_defrt_choose
                0x0000000000007840       0x36 contiki-z1.a(uip-ds6-route.o)
                0x0000000000007840                uip_ds6_defrt_choose
 .any.text.uip_ds6_defrt_periodic
                0x0000000000007876       0x38 contiki-z1.a(uip-ds6-route.o)
                0x0000000000007876                uip_ds6_defrt_periodic
 .any.text.echo_reply_input
                0x00000000000078ae       0xaa contiki-z1.a(uip-icmp6.o)
 .any.text.echo_request_input
                0x0000000000007958       0xce contiki-z1.a(uip-icmp6.o)
 .any.text.uip_icmp6_input
                0x0000000000007a26       0x44 contiki-z1.a(uip-icmp6.o)
                0x0000000000007a26                uip_icmp6_input
 .any.text.uip_icmp6_register_input_handler
                0x0000000000007a6a        0xc contiki-z1.a(uip-icmp6.o)
                0x0000000000007a6a                uip_icmp6_register_input_handler
 .any.text.uip_icmp6_error_output
                0x0000000000007a76      0x172 contiki-z1.a(uip-icmp6.o)
                0x0000000000007a76                uip_icmp6_error_output
 .any.text.uip_icmp6_send
                0x0000000000007be8       0x88 contiki-z1.a(uip-icmp6.o)
                0x0000000000007be8                uip_icmp6_send
 .any.text.uip_icmp6_init
                0x0000000000007c70       0x12 contiki-z1.a(uip-icmp6.o)
                0x0000000000007c70                uip_icmp6_init
 .any.text.uip_nd6_init
                0x0000000000007c82        0x2 contiki-z1.a(uip-nd6.o)
                0x0000000000007c82                uip_nd6_init
 .any.text.tcpip_output
                0x0000000000007c84       0x10 contiki-z1.a(tcpip.o)
                0x0000000000007c84                tcpip_output
 .any.text.tcpip_set_outputfunc
                0x0000000000007c94        0x6 contiki-z1.a(tcpip.o)
                0x0000000000007c94                tcpip_set_outputfunc
 .any.text.udp_new
                0x0000000000007c9a       0x1a contiki-z1.a(tcpip.o)
                0x0000000000007c9a                udp_new
 .any.text.tcpip_input
                0x0000000000007cb4       0x16 contiki-z1.a(tcpip.o)
                0x0000000000007cb4                tcpip_input
 .any.text.tcpip_ipv6_output
                0x0000000000007cca       0xd4 contiki-z1.a(tcpip.o)
                0x0000000000007cca                tcpip_ipv6_output
 .any.text.process_thread_tcpip_process
                0x0000000000007d9e       0xd0 contiki-z1.a(tcpip.o)
 .any.text.tcpip_uipcall
                0x0000000000007e6e       0x2a contiki-z1.a(tcpip.o)
                0x0000000000007e6e                tcpip_uipcall
 .any.text.uip_debug_ipaddr_print
                0x0000000000007e98       0xbc contiki-z1.a(uip-debug.o)
                0x0000000000007e98                uip_debug_ipaddr_print
 .any.text.rpl_get_mode
                0x0000000000007f54        0x6 contiki-z1.a(rpl.o)
                0x0000000000007f54                rpl_get_mode
 .any.text.rpl_purge_routes
                0x0000000000007f5a       0x96 contiki-z1.a(rpl.o)
                0x0000000000007f5a                rpl_purge_routes
 .any.text.rpl_remove_routes
                0x0000000000007ff0       0x22 contiki-z1.a(rpl.o)
                0x0000000000007ff0                rpl_remove_routes
 .any.text.rpl_remove_routes_by_nexthop
                0x0000000000008012       0x3e contiki-z1.a(rpl.o)
                0x0000000000008012                rpl_remove_routes_by_nexthop
 .any.text.rpl_add_route
                0x0000000000008050       0x48 contiki-z1.a(rpl.o)
                0x0000000000008050                rpl_add_route
 .any.text.rpl_link_neighbor_callback
                0x0000000000008098       0x4c contiki-z1.a(rpl.o)
                0x0000000000008098                rpl_link_neighbor_callback
 .any.text.rpl_ipv6_neighbor_callback
                0x00000000000080e4       0x1e contiki-z1.a(rpl.o)
                0x00000000000080e4                rpl_ipv6_neighbor_callback
 .any.text.rpl_purge_dags
                0x0000000000008102       0x60 contiki-z1.a(rpl.o)
                0x0000000000008102                rpl_purge_dags
 .any.text.rpl_init
                0x0000000000008162       0x52 contiki-z1.a(rpl.o)
                0x0000000000008162                rpl_init
 .any.text.lollipop_greater_than
                0x00000000000081b4       0x3c contiki-z1.a(rpl-dag.o)
 .any.text.find_parent_any_dag_any_instance
                0x00000000000081f0       0x14 contiki-z1.a(rpl-dag.o)
 .any.text.rpl_set_preferred_parent
                0x0000000000008204       0x2c contiki-z1.a(rpl-dag.o)
 .any.text.set_ip_from_prefix
                0x0000000000008230       0x30 contiki-z1.a(rpl-dag.o)
 .any.text.check_prefix
                0x0000000000008260       0x70 contiki-z1.a(rpl-dag.o)
 .any.text.rpl_dag_init
                0x00000000000082d0        0xe contiki-z1.a(rpl-dag.o)
                0x00000000000082d0                rpl_dag_init
 .any.text.rpl_get_parent
                0x00000000000082de        0xc contiki-z1.a(rpl-dag.o)
                0x00000000000082de                rpl_get_parent
 .any.text.rpl_rank_via_parent
                0x00000000000082ea       0x2a contiki-z1.a(rpl-dag.o)
                0x00000000000082ea                rpl_rank_via_parent
 .any.text.rpl_get_parent_lladdr
                0x0000000000008314        0xc contiki-z1.a(rpl-dag.o)
                0x0000000000008314                rpl_get_parent_lladdr
 .any.text.rpl_get_parent_ipaddr
                0x0000000000008320        0xa contiki-z1.a(rpl-dag.o)
                0x0000000000008320                rpl_get_parent_ipaddr
 .any.text.rpl_get_parent_link_stats
                0x000000000000832a        0xa contiki-z1.a(rpl-dag.o)
                0x000000000000832a                rpl_get_parent_link_stats
 .any.text.rpl_parent_is_fresh
                0x0000000000008334        0xa contiki-z1.a(rpl-dag.o)
                0x0000000000008334                rpl_parent_is_fresh
 .any.text.best_parent
                0x000000000000833e       0x66 contiki-z1.a(rpl-dag.o)
 .any.text.rpl_parent_is_reachable
                0x00000000000083a4       0x4a contiki-z1.a(rpl-dag.o)
                0x00000000000083a4                rpl_parent_is_reachable
 .any.text.rpl_set_prefix
                0x00000000000083ee       0x74 contiki-z1.a(rpl-dag.o)
                0x00000000000083ee                rpl_set_prefix
 .any.text.rpl_set_default_route
                0x0000000000008462       0x46 contiki-z1.a(rpl-dag.o)
                0x0000000000008462                rpl_set_default_route
 .any.text.rpl_alloc_instance
                0x00000000000084a8       0x34 contiki-z1.a(rpl-dag.o)
                0x00000000000084a8                rpl_alloc_instance
 .any.text.rpl_add_parent
                0x00000000000084dc       0x4c contiki-z1.a(rpl-dag.o)
                0x00000000000084dc                rpl_add_parent
 .any.text.rpl_find_parent
                0x0000000000008528       0x1a contiki-z1.a(rpl-dag.o)
                0x0000000000008528                rpl_find_parent
 .any.text.rpl_find_parent_any_dag
                0x0000000000008542       0x22 contiki-z1.a(rpl-dag.o)
                0x0000000000008542                rpl_find_parent_any_dag
 .any.text.rpl_select_parent
                0x0000000000008564       0x62 contiki-z1.a(rpl-dag.o)
                0x0000000000008564                rpl_select_parent
 .any.text.rpl_select_dag
                0x00000000000085c6      0x196 contiki-z1.a(rpl-dag.o)
                0x00000000000085c6                rpl_select_dag
 .any.text.rpl_nullify_parent
                0x000000000000875c       0x5c contiki-z1.a(rpl-dag.o)
                0x000000000000875c                rpl_nullify_parent
 .any.text.rpl_remove_parent
                0x00000000000087b8       0x16 contiki-z1.a(rpl-dag.o)
                0x00000000000087b8                rpl_remove_parent
 .any.text.nbr_callback
                0x00000000000087ce        0x6 contiki-z1.a(rpl-dag.o)
 .any.text.remove_parents.constprop.6
                0x00000000000087d4       0x2c contiki-z1.a(rpl-dag.o)
 .any.text.rpl_free_dag
                0x0000000000008800       0x42 contiki-z1.a(rpl-dag.o)
                0x0000000000008800                rpl_free_dag
 .any.text.rpl_move_parent
                0x0000000000008842       0x60 contiki-z1.a(rpl-dag.o)
                0x0000000000008842                rpl_move_parent
 .any.text.rpl_get_any_dag
                0x00000000000088a2       0x16 contiki-z1.a(rpl-dag.o)
                0x00000000000088a2                rpl_get_any_dag
 .any.text.rpl_get_instance
                0x00000000000088b8       0x16 contiki-z1.a(rpl-dag.o)
                0x00000000000088b8                rpl_get_instance
 .any.text.rpl_alloc_dag
                0x00000000000088ce       0x62 contiki-z1.a(rpl-dag.o)
                0x00000000000088ce                rpl_alloc_dag
 .any.text.rpl_repair_root
                0x0000000000008930       0x54 contiki-z1.a(rpl-dag.o)
                0x0000000000008930                rpl_repair_root
 .any.text.rpl_find_of
                0x0000000000008984       0x10 contiki-z1.a(rpl-dag.o)
                0x0000000000008984                rpl_find_of
 .any.text.rpl_set_root
                0x0000000000008994      0x12e contiki-z1.a(rpl-dag.o)
                0x0000000000008994                rpl_set_root
 .any.text.rpl_join_instance
                0x0000000000008ac2      0x13c contiki-z1.a(rpl-dag.o)
                0x0000000000008ac2                rpl_join_instance
 .any.text.rpl_local_repair
                0x0000000000008bfe       0x80 contiki-z1.a(rpl-dag.o)
                0x0000000000008bfe                rpl_local_repair
 .any.text.rpl_process_parent_event
                0x0000000000008c7e       0xa8 contiki-z1.a(rpl-dag.o)
                0x0000000000008c7e                rpl_process_parent_event
 .any.text.rpl_recalculate_ranks
                0x0000000000008d26       0x44 contiki-z1.a(rpl-dag.o)
                0x0000000000008d26                rpl_recalculate_ranks
 .any.text.rpl_add_dag
                0x0000000000008d6a      0x104 contiki-z1.a(rpl-dag.o)
                0x0000000000008d6a                rpl_add_dag
 .any.text.rpl_process_dio
                0x0000000000008e6e      0x340 contiki-z1.a(rpl-dag.o)
                0x0000000000008e6e                rpl_process_dio
 .any.text.insert_hbh_header
                0x00000000000091ae       0x74 contiki-z1.a(rpl-ext-header.)
 .any.text.rpl_verify_hbh_header
                0x0000000000009222      0x106 contiki-z1.a(rpl-ext-header.)
                0x0000000000009222                rpl_verify_hbh_header
 .any.text.rpl_finalize_header
                0x0000000000009328       0x8e contiki-z1.a(rpl-ext-header.)
                0x0000000000009328                rpl_finalize_header
 .any.text.rpl_remove_header
                0x00000000000093b6       0x76 contiki-z1.a(rpl-ext-header.)
                0x00000000000093b6                rpl_remove_header
 .any.text.rpl_insert_header
                0x000000000000942c       0x28 contiki-z1.a(rpl-ext-header.)
                0x000000000000942c                rpl_insert_header
 .any.text.rpl_update_header
                0x0000000000009454       0xf2 contiki-z1.a(rpl-ext-header.)
                0x0000000000009454                rpl_update_header
 .any.text.get32
                0x0000000000009546       0x3e contiki-z1.a(rpl-icmp6.o)
 .any.text.set32
                0x0000000000009584       0x2a contiki-z1.a(rpl-icmp6.o)
 .any.text.get16
                0x00000000000095ae        0xe contiki-z1.a(rpl-icmp6.o)
 .any.text.set16
                0x00000000000095bc       0x10 contiki-z1.a(rpl-icmp6.o)
 .any.text.dao_ack_input
                0x00000000000095cc        0xa contiki-z1.a(rpl-icmp6.o)
 .any.text.dio_input
                0x00000000000095d6      0x3fc contiki-z1.a(rpl-icmp6.o)
 .any.text.rpl_icmp6_update_nbr_table
                0x00000000000099d2       0x5c contiki-z1.a(rpl-icmp6.o)
                0x00000000000099d2                rpl_icmp6_update_nbr_table
 .any.text.dao_input
                0x0000000000009a2e      0x458 contiki-z1.a(rpl-icmp6.o)
 .any.text.dis_output
                0x0000000000009e86       0x70 contiki-z1.a(rpl-icmp6.o)
                0x0000000000009e86                dis_output
 .any.text.dio_output
                0x0000000000009ef6      0x2c6 contiki-z1.a(rpl-icmp6.o)
                0x0000000000009ef6                dio_output
 .any.text.dis_input
                0x000000000000a1bc       0x96 contiki-z1.a(rpl-icmp6.o)
 .any.text.dao_output_target
                0x000000000000a252      0x16c contiki-z1.a(rpl-icmp6.o)
                0x000000000000a252                dao_output_target
 .any.text.dao_output
                0x000000000000a3be       0xa8 contiki-z1.a(rpl-icmp6.o)
                0x000000000000a3be                dao_output
 .any.text.rpl_icmp6_register_handlers
                0x000000000000a466       0x22 contiki-z1.a(rpl-icmp6.o)
                0x000000000000a466                rpl_icmp6_register_handlers
 .any.text.reset
                0x000000000000a488        0xa contiki-z1.a(rpl-mrhof.o)
 .any.text.parent_link_metric
                0x000000000000a492       0x10 contiki-z1.a(rpl-mrhof.o)
 .any.text.parent_path_cost
                0x000000000000a4a2       0x6a contiki-z1.a(rpl-mrhof.o)
 .any.text.update_metric_container
                0x000000000000a50c       0x92 contiki-z1.a(rpl-mrhof.o)
 .any.text.rank_via_parent
                0x000000000000a59e       0x4e contiki-z1.a(rpl-mrhof.o)
 .any.text.parent_is_acceptable
                0x000000000000a5ec       0x2a contiki-z1.a(rpl-mrhof.o)
 .any.text.parent_has_usable_link
                0x000000000000a616       0x14 contiki-z1.a(rpl-mrhof.o)
 .any.text.best_dag
                0x000000000000a62a       0x2e contiki-z1.a(rpl-mrhof.o)
 .any.text.best_parent
                0x000000000000a658       0x90 contiki-z1.a(rpl-mrhof.o)
 .any.text.handle_unicast_dio_timer
                0x000000000000a6e8       0x1c contiki-z1.a(rpl-timers.o)
 .any.text.new_dio_interval
                0x000000000000a704       0x96 contiki-z1.a(rpl-timers.o)
 .any.text.set_dao_lifetime_timer
                0x000000000000a79a       0x84 contiki-z1.a(rpl-timers.o)
 .any.text.handle_periodic_timer
                0x000000000000a81e       0x50 contiki-z1.a(rpl-timers.o)
 .any.text.schedule_dao
                0x000000000000a86e       0x72 contiki-z1.a(rpl-timers.o)
 .any.text.handle_dio_timer
                0x000000000000a8e0       0x8c contiki-z1.a(rpl-timers.o)
 .any.text.handle_dao_timer
                0x000000000000a96c       0x64 contiki-z1.a(rpl-timers.o)
 .any.text.rpl_reset_periodic_timer
                0x000000000000a9d0       0x54 contiki-z1.a(rpl-timers.o)
                0x000000000000a9d0                rpl_reset_periodic_timer
 .any.text.rpl_reset_dio_timer
                0x000000000000aa24       0x1c contiki-z1.a(rpl-timers.o)
                0x000000000000aa24                rpl_reset_dio_timer
 .any.text.rpl_schedule_dao
                0x000000000000aa40        0xc contiki-z1.a(rpl-timers.o)
                0x000000000000aa40                rpl_schedule_dao
 .any.text.rpl_schedule_unicast_dio_immediately
                0x000000000000aa4c       0x16 contiki-z1.a(rpl-timers.o)
                0x000000000000aa4c                rpl_schedule_unicast_dio_immediately
 .any.text.get_probing_delay
                0x000000000000aa62       0x40 contiki-z1.a(rpl-timers.o)
                0x000000000000aa62                get_probing_delay
 .any.text.get_probing_target
                0x000000000000aaa2       0xe2 contiki-z1.a(rpl-timers.o)
                0x000000000000aaa2                get_probing_target
 .any.text.rpl_schedule_probing
                0x000000000000ab84       0x26 contiki-z1.a(rpl-timers.o)
                0x000000000000ab84                rpl_schedule_probing
 .any.text.handle_probing_timer
                0x000000000000abaa       0x34 contiki-z1.a(rpl-timers.o)
 .any.text.linkaddr_copy
                0x000000000000abde        0x8 contiki-z1.a(linkaddr.o)
                0x000000000000abde                linkaddr_copy
 .any.text.linkaddr_cmp
                0x000000000000abe6       0x12 contiki-z1.a(linkaddr.o)
                0x000000000000abe6                linkaddr_cmp
 .any.text.linkaddr_set_node_addr
                0x000000000000abf8        0xc contiki-z1.a(linkaddr.o)
                0x000000000000abf8                linkaddr_set_node_addr
 .any.text.periodic
                0x000000000000ac04       0x2c contiki-z1.a(link-stats.o)
 .any.text.link_stats_from_lladdr
                0x000000000000ac30        0xc contiki-z1.a(link-stats.o)
                0x000000000000ac30                link_stats_from_lladdr
 .any.text.link_stats_is_fresh
                0x000000000000ac3c       0x32 contiki-z1.a(link-stats.o)
                0x000000000000ac3c                link_stats_is_fresh
 .any.text.link_stats_packet_sent
                0x000000000000ac6e       0xc4 contiki-z1.a(link-stats.o)
                0x000000000000ac6e                link_stats_packet_sent
 .any.text.link_stats_input_callback
                0x000000000000ad32       0xa6 contiki-z1.a(link-stats.o)
                0x000000000000ad32                link_stats_input_callback
 .any.text.link_stats_init
                0x000000000000add8       0x22 contiki-z1.a(link-stats.o)
                0x000000000000add8                link_stats_init
 .any.text.key_from_index
                0x000000000000adfa       0x18 contiki-z1.a(nbr-table.o)
 .any.text.item_from_index
                0x000000000000ae12       0x2a contiki-z1.a(nbr-table.o)
 .any.text.index_from_key
                0x000000000000ae3c       0x26 contiki-z1.a(nbr-table.o)
 .any.text.index_from_item
                0x000000000000ae62       0x1e contiki-z1.a(nbr-table.o)
 .any.text.nbr_set_bit
                0x000000000000ae80       0x50 contiki-z1.a(nbr-table.o)
 .any.text.index_from_lladdr
                0x000000000000aed0       0x3e contiki-z1.a(nbr-table.o)
 .any.text.nbr_get_bit.constprop.0
                0x000000000000af0e       0x2c contiki-z1.a(nbr-table.o)
 .any.text.remove_key
                0x000000000000af3a       0x56 contiki-z1.a(nbr-table.o)
 .any.text.nbr_table_register
                0x000000000000af90       0x26 contiki-z1.a(nbr-table.o)
                0x000000000000af90                nbr_table_register
 .any.text.nbr_table_next
                0x000000000000afb6       0x3a contiki-z1.a(nbr-table.o)
                0x000000000000afb6                nbr_table_next
 .any.text.nbr_table_head
                0x000000000000aff0       0x36 contiki-z1.a(nbr-table.o)
                0x000000000000aff0                nbr_table_head
 .any.text.nbr_table_add_lladdr
                0x000000000000b026       0xfc contiki-z1.a(nbr-table.o)
                0x000000000000b026                nbr_table_add_lladdr
 .any.text.nbr_table_get_from_lladdr
                0x000000000000b122       0x28 contiki-z1.a(nbr-table.o)
                0x000000000000b122                nbr_table_get_from_lladdr
 .any.text.nbr_table_remove
                0x000000000000b14a       0x2a contiki-z1.a(nbr-table.o)
                0x000000000000b14a                nbr_table_remove
 .any.text.nbr_table_lock
                0x000000000000b174       0x10 contiki-z1.a(nbr-table.o)
                0x000000000000b174                nbr_table_lock
 .any.text.nbr_table_unlock
                0x000000000000b184       0x10 contiki-z1.a(nbr-table.o)
                0x000000000000b184                nbr_table_unlock
 .any.text.nbr_table_get_lladdr
                0x000000000000b194       0x14 contiki-z1.a(nbr-table.o)
                0x000000000000b194                nbr_table_get_lladdr
 .any.text.net_debug_lladdr_print
                0x000000000000b1a8       0x3c contiki-z1.a(net-debug.o)
                0x000000000000b1a8                net_debug_lladdr_print
 .any.text.packetbuf_hdrreduce
                0x000000000000b1e4       0x1a contiki-z1.a(packetbuf.o)
                0x000000000000b1e4                packetbuf_hdrreduce
 .any.text.packetbuf_set_datalen
                0x000000000000b1fe        0x6 contiki-z1.a(packetbuf.o)
                0x000000000000b1fe                packetbuf_set_datalen
 .any.text.packetbuf_hdrptr
                0x000000000000b204        0x6 contiki-z1.a(packetbuf.o)
                0x000000000000b204                packetbuf_hdrptr
 .any.text.packetbuf_datalen
                0x000000000000b20a        0x6 contiki-z1.a(packetbuf.o)
                0x000000000000b20a                packetbuf_datalen
 .any.text.packetbuf_hdrlen
                0x000000000000b210        0xa contiki-z1.a(packetbuf.o)
                0x000000000000b210                packetbuf_hdrlen
 .any.text.packetbuf_dataptr
                0x000000000000b21a        0xc contiki-z1.a(packetbuf.o)
                0x000000000000b21a                packetbuf_dataptr
 .any.text.packetbuf_copyto
                0x000000000000b226       0x3a contiki-z1.a(packetbuf.o)
                0x000000000000b226                packetbuf_copyto
 .any.text.packetbuf_totlen
                0x000000000000b260        0xc contiki-z1.a(packetbuf.o)
                0x000000000000b260                packetbuf_totlen
 .any.text.packetbuf_hdralloc
                0x000000000000b26c       0x3c contiki-z1.a(packetbuf.o)
                0x000000000000b26c                packetbuf_hdralloc
 .any.text.packetbuf_attr_clear
                0x000000000000b2a8       0x28 contiki-z1.a(packetbuf.o)
                0x000000000000b2a8                packetbuf_attr_clear
 .any.text.packetbuf_clear
                0x000000000000b2d0       0x12 contiki-z1.a(packetbuf.o)
                0x000000000000b2d0                packetbuf_clear
 .any.text.packetbuf_copyfrom
                0x000000000000b2e2       0x2a contiki-z1.a(packetbuf.o)
                0x000000000000b2e2                packetbuf_copyfrom
 .any.text.packetbuf_attr_copyto
                0x000000000000b30c       0x22 contiki-z1.a(packetbuf.o)
                0x000000000000b30c                packetbuf_attr_copyto
 .any.text.packetbuf_attr_copyfrom
                0x000000000000b32e       0x24 contiki-z1.a(packetbuf.o)
                0x000000000000b32e                packetbuf_attr_copyfrom
 .any.text.packetbuf_holds_broadcast
                0x000000000000b352        0xe contiki-z1.a(packetbuf.o)
                0x000000000000b352                packetbuf_holds_broadcast
 .any.text.queuebuf_init
                0x000000000000b360       0x12 contiki-z1.a(queuebuf.o)
                0x000000000000b360                queuebuf_init
 .any.text.queuebuf_new_from_packetbuf
                0x000000000000b372       0x4e contiki-z1.a(queuebuf.o)
                0x000000000000b372                queuebuf_new_from_packetbuf
 .any.text.queuebuf_update_attr_from_packetbuf
                0x000000000000b3c0       0x12 contiki-z1.a(queuebuf.o)
                0x000000000000b3c0                queuebuf_update_attr_from_packetbuf
 .any.text.queuebuf_free
                0x000000000000b3d2       0x2a contiki-z1.a(queuebuf.o)
                0x000000000000b3d2                queuebuf_free
 .any.text.queuebuf_to_packetbuf
                0x000000000000b3fc       0x32 contiki-z1.a(queuebuf.o)
                0x000000000000b3fc                queuebuf_to_packetbuf
 .any.text.queuebuf_attr
                0x000000000000b42e        0xe contiki-z1.a(queuebuf.o)
                0x000000000000b42e                queuebuf_attr
 .any.text.input_packet
                0x000000000000b43c        0x6 contiki-z1.a(csma.o)
 .any.text.on   0x000000000000b442        0x6 contiki-z1.a(csma.o)
 .any.text.off  0x000000000000b448        0x6 contiki-z1.a(csma.o)
 .any.text.channel_check_interval
                0x000000000000b44e       0x10 contiki-z1.a(csma.o)
 .any.text.transmit_packet_list
                0x000000000000b45e       0x24 contiki-z1.a(csma.o)
 .any.text.schedule_transmission
                0x000000000000b482       0x84 contiki-z1.a(csma.o)
 .any.text.init
                0x000000000000b506       0x1a contiki-z1.a(csma.o)
 .any.text.tx_done
                0x000000000000b520       0x84 contiki-z1.a(csma.o)
 .any.text.send_packet
                0x000000000000b5a4      0x158 contiki-z1.a(csma.o)
 .any.text.packet_sent
                0x000000000000b6fc       0xca contiki-z1.a(csma.o)
 .any.text.create_frame.isra.0
                0x000000000000b7c6      0x114 contiki-z1.a(framer-802154.o)
 .any.text.create
                0x000000000000b8da        0x8 contiki-z1.a(framer-802154.o)
 .any.text.hdr_length
                0x000000000000b8e2        0x8 contiki-z1.a(framer-802154.o)
 .any.text.parse
                0x000000000000b8ea       0x9a contiki-z1.a(framer-802154.o)
 .any.text.mac_call_sent_callback
                0x000000000000b984       0x14 contiki-z1.a(mac.o)
                0x000000000000b984                mac_call_sent_callback
 .any.text.on   0x000000000000b998        0x6 contiki-z1.a(nullrdc.o)
 .any.text.channel_check_interval
                0x000000000000b99e        0x4 contiki-z1.a(nullrdc.o)
 .any.text.init
                0x000000000000b9a2        0x6 contiki-z1.a(nullrdc.o)
 .any.text.off  0x000000000000b9a8       0x10 contiki-z1.a(nullrdc.o)
 .any.text.packet_input
                0x000000000000b9b8       0x40 contiki-z1.a(nullrdc.o)
 .any.text.send_one_packet
                0x000000000000b9f8      0x114 contiki-z1.a(nullrdc.o)
 .any.text.send_list
                0x000000000000bb0c       0x28 contiki-z1.a(nullrdc.o)
 .any.text.send_packet
                0x000000000000bb34        0x6 contiki-z1.a(nullrdc.o)
 .any.text.init
                0x000000000000bb3a        0x2 contiki-z1.a(nullsec.o)
 .any.text.send
                0x000000000000bb3c        0xa contiki-z1.a(nullsec.o)
 .any.text.input
                0x000000000000bb46        0x6 contiki-z1.a(nullsec.o)
 .any.text.i2c_receiveinit
                0x000000000000bb4c       0x36 contiki-z1.a(i2cmaster.o)
                0x000000000000bb4c                i2c_receiveinit
 .any.text.i2c_transmitinit
                0x000000000000bb82       0x30 contiki-z1.a(i2cmaster.o)
                0x000000000000bb82                i2c_transmitinit
 .any.text.i2c_receive_n
                0x000000000000bbb2       0x3e contiki-z1.a(i2cmaster.o)
                0x000000000000bbb2                i2c_receive_n
 .any.text.i2c_busy
                0x000000000000bbf0        0xa contiki-z1.a(i2cmaster.o)
                0x000000000000bbf0                i2c_busy
 .any.text.i2c_enable
                0x000000000000bbfa       0x22 contiki-z1.a(i2cmaster.o)
                0x000000000000bbfa                i2c_enable
 .any.text.i2c_transmit_n
                0x000000000000bc1c       0x14 contiki-z1.a(i2cmaster.o)
                0x000000000000bc1c                i2c_transmit_n
 .any.text.stimer_set
                0x000000000000bc30       0x1c contiki-z1.a(stimer.o)
                0x000000000000bc30                stimer_set
 .any.text.stimer_expired
                0x000000000000bc4c       0x30 contiki-z1.a(stimer.o)
                0x000000000000bc4c                stimer_expired
 .any.text.memb_init
                0x000000000000bc7c       0x36 contiki-z1.a(memb.o)
                0x000000000000bc7c                memb_init
 .any.text.memb_alloc
                0x000000000000bcb2       0x3e contiki-z1.a(memb.o)
                0x000000000000bcb2                memb_alloc
 .any.text.memb_free
                0x000000000000bcf0       0x3a contiki-z1.a(memb.o)
                0x000000000000bcf0                memb_free
 .any.text.memb_inmemb
                0x000000000000bd2a       0x2a contiki-z1.a(memb.o)
                0x000000000000bd2a                memb_inmemb
 .any.text.update_nbr
                0x000000000000bd54       0xda contiki-z1.a(rpl-nbr-policy.)
 .any.text.handle_periodic_timer
                0x000000000000be2e        0xe contiki-z1.a(rpl-nbr-policy.)
 .any.text.find_removable_dis
                0x000000000000be3c       0x14 contiki-z1.a(rpl-nbr-policy.)
                0x000000000000be3c                find_removable_dis
 .any.text.find_removable_dio
                0x000000000000be50       0x3c contiki-z1.a(rpl-nbr-policy.)
                0x000000000000be50                find_removable_dio
 .any.text.find_removable_dao
                0x000000000000be8c       0x32 contiki-z1.a(rpl-nbr-policy.)
                0x000000000000be8c                find_removable_dao
 .any.text.rpl_nbr_policy_find_removable
                0x000000000000bebe       0x30 contiki-z1.a(rpl-nbr-policy.)
                0x000000000000bebe                rpl_nbr_policy_find_removable
 .any.text.frame802154_get_pan_id
                0x000000000000beee        0x6 contiki-z1.a(frame802154.o)
                0x000000000000beee                frame802154_get_pan_id
 .any.text.frame802154_has_panid
                0x000000000000bef4       0x78 contiki-z1.a(frame802154.o)
                0x000000000000bef4                frame802154_has_panid
 .any.text.field_len
                0x000000000000bf6c       0xa8 contiki-z1.a(frame802154.o)
 .any.text.frame802154_is_broadcast_addr
                0x000000000000c014       0x28 contiki-z1.a(frame802154.o)
                0x000000000000c014                frame802154_is_broadcast_addr
 .any.text.frame802154_hdrlen
                0x000000000000c03c       0x32 contiki-z1.a(frame802154.o)
                0x000000000000c03c                frame802154_hdrlen
 .any.text.frame802154_create
                0x000000000000c06e      0x136 contiki-z1.a(frame802154.o)
                0x000000000000c06e                frame802154_create
 .any.text.frame802154_parse
                0x000000000000c1a4      0x1be contiki-z1.a(frame802154.o)
                0x000000000000c1a4                frame802154_parse
 .any.text.mac_sequence_is_duplicate
                0x000000000000c362       0x3c contiki-z1.a(mac-sequence.o)
                0x000000000000c362                mac_sequence_is_duplicate
 .any.text.mac_sequence_register_seqno
                0x000000000000c39e       0x6a contiki-z1.a(mac-sequence.o)
                0x000000000000c39e                mac_sequence_register_seqno
 .any.text.printf
                0x000000000000c408       0x10 /usr/local/mspgcc-4.7.3/bin/../lib/gcc/msp430/4.7.3/../../../../msp430/lib/mcpu-430x/mmpy-16/msr20/mc20/libc.a(printf.o)
                0x000000000000c408                printf
 .any.text.print_field
                0x000000000000c418      0x176 /usr/local/mspgcc-4.7.3/bin/../lib/gcc/msp430/4.7.3/../../../../msp430/lib/mcpu-430x/mmpy-16/msr20/mc20/libc.a(vuprintf.o)
 .any.text.vuprintf
                0x000000000000c58e      0x742 /usr/local/mspgcc-4.7.3/bin/../lib/gcc/msp430/4.7.3/../../../../msp430/lib/mcpu-430x/mmpy-16/msr20/mc20/libc.a(vuprintf.o)
                0x000000000000c58e                vuprintf
 .any.text.puts
                0x000000000000ccd0       0x2c /usr/local/mspgcc-4.7.3/bin/../lib/gcc/msp430/4.7.3/../../../../msp430/lib/mcpu-430x/mmpy-16/msr20/mc20/libc.a(puts.o)
                0x000000000000ccd0                puts
 .any.text.rand
                0x000000000000ccfc       0x26 /usr/local/mspgcc-4.7.3/bin/../lib/gcc/msp430/4.7.3/../../../../msp430/lib/mcpu-430x/mmpy-16/msr20/mc20/libc.a(rand.o)
                0x000000000000ccfc                rand
 .any.text.srand
                0x000000000000cd22        0xa /usr/local/mspgcc-4.7.3/bin/../lib/gcc/msp430/4.7.3/../../../../msp430/lib/mcpu-430x/mmpy-16/msr20/mc20/libc.a(rand.o)
                0x000000000000cd22                srand
 .any.text.strncmp
                0x000000000000cd2c       0x2a /usr/local/mspgcc-4.7.3/bin/../lib/gcc/msp430/4.7.3/../../../../msp430/lib/mcpu-430x/mmpy-16/msr20/mc20/libc.a(strncmp.o)
                0x000000000000cd2c                strncmp
 .any.text.memcmp
                0x000000000000cd56       0x2c /usr/local/mspgcc-4.7.3/bin/../lib/gcc/msp430/4.7.3/../../../../msp430/lib/mcpu-430x/mmpy-16/msr20/mc20/libc.a(memcmp.o)
                0x000000000000cd56                memcmp
 .any.text.memcpy
                0x000000000000cd82       0xe8 /usr/local/mspgcc-4.7.3/bin/../lib/gcc/msp430/4.7.3/../../../../msp430/lib/mcpu-430x/mmpy-16/msr20/mc20/libc.a(memcpy.o)
                0x000000000000cd82                memcpy
 .any.text.memmove
                0x000000000000ce6a       0xe8 /usr/local/mspgcc-4.7.3/bin/../lib/gcc/msp430/4.7.3/../../../../msp430/lib/mcpu-430x/mmpy-16/msr20/mc20/libc.a(memmove.o)
                0x000000000000ce6a                memmove
 .any.text.memset
                0x000000000000cf52       0x5c /usr/local/mspgcc-4.7.3/bin/../lib/gcc/msp430/4.7.3/../../../../msp430/lib/mcpu-430x/mmpy-16/msr20/mc20/libc.a(memset.o)
                0x000000000000cf52                memset

.rodata         0x000000000000cfb0      0xdf5
                0x000000000000cfb0                . = ALIGN (0x2)
 *(.rodata .rodata.* .gnu.linkonce.r.*)
 .rodata.process_thread_udp_server_process
                0x000000000000cfb0       0xc3 udp-sink.co
 .rodata.collect_common_net_print
                0x000000000000d073        0xb udp-sink.co
 .rodata.autostart_processes
                0x000000000000d07e        0x6 udp-sink.co
                0x000000000000d07e                autostart_processes
 .rodata        0x000000000000d084       0x13 udp-sink.co
 .rodata.process_thread_collect_common_process
                0x000000000000d097       0x98 obj_z1/collect-common.o
 .rodata.collect_common_recv
                0x000000000000d12f       0x1f obj_z1/collect-common.o
 .rodata        0x000000000000d14e       0x17 obj_z1/collect-common.o
 .rodata        0x000000000000d165      0x115 obj_z1/contiki-z1-main.o
 *fill*         0x000000000000d27a        0x2 00
 .rodata.get_value
                0x000000000000d27c       0x44 contiki-z1.a(cc2420.o)
 .rodata.set_value
                0x000000000000d2c0       0x20 contiki-z1.a(cc2420.o)
 .rodata.cc2420_driver
                0x000000000000d2e0       0x38 contiki-z1.a(cc2420.o)
                0x000000000000d2e0                cc2420_driver
 .rodata        0x000000000000d318        0xe contiki-z1.a(cc2420.o)
 .rodata.output_power
                0x000000000000d326       0x10 contiki-z1.a(cc2420.o)
 .rodata        0x000000000000d336        0x8 contiki-z1.a(sensors.o)
 .rodata        0x000000000000d33e        0x7 contiki-z1.a(button-sensor.o)
 *fill*         0x000000000000d345        0x1 00
 .rodata.button_sensor
                0x000000000000d346        0xe contiki-z1.a(button-sensor.o)
                0x000000000000d346                button_sensor
 .rodata        0x000000000000d354       0x25 contiki-z1.a(adxl345.o)
 .rodata        0x000000000000d379        0xf contiki-z1.a(ctimer.o)
 .rodata        0x000000000000d388        0xc contiki-z1.a(etimer.o)
 .rodata        0x000000000000d394        0xe contiki-z1.a(serial-line.o)
 .rodata        0x000000000000d3a2        0xb contiki-z1.a(sicslowpan.o)
 *fill*         0x000000000000d3ad        0x1 00
 .rodata.sicslowpan_driver
                0x000000000000d3ae        0xa contiki-z1.a(sicslowpan.o)
                0x000000000000d3ae                sicslowpan_driver
 .rodata.llprefix
                0x000000000000d3b8        0x2 contiki-z1.a(sicslowpan.o)
                0x000000000000d3b8                llprefix
 .rodata.unc_mxconf
                0x000000000000d3ba        0x4 contiki-z1.a(sicslowpan.o)
                0x000000000000d3ba                unc_mxconf
 .rodata.unc_ctxconf
                0x000000000000d3be        0x4 contiki-z1.a(sicslowpan.o)
                0x000000000000d3be                unc_ctxconf
 .rodata.unc_llconf
                0x000000000000d3c2        0x4 contiki-z1.a(sicslowpan.o)
                0x000000000000d3c2                unc_llconf
 .rodata.ttl_values
                0x000000000000d3c6        0x4 contiki-z1.a(sicslowpan.o)
 .rodata        0x000000000000d3ca        0xd contiki-z1.a(tcpip.o)
 .rodata.uip_debug_ipaddr_print
                0x000000000000d3d7       0x28 contiki-z1.a(uip-debug.o)
 .rodata.dio_input
                0x000000000000d3ff      0x2a8 contiki-z1.a(rpl-icmp6.o)
 .rodata.rpl_icmp6_update_nbr_table
                0x000000000000d6a7       0x2a contiki-z1.a(rpl-icmp6.o)
 .rodata.dao_input
                0x000000000000d6d1      0x2c8 contiki-z1.a(rpl-icmp6.o)
 .rodata.dis_output
                0x000000000000d999       0x17 contiki-z1.a(rpl-icmp6.o)
 .rodata.dio_output
                0x000000000000d9b0       0xdc contiki-z1.a(rpl-icmp6.o)
 .rodata.dis_input
                0x000000000000da8c       0x99 contiki-z1.a(rpl-icmp6.o)
 .rodata.dao_output_target
                0x000000000000db25      0x12f contiki-z1.a(rpl-icmp6.o)
 .rodata.dao_output
                0x000000000000dc54       0x3b contiki-z1.a(rpl-icmp6.o)
 .rodata.reset  0x000000000000dc8f       0x11 contiki-z1.a(rpl-mrhof.o)
 .rodata.parent_path_cost
                0x000000000000dca0        0xf contiki-z1.a(rpl-mrhof.o)
 .rodata.update_metric_container
                0x000000000000dcaf       0x59 contiki-z1.a(rpl-mrhof.o)
 .rodata.best_parent
                0x000000000000dd08       0x10 contiki-z1.a(rpl-mrhof.o)
 .rodata.linkaddr_null
                0x000000000000dd18        0x8 contiki-z1.a(linkaddr.o)
                0x000000000000dd18                linkaddr_null
 .rodata.net_debug_lladdr_print
                0x000000000000dd20       0x14 contiki-z1.a(net-debug.o)
 .rodata        0x000000000000dd34        0x5 contiki-z1.a(csma.o)
 *fill*         0x000000000000dd39        0x1 00
 .rodata.csma_driver
                0x000000000000dd3a       0x1a contiki-z1.a(csma.o)
                0x000000000000dd3a                csma_driver
 .rodata.framer_802154
                0x000000000000dd54        0xc contiki-z1.a(framer-802154.o)
                0x000000000000dd54                framer_802154
 .rodata        0x000000000000dd60        0x8 contiki-z1.a(nullrdc.o)
 .rodata.nullrdc_driver
                0x000000000000dd68       0x1e contiki-z1.a(nullrdc.o)
                0x000000000000dd68                nullrdc_driver
 .rodata        0x000000000000dd86        0x8 contiki-z1.a(nullsec.o)
 .rodata.nullsec_driver
                0x000000000000dd8e        0xe contiki-z1.a(nullsec.o)
                0x000000000000dd8e                nullsec_driver
 .rodata.CSWTCH.16
                0x000000000000dd9c        0x2 contiki-z1.a(frame802154.o)
 .rodata.vuprintf
                0x000000000000dd9e        0x7 /usr/local/mspgcc-4.7.3/bin/../lib/gcc/msp430/4.7.3/../../../../msp430/lib/mcpu-430x/mmpy-16/msr20/mc20/libc.a(vuprintf.o)
 *(.near.rodata .near.rodata.*)
                0x000000000000dda6                . = ALIGN (0x2)