Archive member included because of file (symbol)

contiki-z1.a(contiki-z1-plat)
                              obj_z1/contiki-z1-main.o (init_platform)
contiki-z1.a(msp430.o)        obj_z1/contiki-z1-main.o (splhigh_)
contiki-z1.a(leds.o)          obj_z1/contiki-z1-main.o (leds_init)
contiki-z1.a(watchdog.o)      obj_z1/contiki-z1-main.o (watchdog_start)
contiki-z1.a(xmem.o)          obj_z1/contiki-z1-main.o (xmem_init)
contiki-z1.a(spi.o)           contiki-z1.a(xmem.o) (spi_init)
contiki-z1.a(cc2420.o)        obj_z1/contiki-z1-main.o (cc2420_set_pan_addr)
contiki-z1.a(cc2420-arch.o)   contiki-z1.a(cc2420.o) (cc2420_arch_init)
contiki-z1.a(node-id.o)       obj_z1/contiki-z1-main.o (node_id_restore)
contiki-z1.a(sensors.o)       contiki-z1.a(contiki-z1-plat) (sensors_process)
contiki-z1.a(button-sensor.o)
                              obj_z1/contiki-z1-main.o (button_sensor)
contiki-z1.a(uart0.o)         obj_z1/contiki-z1-main.o (uart0_active)
contiki-z1.a(uart0-putchar.o)
                              udp-client.co (putchar)
contiki-z1.a(adxl345.o)       obj_z1/contiki-z1-main.o (accm_init)
contiki-z1.a(clock.o)         udp-client.co (clock_time)
contiki-z1.a(leds-arch.o)     contiki-z1.a(leds.o) (leds_arch_init)
contiki-z1.a(rtimer-arch.o)   obj_z1/contiki-z1-main.o (rtimer_arch_now)
contiki-z1.a(autostart.o)     obj_z1/contiki-z1-main.o (autostart_start)
contiki-z1.a(ctimer.o)        obj_z1/contiki-z1-main.o (ctimer_init)
contiki-z1.a(energest.o)      obj_z1/contiki-z1-main.o (energest_init)
contiki-z1.a(etimer.o)        contiki-z1.a(clock.o) (etimer_request_poll)
contiki-z1.a(process.o)       udp-client.co (process_current)
contiki-z1.a(rtimer.o)        obj_z1/contiki-z1-main.o (rtimer_init)
contiki-z1.a(stimer.o)        udp-client.co (stimer_remaining)
contiki-z1.a(timer.o)         contiki-z1.a(button-sensor.o) (timer_set)
contiki-z1.a(serial-line.o)   udp-client.co (serial_line_event_message)
contiki-z1.a(list.o)          contiki-z1.a(ctimer.o) (list_init)
contiki-z1.a(random.o)        obj_z1/contiki-z1-main.o (random_init)
contiki-z1.a(ringbuf.o)       contiki-z1.a(serial-line.o) (ringbuf_init)
contiki-z1.a(sicslowpan.o)    obj_z1/contiki-z1-main.o (sicslowpan_driver)
contiki-z1.a(uip6.o)          contiki-z1.a(sicslowpan.o) (uip_aligned_buf)
contiki-z1.a(uip-ds6.o)       contiki-z1.a(uip6.o) (uip_ds6_is_addr_onlink)
contiki-z1.a(uip-ds6-nbr.o)   contiki-z1.a(uip-ds6.o) (uip_ds6_neighbors_init)
contiki-z1.a(uip-ds6-route.o)
                              contiki-z1.a(uip-ds6.o) (uip_ds6_route_init)
contiki-z1.a(uip-icmp6.o)     contiki-z1.a(uip6.o) (uip_icmp6_input)
contiki-z1.a(uip-nd6.o)       contiki-z1.a(uip6.o) (uip_nd6_init)
contiki-z1.a(tcpip.o)         contiki-z1.a(sicslowpan.o) (tcpip_set_outputfunc)
contiki-z1.a(uip-debug.o)     udp-client.co (uip_debug_ipaddr_print)
contiki-z1.a(uip-udp-packet.)
                              udp-client.co (uip_udp_packet_sendto)
contiki-z1.a(rpl.o)           contiki-z1.a(uip-ds6-nbr.o) (rpl_link_neighbor_callback)
contiki-z1.a(rpl-dag.o)       contiki-z1.a(rpl.o) (rpl_dag_init)
contiki-z1.a(rpl-ext-header.)
                              contiki-z1.a(uip6.o) (rpl_verify_hbh_header)
contiki-z1.a(rpl-icmp6.o)     contiki-z1.a(rpl-dag.o) (rpl_icmp6_update_nbr_table)
contiki-z1.a(rpl-mrhof.o)     contiki-z1.a(rpl-dag.o) (rpl_mrhof)
contiki-z1.a(rpl-timers.o)    contiki-z1.a(rpl.o) (rpl_reset_periodic_timer)
contiki-z1.a(linkaddr.o)      obj_z1/contiki-z1-main.o (linkaddr_copy)
contiki-z1.a(link-stats.o)    contiki-z1.a(rpl-dag.o) (link_stats_from_lladdr)
contiki-z1.a(nbr-table.o)     contiki-z1.a(uip-ds6-nbr.o) (nbr_table_register)
contiki-z1.a(net-debug.o)     contiki-z1.a(rpl-icmp6.o) (net_debug_lladdr_print)
contiki-z1.a(packetbuf.o)     contiki-z1.a(cc2420.o) (packetbuf_set_datalen)
contiki-z1.a(queuebuf.o)      obj_z1/contiki-z1-main.o (queuebuf_init)
contiki-z1.a(csma.o)          obj_z1/contiki-z1-main.o (csma_driver)
contiki-z1.a(framer-802154.o)
                              contiki-z1.a(sicslowpan.o) (framer_802154)
contiki-z1.a(mac.o)           contiki-z1.a(csma.o) (mac_call_sent_callback)
contiki-z1.a(nullrdc.o)       obj_z1/contiki-z1-main.o (nullrdc_driver)
contiki-z1.a(nullsec.o)       contiki-z1.a(sicslowpan.o) (nullsec_driver)
contiki-z1.a(i2cmaster.o)     contiki-z1.a(adxl345.o) (i2c_receiveinit)
contiki-z1.a(memb.o)          contiki-z1.a(uip-ds6-route.o) (memb_init)
contiki-z1.a(rpl-nbr-policy.)
                              contiki-z1.a(nbr-table.o) (rpl_nbr_policy_find_removable)
contiki-z1.a(frame802154.o)   contiki-z1.a(framer-802154.o) (frame802154_get_pan_id)
contiki-z1.a(mac-sequence.o)  contiki-z1.a(nullrdc.o) (mac_sequence_is_duplicate)
/usr/local/mspgcc-4.7.3/bin/../lib/gcc/msp430/4.7.3/mcpu-430x/mmpy-16/msr20/mc20/libgcc.a(_mulsi3.o)
                              contiki-z1.a(rpl-timers.o) (__mulsi3)
/usr/local/mspgcc-4.7.3/bin/../lib/gcc/msp430/4.7.3/mcpu-430x/mmpy-16/msr20/mc20/libgcc.a(_udivmod16.o)
[...]
Memory Configuration

Name             Origin             Length             Attributes
sfr              0x0000000000000000 0x0000000000000010
peripheral_8bit  0x0000000000000010 0x00000000000000f0
peripheral_16bit 0x0000000000000100 0x0000000000000100
ram_mirror       0x0000000000000200 0x0000000000000800 xw
infomem          0x0000000000001000 0x0000000000000100
infod            0x0000000000001000 0x0000000000000040
infoc            0x0000000000001040 0x0000000000000040
infob            0x0000000000001080 0x0000000000000040
infoa            0x00000000000010c0 0x0000000000000040
ram              0x0000000000001100 0x0000000000002000 xw
rom              0x0000000000003100 0x000000000000cebe xr
vectors          0x000000000000ffc0 0x0000000000000040
far_rom          0x0000000000010000 0x000000000000a000
bsl              0x0000000000000000 0x0000000000000000
ram2             0x0000000000000000 0x0000000000000000 xw
usbram           0x0000000000000000 0x0000000000000000 xw
*default*        0x0000000000000000 0xffffffffffffffff

Linker script and memory map

LOAD /usr/local/mspgcc-4.7.3/bin/../lib/gcc/msp430/4.7.3/mcpu-430x/mmpy-16/msr20/mc20/crt0ivtbl32.o
                0x0000000000000041                __P1SEL2 = 0x41
                0x0000000000000045                __P5SEL2 = 0x45
LOAD udp-client.co
LOAD obj_z1/contiki-z1-main.o
LOAD contiki-z1.a
LOAD /usr/local/mspgcc-4.7.3/bin/../lib/gcc/msp430/4.7.3/mcpu-430x/mmpy-16/msr20/mc20/libgcc.a
LOAD /usr/local/mspgcc-4.7.3/bin/../lib/gcc/msp430/4.7.3/../../../../msp430/lib/mcpu-430x/mmpy-16/msr20/mc20/libc.a
LOAD /usr/local/mspgcc-4.7.3/bin/../lib/gcc/msp430/4.7.3/mcpu-430x/mmpy-16/msr20/mc20/libgcc.a
LOAD /usr/local/mspgcc-4.7.3/bin/../lib/gcc/msp430/4.7.3/mcpu-430x/mmpy-16/msr20/mc20/libcrt0.a
                0x0000000000000040                PROVIDE (__info_segment_size, 0x40)
                0x0000000000001000                PROVIDE (__infod, 0x1000)
                0x0000000000001040                PROVIDE (__infoc, 0x1040)
                0x0000000000001080                PROVIDE (__infob, 0x1080)
                0x00000000000010c0                PROVIDE (__infoa, 0x10c0)
                0x0000000000000000                __IE1 = 0x0
                0x0000000000000002                __IFG1 = 0x2
                0x0000000000000001                __IE2 = 0x1
                0x0000000000000003                __IFG2 = 0x3
                0x0000000000000006                __UC1IE = 0x6
                0x0000000000000007                __UC1IFG = 0x7
                0x00000000000001a0                __ADC12CTL0 = 0x1a0
                0x00000000000001a2                __ADC12CTL1 = 0x1a2
                0x00000000000001a4                __ADC12IFG = 0x1a4
                0x00000000000001a6                __ADC12IE = 0x1a6
                0x00000000000001a8                __ADC12IV = 0x1a8
                0x0000000000000140                __ADC12MEM0 = 0x140
                0x0000000000000142                __ADC12MEM1 = 0x142
                0x0000000000000144                __ADC12MEM2 = 0x144
                0x0000000000000146                __ADC12MEM3 = 0x146
                0x0000000000000148                __ADC12MEM4 = 0x148
                0x000000000000014a                __ADC12MEM5 = 0x14a
                0x000000000000014c                __ADC12MEM6 = 0x14c
                0x000000000000014e                __ADC12MEM7 = 0x14e
                0x0000000000000150                __ADC12MEM8 = 0x150
                0x0000000000000152                __ADC12MEM9 = 0x152
                0x0000000000000154                __ADC12MEM10 = 0x154
                0x0000000000000156                __ADC12MEM11 = 0x156
                0x0000000000000158                __ADC12MEM12 = 0x158
                0x000000000000015a                __ADC12MEM13 = 0x15a
                0x000000000000015c                __ADC12MEM14 = 0x15c
                0x000000000000015e                __ADC12MEM15 = 0x15e
                0x0000000000000080                __ADC12MCTL0 = 0x80
                0x0000000000000081                __ADC12MCTL1 = 0x81
                0x0000000000000082                __ADC12MCTL2 = 0x82
                0x0000000000000083                __ADC12MCTL3 = 0x83
                0x0000000000000084                __ADC12MCTL4 = 0x84
                0x0000000000000085                __ADC12MCTL5 = 0x85
                0x0000000000000086                __ADC12MCTL6 = 0x86
                0x0000000000000087                __ADC12MCTL7 = 0x87
                0x0000000000000088                __ADC12MCTL8 = 0x88
                0x0000000000000089                __ADC12MCTL9 = 0x89
                0x000000000000008a                __ADC12MCTL10 = 0x8a
                0x000000000000008b                __ADC12MCTL11 = 0x8b
                0x000000000000008c                __ADC12MCTL12 = 0x8c
                0x000000000000008d                __ADC12MCTL13 = 0x8d
                0x000000000000008e                __ADC12MCTL14 = 0x8e
                0x000000000000008f                __ADC12MCTL15 = 0x8f
                0x0000000000000056                __DCOCTL = 0x56
                0x0000000000000057                __BCSCTL1 = 0x57
                0x0000000000000058                __BCSCTL2 = 0x58
                0x0000000000000053                __BCSCTL3 = 0x53
                0x0000000000000059                __CACTL1 = 0x59
                0x000000000000005a                __CACTL2 = 0x5a
                0x000000000000005b                __CAPD = 0x5b
                0x00000000000001c0                __DAC12_0CTL = 0x1c0
                0x00000000000001c2                __DAC12_1CTL = 0x1c2
                0x00000000000001c8                __DAC12_0DAT = 0x1c8
                0x00000000000001ca                __DAC12_1DAT = 0x1ca
                0x0000000000000122                __DMACTL0 = 0x122
                0x0000000000000124                __DMACTL1 = 0x124
                0x0000000000000126                __DMAIV = 0x126
                0x00000000000001d0                __DMA0CTL = 0x1d0
                0x00000000000001dc                __DMA1CTL = 0x1dc
                0x00000000000001e8                __DMA2CTL = 0x1e8
                0x00000000000001d2                __DMA0SA = 0x1d2
                0x00000000000001d2                __DMA0SAL = 0x1d2
                0x00000000000001d6                __DMA0DA = 0x1d6
                0x00000000000001d6                __DMA0DAL = 0x1d6
                0x00000000000001da                __DMA0SZ = 0x1da
                0x00000000000001de                __DMA1SA = 0x1de
                0x00000000000001de                __DMA1SAL = 0x1de
                0x00000000000001e2                __DMA1DA = 0x1e2
                0x00000000000001e2                __DMA1DAL = 0x1e2
                0x00000000000001e6                __DMA1SZ = 0x1e6
                0x00000000000001ea                __DMA2SA = 0x1ea
                0x00000000000001ea                __DMA2SAL = 0x1ea
                0x00000000000001ee                __DMA2DA = 0x1ee
                0x00000000000001ee                __DMA2DAL = 0x1ee
                0x00000000000001f2                __DMA2SZ = 0x1f2
                0x0000000000000128                __FCTL1 = 0x128
                0x000000000000012a                __FCTL2 = 0x12a
                0x000000000000012c                __FCTL3 = 0x12c
                0x00000000000001be                __FCTL4 = 0x1be
                0x0000000000000130                __MPY = 0x130
                0x0000000000000132                __MPYS = 0x132
                0x0000000000000134                __MAC = 0x134
                0x0000000000000136                __MACS = 0x136
                0x0000000000000138                __OP2 = 0x138
                0x000000000000013a                __RESLO = 0x13a
                0x000000000000013c                __RESHI = 0x13c
                0x000000000000013e                __SUMEXT = 0x13e
                0x0000000000000020                __P1IN = 0x20
                0x0000000000000021                __P1OUT = 0x21
                0x0000000000000022                __P1DIR = 0x22
                0x0000000000000023                __P1IFG = 0x23
                0x0000000000000024                __P1IES = 0x24
                0x0000000000000025                __P1IE = 0x25
                0x0000000000000026                __P1SEL = 0x26
                0x0000000000000027                __P1REN = 0x27
                0x0000000000000028                __P2IN = 0x28
                0x0000000000000029                __P2OUT = 0x29
                0x000000000000002a                __P2DIR = 0x2a
                0x000000000000002b                __P2IFG = 0x2b
                0x000000000000002c                __P2IES = 0x2c
                0x000000000000002d                __P2IE = 0x2d
                0x000000000000002e                __P2SEL = 0x2e
                0x000000000000002f                __P2REN = 0x2f
                0x0000000000000018                __P3IN = 0x18
                0x0000000000000019                __P3OUT = 0x19
                0x000000000000001a                __P3DIR = 0x1a
                0x000000000000001b                __P3SEL = 0x1b
                0x0000000000000010                __P3REN = 0x10
                0x000000000000001c                __P4IN = 0x1c
                0x000000000000001d                __P4OUT = 0x1d
                0x000000000000001e                __P4DIR = 0x1e
                0x000000000000001f                __P4SEL = 0x1f
                0x0000000000000011                __P4REN = 0x11
                0x0000000000000030                __P5IN = 0x30
                0x0000000000000031                __P5OUT = 0x31
                0x0000000000000032                __P5DIR = 0x32
                0x0000000000000033                __P5SEL = 0x33
                0x0000000000000012                __P5REN = 0x12
                0x0000000000000034                __P6IN = 0x34
                0x0000000000000035                __P6OUT = 0x35
                0x0000000000000036                __P6DIR = 0x36
                0x0000000000000037                __P6SEL = 0x37
                0x0000000000000013                __P6REN = 0x13
                0x0000000000000038                __P7IN = 0x38
                0x000000000000003a                __P7OUT = 0x3a
                0x000000000000003c                __P7DIR = 0x3c
                0x000000000000003e                __P7SEL = 0x3e
                0x0000000000000014                __P7REN = 0x14
                0x0000000000000039                __P8IN = 0x39
                0x000000000000003b                __P8OUT = 0x3b
                0x000000000000003d                __P8DIR = 0x3d
                0x000000000000003f                __P8SEL = 0x3f
                0x0000000000000015                __P8REN = 0x15
                0x0000000000000038                __PAIN = 0x38
                0x000000000000003a                __PAOUT = 0x3a
                0x000000000000003c                __PADIR = 0x3c
                0x000000000000003e                __PASEL = 0x3e
                0x0000000000000014                __PAREN = 0x14
                0x0000000000000055                __SVSCTL = 0x55
                0x000000000000012e                __TAIV = 0x12e
                0x0000000000000160                __TACTL = 0x160
                0x0000000000000162                __TACCTL0 = 0x162
                0x0000000000000164                __TACCTL1 = 0x164
                0x0000000000000166                __TACCTL2 = 0x166
                0x0000000000000170                __TAR = 0x170
                0x0000000000000172                __TACCR0 = 0x172
                0x0000000000000174                __TACCR1 = 0x174
                0x0000000000000176                __TACCR2 = 0x176
                0x000000000000011e                __TBIV = 0x11e
                0x0000000000000180                __TBCTL = 0x180
                0x0000000000000182                __TBCCTL0 = 0x182
                0x0000000000000184                __TBCCTL1 = 0x184
                0x0000000000000186                __TBCCTL2 = 0x186
                0x0000000000000188                __TBCCTL3 = 0x188
                0x000000000000018a                __TBCCTL4 = 0x18a
                0x000000000000018c                __TBCCTL5 = 0x18c
                0x000000000000018e                __TBCCTL6 = 0x18e
                0x0000000000000190                __TBR = 0x190
                0x0000000000000192                __TBCCR0 = 0x192
                0x0000000000000194                __TBCCR1 = 0x194
                0x0000000000000196                __TBCCR2 = 0x196
                0x0000000000000198                __TBCCR3 = 0x198
                0x000000000000019a                __TBCCR4 = 0x19a
                0x000000000000019c                __TBCCR5 = 0x19c
                0x000000000000019e                __TBCCR6 = 0x19e
                0x0000000000000060                __UCA0CTL0 = 0x60
                0x0000000000000061                __UCA0CTL1 = 0x61
                0x0000000000000062                __UCA0BR0 = 0x62
                0x0000000000000063                __UCA0BR1 = 0x63
                0x0000000000000064                __UCA0MCTL = 0x64
                0x0000000000000065                __UCA0STAT = 0x65
                0x0000000000000066                __UCA0RXBUF = 0x66
                0x0000000000000067                __UCA0TXBUF = 0x67
                0x000000000000005d                __UCA0ABCTL = 0x5d
                0x000000000000005e                __UCA0IRTCTL = 0x5e
                0x000000000000005f                __UCA0IRRCTL = 0x5f
                0x0000000000000068                __UCB0CTL0 = 0x68
                0x0000000000000069                __UCB0CTL1 = 0x69
                0x000000000000006a                __UCB0BR0 = 0x6a
                0x000000000000006b                __UCB0BR1 = 0x6b
                0x000000000000006c                __UCB0I2CIE = 0x6c
                0x000000000000006d                __UCB0STAT = 0x6d
                0x000000000000006e                __UCB0RXBUF = 0x6e
                0x000000000000006f                __UCB0TXBUF = 0x6f
                0x0000000000000118                __UCB0I2COA = 0x118
                0x000000000000011a                __UCB0I2CSA = 0x11a
                0x00000000000000d0                __UCA1CTL0 = 0xd0
                0x00000000000000d1                __UCA1CTL1 = 0xd1
                0x00000000000000d2                __UCA1BR0 = 0xd2
                0x00000000000000d3                __UCA1BR1 = 0xd3
                0x00000000000000d4                __UCA1MCTL = 0xd4
                0x00000000000000d5                __UCA1STAT = 0xd5
                0x00000000000000d6                __UCA1RXBUF = 0xd6
                0x00000000000000d7                __UCA1TXBUF = 0xd7
                0x00000000000000cd                __UCA1ABCTL = 0xcd
                0x00000000000000ce                __UCA1IRTCTL = 0xce
                0x00000000000000cf                __UCA1IRRCTL = 0xcf
                0x00000000000000d8                __UCB1CTL0 = 0xd8
                0x00000000000000d9                __UCB1CTL1 = 0xd9
                0x00000000000000da                __UCB1BR0 = 0xda
                0x00000000000000db                __UCB1BR1 = 0xdb
                0x00000000000000dc                __UCB1I2CIE = 0xdc
                0x00000000000000dd                __UCB1STAT = 0xdd
                0x00000000000000de                __UCB1RXBUF = 0xde
                0x00000000000000df                __UCB1TXBUF = 0xdf
                0x000000000000017c                __UCB1I2COA = 0x17c
                0x000000000000017e                __UCB1I2CSA = 0x17e
                0x0000000000000120                __WDTCTL = 0x120
                0x00000000000010c0                __TLV_CHECKSUM = 0x10c0
                0x00000000000010f6                __TLV_DCO_30_TAG = 0x10f6
                0x00000000000010f7                __TLV_DCO_30_LEN = 0x10f7
                0x00000000000010da                __TLV_ADC12_1_TAG = 0x10da
                0x00000000000010db                __TLV_ADC12_1_LEN = 0x10db
                0x00000000000010f8                __CALDCO_16MHZ = 0x10f8
                0x00000000000010f9                __CALBC1_16MHZ = 0x10f9
                0x00000000000010fa                __CALDCO_12MHZ = 0x10fa
                0x00000000000010fb                __CALBC1_12MHZ = 0x10fb
                0x00000000000010fc                __CALDCO_8MHZ = 0x10fc
                0x00000000000010fd                __CALBC1_8MHZ = 0x10fd
                0x00000000000010fe                __CALDCO_1MHZ = 0x10fe
                0x00000000000010ff                __CALBC1_1MHZ = 0x10ff

.hash
 *(.hash)

.dynsym
 *(.dynsym)

.dynstr
 *(.dynstr)

.gnu.version
 *(.gnu.version)

.gnu.version_d
 *(.gnu.version_d)

.gnu.version_r
 *(.gnu.version_r)

.rel.init
 *(.rel.init)

.rela.init
 *(.rela.init)

.rel.fini
 *(.rel.fini)

.rela.fini
 *(.rela.fini)

.rel.text
 *(.rel.text .rel.text.* .rel.gnu.linkonce.t.*)

.rela.text
 *(.rela.text .rela.text.* .rela.gnu.linkonce.t.*)

.rel.rodata
 *(.rel.rodata .rel.rodata.* .rel.gnu.linkonce.r.*)

.rela.rodata
 *(.rela.rodata .rela.rodata.* .rela.gnu.linkonce.r.*)

.rel.data
 *(.rel.data .rel.data.* .rel.gnu.linkonce.d.*)

.rela.data
 *(.rela.data .rela.data.* .rela.gnu.linkonce.d.*)

.rel.bss
 *(.rel.bss .rel.bss.* .rel.gnu.linkonce.b.*)

.rela.bss
 *(.rela.bss .rela.bss.* .rela.gnu.linkonce.b.*)

.rel.ctors
 *(.rel.ctors)

.rela.ctors
 *(.rela.ctors)

.rel.dtors
 *(.rel.dtors)

.rela.dtors
 *(.rela.dtors)

.rel.got
 *(.rel.got)

.rela.got
 *(.rela.got)

.rel.plt
 *(.rel.plt)

.rela.plt
 *(.rela.plt)

.text           0x0000000000003100     0x9c16
                0x0000000000003100                . = ALIGN (0x2)
 *(.init .init.*)
 *(.init0)
 .init0         0x0000000000003100        0x0 /usr/local/mspgcc-4.7.3/bin/../lib/gcc/msp430/4.7.3/mcpu-430x/mmpy-16/msr20/mc20/libcrt0.a(_reset_vector__.o)
                0x0000000000003100                _reset_vector__
 *(.init1)
 .init1         0x0000000000003100        0xc /usr/local/mspgcc-4.7.3/bin/../lib/gcc/msp430/4.7.3/mcpu-430x/mmpy-16/msr20/mc20/libcrt0.a(__watchdog_support.o)
                0x0000000000003100                __watchdog_support
 *(.init2)
 .init2         0x000000000000310c        0x4 /usr/local/mspgcc-4.7.3/bin/../lib/gcc/msp430/4.7.3/mcpu-430x/mmpy-16/msr20/mc20/libcrt0.a(__init_stack.o)
                0x000000000000310c                __init_stack
 *(.init3)
 .init3         0x0000000000003110        0x0 /usr/local/mspgcc-4.7.3/bin/../lib/gcc/msp430/4.7.3/mcpu-430x/mmpy-16/msr20/mc20/libcrt0.a(__low_level_init.o)
                0x0000000000003110                __low_level_init
 *(.init4)
 .init4         0x0000000000003110       0x18 /usr/local/mspgcc-4.7.3/bin/../lib/gcc/msp430/4.7.3/mcpu-430x/mmpy-16/msr20/mc20/libcrt0.a(_copy_data.o)
                0x0000000000003110                __do_copy_data
 .init4         0x0000000000003128       0x16 /usr/local/mspgcc-4.7.3/bin/../lib/gcc/msp430/4.7.3/mcpu-430x/mmpy-16/msr20/mc20/libcrt0.a(_clear_bss.o)
                0x0000000000003128                __do_clear_bss
 *(.init5)
 *(.init6)
 *(.init7)
 *(.init8)
 *(.init9)
 .init9         0x000000000000313e      0x342 obj_z1/contiki-z1-main.o
                0x000000000000313e                main
 *(.fini9)
 .fini9         0x0000000000003480        0x0 /usr/local/mspgcc-4.7.3/bin/../lib/gcc/msp430/4.7.3/mcpu-430x/mmpy-16/msr20/mc20/libcrt0.a(__stop_progExec__.o)
                0x0000000000003480                __stop_progExec__
 *(.fini8)
 *(.fini7)
 *(.fini6)
 *(.fini5)
 *(.fini4)
 *(.fini3)
 *(.fini2)
 *(.fini1)
 *(.fini0)
 .fini0         0x0000000000003480        0x6 /usr/local/mspgcc-4.7.3/bin/../lib/gcc/msp430/4.7.3/mcpu-430x/mmpy-16/msr20/mc20/libcrt0.a(_endless_loop__.o)
                0x0000000000003480                _endless_loop__
 *(.fini .fini.*)
                0x0000000000003486                . = ALIGN (0x2)
                0x0000000000003486                __ctors_start = .
 *(.ctors)
                0x0000000000003486                __ctors_end = .
                0x0000000000003486                __dtors_start = .
 *(.dtors)
                0x0000000000003486                __dtors_end = .
                0x0000000000003486                . = ALIGN (0x2)
 *(.text .text.* .gnu.linkonce.t.*)
 .text          0x0000000000003486        0x4 /usr/local/mspgcc-4.7.3/bin/../lib/gcc/msp430/4.7.3/mcpu-430x/mmpy-16/msr20/mc20/crt0ivtbl32.o
                0x0000000000003486                __isr_14
                0x0000000000003486                __isr_4
                0x0000000000003486                __isr_29
                0x0000000000003486                __isr_11
                0x0000000000003486                __isr_5
                0x0000000000003486                __isr_2
                0x0000000000003486                __isr_10
                0x0000000000003486                __isr_7
                0x0000000000003486                __isr_0
                0x0000000000003486                __isr_28
                0x0000000000003486                __isr_8
                0x0000000000003486                __isr_20
                0x0000000000003486                __isr_3
                0x0000000000003486                __isr_12
                0x0000000000003486                __isr_13
                0x0000000000003486                __isr_27
                0x0000000000003486                __isr_9
                0x0000000000003486                __isr_30
                0x0000000000003486                __isr_6
                0x0000000000003486                __isr_22
                0x0000000000003486                __isr_1
                0x0000000000003486                __isr_15
                0x0000000000003486                __isr_21
 .text.libgcc   0x000000000000348a       0x26 /usr/local/mspgcc-4.7.3/bin/../lib/gcc/msp430/4.7.3/mcpu-430x/mmpy-16/msr20/mc20/libgcc.a(_mulsi3.o)
                0x000000000000348a                __mulsi3
 .text.libgcc   0x00000000000034b0       0x22 /usr/local/mspgcc-4.7.3/bin/../lib/gcc/msp430/4.7.3/mcpu-430x/mmpy-16/msr20/mc20/libgcc.a(_udivmod16.o)
                0x00000000000034b0                __udivhi3
                0x00000000000034b0                __ext_udivmod16
                0x00000000000034ca                __umodhi3
 .text.libgcc   0x00000000000034d2       0x3a /usr/local/mspgcc-4.7.3/bin/../lib/gcc/msp430/4.7.3/mcpu-430x/mmpy-16/msr20/mc20/libgcc.a(_divmod16.o)
                0x00000000000034d2                __ext_divmod16
                0x00000000000034d2                __divhi3
                0x0000000000003504                __modhi3
 .text.libgcc   0x000000000000350c       0x38 /usr/local/mspgcc-4.7.3/bin/../lib/gcc/msp430/4.7.3/mcpu-430x/mmpy-16/msr20/mc20/libgcc.a(_udivmod32.o)
                0x000000000000350c                __udivsi3
                0x000000000000350c                __ext_udivmod32
                0x000000000000353a                __umodsi3
 .text.libgcc   0x0000000000003544       0x4c /usr/local/mspgcc-4.7.3/bin/../lib/gcc/msp430/4.7.3/mcpu-430x/mmpy-16/msr20/mc20/libgcc.a(_divmod32.o)
                0x0000000000003544                __ext_divmod32
                0x0000000000003544                __divsi3
                0x0000000000003586                __modsi3
 .text.libgcc   0x0000000000003590       0xbc /usr/local/mspgcc-4.7.3/bin/../lib/gcc/msp430/4.7.3/mcpu-430x/mmpy-16/msr20/mc20/libgcc.a(_udivmod64.o)
                0x0000000000003590                __xabi_udivmod64
                0x00000000000035e2                __udivdi3
                0x00000000000035fc                __umoddi3
                0x000000000000361e                __udivmoddi4
 .text.crt0     0x000000000000364c        0x2 /usr/local/mspgcc-4.7.3/bin/../lib/gcc/msp430/4.7.3/mcpu-430x/mmpy-16/msr20/mc20/libcrt0.a(_unexpected_.o)
                0x000000000000364c                _unexpected_
 *(.near.text .near.text.*)
 .near.text.watchdog_interrupt
                0x000000000000364e        0x6 contiki-z1.a(watchdog.o)
                0x000000000000364e                __isr_26
                0x000000000000364e                watchdog_interrupt
 .near.text.irq_p2
                0x0000000000003654       0x76 contiki-z1.a(button-sensor.o)
                0x0000000000003654                irq_p2
                0x0000000000003654                __isr_19
 .near.text.uart0_rx_interrupt
                0x00000000000036ca       0x64 contiki-z1.a(uart0.o)
                0x00000000000036ca                __isr_23
                0x00000000000036ca                uart0_rx_interrupt
 .near.text.port1_isr
                0x000000000000372e       0xbe contiki-z1.a(adxl345.o)
                0x000000000000372e                port1_isr
                0x000000000000372e                __isr_18
 .near.text.timera1
                0x00000000000037ec      0x10a contiki-z1.a(clock.o)
                0x00000000000037ec                __isr_24
                0x00000000000037ec                timera1
 .near.text.timera0
                0x00000000000038f6       0x5c contiki-z1.a(rtimer-arch.o)
                0x00000000000038f6                __isr_25
                0x00000000000038f6                timera0
 .near.text.i2c_tx_interrupt
                0x0000000000003952       0x84 contiki-z1.a(i2cmaster.o)
                0x0000000000003952                __isr_16
                0x0000000000003952                i2c_tx_interrupt
 .near.text.i2c_rx_interrupt
                0x00000000000039d6       0x14 contiki-z1.a(i2cmaster.o)
                0x00000000000039d6                i2c_rx_interrupt
                0x00000000000039d6                __isr_17
 .any.text.process_thread_udp_client_process
                0x00000000000039ea      0x35e udp-client.co
 .any.text.send_packet
                0x0000000000003d48       0x7a udp-client.co
 .any.text.init_platform
                0x0000000000003dc2        0xc contiki-z1.a(contiki-z1-plat)
                0x0000000000003dc2                init_platform
 .any.text.msp430_init_dco
                0x0000000000003dce       0x28 contiki-z1.a(msp430.o)
                0x0000000000003dce                msp430_init_dco
 .any.text.splhigh_
                0x0000000000003df6        0x8 contiki-z1.a(msp430.o)
                0x0000000000003df6                splhigh_
 .any.text.msp430_sync_dco
                0x0000000000003dfe       0x6e contiki-z1.a(msp430.o)
                0x0000000000003dfe                msp430_sync_dco
 .any.text.msp430_cpu_init
                0x0000000000003e6c       0x2e contiki-z1.a(msp430.o)
                0x0000000000003e6c                msp430_cpu_init
 .any.text.show_leds
                0x0000000000003e9a       0xe8 contiki-z1.a(leds.o)
 .any.text.leds_init
                0x0000000000003f82        0xa contiki-z1.a(leds.o)
                0x0000000000003f82                leds_init
 .any.text.leds_on
                0x0000000000003f8c        0xa contiki-z1.a(leds.o)
                0x0000000000003f8c                leds_on
 .any.text.leds_off
                0x0000000000003f96        0xe contiki-z1.a(leds.o)
                0x0000000000003f96                leds_off
 .any.text.watchdog_start
                0x0000000000003fa4       0x14 contiki-z1.a(watchdog.o)
                0x0000000000003fa4                watchdog_start
 .any.text.watchdog_periodic
                0x0000000000003fb8       0x12 contiki-z1.a(watchdog.o)
                0x0000000000003fb8                watchdog_periodic
 .any.text.watchdog_stop
                0x0000000000003fca       0x16 contiki-z1.a(watchdog.o)
                0x0000000000003fca                watchdog_stop
 .any.text.watchdog_init
                0x0000000000003fe0       0x12 contiki-z1.a(watchdog.o)
                0x0000000000003fe0                watchdog_init
 .any.text.wait_ready
                0x0000000000003ff2       0x46 contiki-z1.a(xmem.o)
 .any.text.xmem_init
                0x0000000000004038       0x1e contiki-z1.a(xmem.o)
                0x0000000000004038                xmem_init
 .any.text.xmem_pread
                0x0000000000004056       0xc0 contiki-z1.a(xmem.o)
                0x0000000000004056                xmem_pread
 .any.text.spi_init
                0x0000000000004116       0x32 contiki-z1.a(spi.o)
                0x0000000000004116                spi_init
 .any.text.get_object
                0x0000000000004148        0x4 contiki-z1.a(cc2420.o)
 .any.text.set_object
                0x000000000000414c        0x4 contiki-z1.a(cc2420.o)
 .any.text.strobe
                0x0000000000004150       0x1a contiki-z1.a(cc2420.o)
 .any.text.getreg
                0x000000000000416a       0x46 contiki-z1.a(cc2420.o)
 .any.text.setreg
                0x00000000000041b0       0x44 contiki-z1.a(cc2420.o)
 .any.text.write_ram
                0x00000000000041f4       0x72 contiki-z1.a(cc2420.o)
 .any.text.write_fifo_buf
                0x0000000000004266       0x38 contiki-z1.a(cc2420.o)
 .any.text.get_status
                0x000000000000429e       0x1e contiki-z1.a(cc2420.o)
 .any.text.set_txpower
                0x00000000000042bc       0x24 contiki-z1.a(cc2420.o)
 .any.text.cc2420_receiving_packet
                0x00000000000042e0        0xa contiki-z1.a(cc2420.o)
 .any.text.pending_packet
                0x00000000000042ea        0xa contiki-z1.a(cc2420.o)
 .any.text.on   0x00000000000042f4       0x26 contiki-z1.a(cc2420.o)
 .any.text.wait_for_transmission
                0x000000000000431a       0x22 contiki-z1.a(cc2420.o)
 .any.text.wait_for_status
                0x000000000000433c       0x24 contiki-z1.a(cc2420.o)
 .any.text.getrxdata
                0x0000000000004360       0x4c contiki-z1.a(cc2420.o)
 .any.text.flushrx
                0x00000000000043ac       0x1a contiki-z1.a(cc2420.o)
 .any.text.off  0x00000000000043c6       0x5a contiki-z1.a(cc2420.o)
 .any.text.RELEASE_LOCK
                0x0000000000004420       0x28 contiki-z1.a(cc2420.o)
 .any.text.set_frame_filtering
                0x0000000000004448       0x30 contiki-z1.a(cc2420.o)
 .any.text.set_auto_ack
                0x0000000000004478       0x30 contiki-z1.a(cc2420.o)
 .any.text.set_poll_mode
                0x00000000000044a8       0x2c contiki-z1.a(cc2420.o)
 .any.text.cc2420_prepare
                0x00000000000044d4       0x38 contiki-z1.a(cc2420.o)
 .any.text.cc2420_on
                0x000000000000450c       0x22 contiki-z1.a(cc2420.o)
                0x000000000000450c                cc2420_on
 .any.text.cc2420_off
                0x000000000000452e       0x30 contiki-z1.a(cc2420.o)
                0x000000000000452e                cc2420_off
 .any.text.cc2420_cca
                0x000000000000455e       0x54 contiki-z1.a(cc2420.o)
 .any.text.cc2420_read
                0x00000000000045b2       0xb8 contiki-z1.a(cc2420.o)
 .any.text.process_thread_cc2420_process
                0x000000000000466a       0x5c contiki-z1.a(cc2420.o)
 .any.text.cc2420_set_channel
                0x00000000000046c6       0x3a contiki-z1.a(cc2420.o)
                0x00000000000046c6                cc2420_set_channel
 .any.text.cc2420_set_pan_addr
                0x0000000000004700       0x4c contiki-z1.a(cc2420.o)
                0x0000000000004700                cc2420_set_pan_addr
 .any.text.cc2420_interrupt
                0x000000000000474c       0x16 contiki-z1.a(cc2420.o)
                0x000000000000474c                cc2420_interrupt
 .any.text.cc2420_set_txpower
                0x0000000000004762        0xe contiki-z1.a(cc2420.o)
                0x0000000000004762                cc2420_set_txpower
 .any.text.cc2420_get_txpower
                0x0000000000004770       0x1e contiki-z1.a(cc2420.o)
                0x0000000000004770                cc2420_get_txpower
 .any.text.cc2420_transmit
                0x000000000000478e      0x10e contiki-z1.a(cc2420.o)
 .any.text.cc2420_send
                0x000000000000489c       0x12 contiki-z1.a(cc2420.o)
 .any.text.cc2420_rssi
                0x00000000000048ae       0x48 contiki-z1.a(cc2420.o)
                0x00000000000048ae                cc2420_rssi
 .any.text.get_value
                0x00000000000048f6      0x104 contiki-z1.a(cc2420.o)
 .any.text.cc2420_set_cca_threshold
                0x00000000000049fa       0x16 contiki-z1.a(cc2420.o)
                0x00000000000049fa                cc2420_set_cca_threshold
 .any.text.set_value
                0x0000000000004a10       0xb2 contiki-z1.a(cc2420.o)
 .any.text.cc2420_init
                0x0000000000004ac2       0xea contiki-z1.a(cc2420.o)
                0x0000000000004ac2                cc2420_init
 .any.text.cc2420_arch_init
                0x0000000000004bac       0x1a contiki-z1.a(cc2420-arch.o)
                0x0000000000004bac                cc2420_arch_init
 .any.text.node_id_restore
                0x0000000000004bc6       0x4c contiki-z1.a(node-id.o)
                0x0000000000004bc6                node_id_restore
 .any.text.process_thread_sensors_process
                0x0000000000004c12       0xc2 contiki-z1.a(sensors.o)
 .any.text.sensors_changed
                0x0000000000004cd4       0x2a contiki-z1.a(sensors.o)
                0x0000000000004cd4                sensors_changed
 .any.text.status
                0x0000000000004cfe       0x18 contiki-z1.a(button-sensor.o)
 .any.text.value
                0x0000000000004d16       0x20 contiki-z1.a(button-sensor.o)
 .any.text.configure
                0x0000000000004d36       0x4e contiki-z1.a(button-sensor.o)
 .any.text.uart0_active
                0x0000000000004d84        0xe contiki-z1.a(uart0.o)
                0x0000000000004d84                uart0_active
 .any.text.uart0_writeb
                0x0000000000004d92       0x16 contiki-z1.a(uart0.o)
                0x0000000000004d92                uart0_writeb
 .any.text.uart0_init
                0x0000000000004da8       0x40 contiki-z1.a(uart0.o)
                0x0000000000004da8                uart0_init
 .any.text.putchar
                0x0000000000004de8       0x10 contiki-z1.a(uart0-putchar.o)
                0x0000000000004de8                putchar
 .any.text.accm_write_reg
                0x0000000000004df8       0x2e contiki-z1.a(adxl345.o)
 .any.text.accm_write_stream
                0x0000000000004e26       0x2a contiki-z1.a(adxl345.o)
 .any.text.accm_read_reg
                0x0000000000004e50       0x54 contiki-z1.a(adxl345.o)
 .any.text.process_thread_accmeter_process
                0x0000000000004ea4       0x56 contiki-z1.a(adxl345.o)
 .any.text.accm_init
                0x0000000000004efa       0x78 contiki-z1.a(adxl345.o)
                0x0000000000004efa                accm_init
 .any.text.clock_time
                0x0000000000004f72       0x1a contiki-z1.a(clock.o)
                0x0000000000004f72                clock_time
 .any.text.clock_init
                0x0000000000004f8c       0x28 contiki-z1.a(clock.o)
                0x0000000000004f8c                clock_init
 .any.text.clock_delay
                0x0000000000004fb4        0xc contiki-z1.a(clock.o)
                0x0000000000004fb4                clock_delay
 .any.text.clock_wait
                0x0000000000004fc0       0x24 contiki-z1.a(clock.o)
                0x0000000000004fc0                clock_wait
 .any.text.clock_seconds
                0x0000000000004fe4       0x1a contiki-z1.a(clock.o)
                0x0000000000004fe4                clock_seconds
 .any.text.leds_arch_init
                0x0000000000004ffe        0xe contiki-z1.a(leds-arch.o)
                0x0000000000004ffe                leds_arch_init
 .any.text.leds_arch_set
                0x000000000000500c       0x38 contiki-z1.a(leds-arch.o)
                0x000000000000500c                leds_arch_set
 .any.text.rtimer_arch_init
                0x0000000000005044        0xe contiki-z1.a(rtimer-arch.o)
                0x0000000000005044                rtimer_arch_init
 .any.text.rtimer_arch_now
                0x0000000000005052        0xe contiki-z1.a(rtimer-arch.o)
                0x0000000000005052                rtimer_arch_now
 .any.text.rtimer_arch_schedule
                0x0000000000005060        0x6 contiki-z1.a(rtimer-arch.o)
                0x0000000000005060                rtimer_arch_schedule
 .any.text.autostart_start
                0x0000000000005066       0x16 contiki-z1.a(autostart.o)
                0x0000000000005066                autostart_start
 .any.text.process_thread_ctimer_process
                0x000000000000507c       0xa0 contiki-z1.a(ctimer.o)
 .any.text.ctimer_init
                0x000000000000511c       0x18 contiki-z1.a(ctimer.o)
                0x000000000000511c                ctimer_init
 .any.text.ctimer_set_with_process
                0x0000000000005134       0x4a contiki-z1.a(ctimer.o)
                0x0000000000005134                ctimer_set_with_process
 .any.text.ctimer_set
                0x000000000000517e       0x10 contiki-z1.a(ctimer.o)
                0x000000000000517e                ctimer_set
 .any.text.ctimer_reset
                0x000000000000518e       0x2c contiki-z1.a(ctimer.o)
                0x000000000000518e                ctimer_reset
 .any.text.ctimer_restart
                0x00000000000051ba       0x2c contiki-z1.a(ctimer.o)
                0x00000000000051ba                ctimer_restart
 .any.text.ctimer_stop
                0x00000000000051e6       0x28 contiki-z1.a(ctimer.o)
                0x00000000000051e6                ctimer_stop
 .any.text.energest_init
                0x000000000000520e       0x24 contiki-z1.a(energest.o)
                0x000000000000520e                energest_init
 .any.text.energest_type_time
                0x0000000000005232       0x3c contiki-z1.a(energest.o)
                0x0000000000005232                energest_type_time
 .any.text.energest_type_set
                0x000000000000526e        0xc contiki-z1.a(energest.o)
                0x000000000000526e                energest_type_set
 .any.text.energest_flush
                0x000000000000527a       0x38 contiki-z1.a(energest.o)
                0x000000000000527a                energest_flush
 .any.text.update_time
                0x00000000000052b2       0x70 contiki-z1.a(etimer.o)
 .any.text.etimer_request_poll
                0x0000000000005322        0xa contiki-z1.a(etimer.o)
                0x0000000000005322                etimer_request_poll
 .any.text.process_thread_etimer_process
                0x000000000000532c       0xc4 contiki-z1.a(etimer.o)
 .any.text.add_timer
                0x00000000000053f0       0x40 contiki-z1.a(etimer.o)
 .any.text.etimer_set
                0x0000000000005430       0x12 contiki-z1.a(etimer.o)
                0x0000000000005430                etimer_set
 .any.text.etimer_reset
                0x0000000000005442       0x12 contiki-z1.a(etimer.o)
                0x0000000000005442                etimer_reset
 .any.text.etimer_restart
                0x0000000000005454       0x12 contiki-z1.a(etimer.o)
                0x0000000000005454                etimer_restart
 .any.text.etimer_expired
                0x0000000000005466        0xe contiki-z1.a(etimer.o)
                0x0000000000005466                etimer_expired
 .any.text.etimer_expiration_time
                0x0000000000005474       0x14 contiki-z1.a(etimer.o)
                0x0000000000005474                etimer_expiration_time
 .any.text.etimer_pending
                0x0000000000005488        0xc contiki-z1.a(etimer.o)
                0x0000000000005488                etimer_pending
 .any.text.etimer_next_expiration_time
                0x0000000000005494       0x16 contiki-z1.a(etimer.o)
                0x0000000000005494                etimer_next_expiration_time
 .any.text.etimer_stop
                0x00000000000054aa       0x3e contiki-z1.a(etimer.o)
                0x00000000000054aa                etimer_stop
 .any.text.call_process
                0x00000000000054e8       0x40 contiki-z1.a(process.o)
 .any.text.exit_process
                0x0000000000005528       0x88 contiki-z1.a(process.o)
 .any.text.do_poll
                0x00000000000055b0       0x30 contiki-z1.a(process.o)
 .any.text.process_alloc_event
                0x00000000000055e0        0xe contiki-z1.a(process.o)
                0x00000000000055e0                process_alloc_event
 .any.text.process_init
                0x00000000000055ee       0x1c contiki-z1.a(process.o)
                0x00000000000055ee                process_init
 .any.text.process_run
                0x000000000000560a       0x8c contiki-z1.a(process.o)
                0x000000000000560a                process_run
 .any.text.process_nevents
                0x0000000000005696        0xe contiki-z1.a(process.o)
                0x0000000000005696                process_nevents
 .any.text.process_post
                0x00000000000056a4       0x4a contiki-z1.a(process.o)
                0x00000000000056a4                process_post
 .any.text.process_post_synch
                0x00000000000056ee       0x12 contiki-z1.a(process.o)
                0x00000000000056ee                process_post_synch
 .any.text.process_start
                0x0000000000005700       0x36 contiki-z1.a(process.o)
                0x0000000000005700                process_start
 .any.text.process_poll
                0x0000000000005736       0x18 contiki-z1.a(process.o)
                0x0000000000005736                process_poll
 .any.text.rtimer_init
                0x000000000000574e        0x6 contiki-z1.a(rtimer.o)
                0x000000000000574e                rtimer_init
 .any.text.rtimer_run_next
                0x0000000000005754       0x26 contiki-z1.a(rtimer.o)
                0x0000000000005754                rtimer_run_next
 .any.text.stimer_set
                0x000000000000577a       0x1c contiki-z1.a(stimer.o)
                0x000000000000577a                stimer_set
 .any.text.stimer_expired
                0x0000000000005796       0x30 contiki-z1.a(stimer.o)
                0x0000000000005796                stimer_expired
 .any.text.stimer_remaining
                0x00000000000057c6       0x24 contiki-z1.a(stimer.o)
                0x00000000000057c6                stimer_remaining
 .any.text.timer_set
                0x00000000000057ea       0x1c contiki-z1.a(timer.o)
                0x00000000000057ea                timer_set
 .any.text.timer_reset
                0x0000000000005806        0xe contiki-z1.a(timer.o)
                0x0000000000005806                timer_reset
 .any.text.timer_restart
                0x0000000000005814       0x14 contiki-z1.a(timer.o)
                0x0000000000005814                timer_restart
 .any.text.timer_expired
                0x0000000000005828       0x2a contiki-z1.a(timer.o)
                0x0000000000005828                timer_expired
 .any.text.list_init
                0x0000000000005852        0x6 contiki-z1.a(list.o)
                0x0000000000005852                list_init
 .any.text.list_head
                0x0000000000005858        0x4 contiki-z1.a(list.o)
                0x0000000000005858                list_head
 .any.text.list_tail
                0x000000000000585c       0x12 contiki-z1.a(list.o)
                0x000000000000585c                list_tail
 .any.text.list_remove
                0x000000000000586e       0x34 contiki-z1.a(list.o)
                0x000000000000586e                list_remove
 .any.text.list_push
                0x00000000000058a2       0x16 contiki-z1.a(list.o)
                0x00000000000058a2                list_push
 .any.text.list_add
                0x00000000000058b8       0x26 contiki-z1.a(list.o)
                0x00000000000058b8                list_add
 .any.text.list_length
                0x00000000000058de       0x10 contiki-z1.a(list.o)
                0x00000000000058de                list_length
 .any.text.list_item_next
                0x00000000000058ee        0xc contiki-z1.a(list.o)
                0x00000000000058ee                list_item_next
 .any.text.random_init
                0x00000000000058fa        0x6 contiki-z1.a(random.o)
                0x00000000000058fa                random_init
 .any.text.random_rand
                0x0000000000005900        0x6 contiki-z1.a(random.o)
                0x0000000000005900                random_rand
 .any.text.set_packet_attrs
                0x0000000000005906       0x46 contiki-z1.a(sicslowpan.o)
 .any.text.addr_context_lookup_by_number
                0x000000000000594c       0x30 contiki-z1.a(sicslowpan.o)
 .any.text.compress_addr_64
                0x000000000000597c       0x9a contiki-z1.a(sicslowpan.o)
 .any.text.uncompress_addr
                0x0000000000005a16       0x96 contiki-z1.a(sicslowpan.o)
 .any.text.sicslowpan_init
                0x0000000000005aac       0x24 contiki-z1.a(sicslowpan.o)
                0x0000000000005aac                sicslowpan_init
 .any.text.addr_context_lookup_by_prefix
                0x0000000000005ad0       0x4a contiki-z1.a(sicslowpan.o)
 .any.text.packet_sent
                0x0000000000005b1a       0x22 contiki-z1.a(sicslowpan.o)
 .any.text.input
                0x0000000000005b3c      0x41c contiki-z1.a(sicslowpan.o)
 .any.text.output
                0x0000000000005f58      0x52a contiki-z1.a(sicslowpan.o)
 .any.text.chksum
                0x0000000000006482       0x32 contiki-z1.a(uip6.o)
 .any.text.upper_layer_chksum
                0x00000000000064b4       0x56 contiki-z1.a(uip6.o)
 .any.text.ext_hdr_options_process
                0x000000000000650a       0xc2 contiki-z1.a(uip6.o)
 .any.text.uip_icmp6chksum
                0x00000000000065cc        0xa contiki-z1.a(uip6.o)
                0x00000000000065cc                uip_icmp6chksum
 .any.text.uip_udpchksum
                0x00000000000065d6        0xa contiki-z1.a(uip6.o)
                0x00000000000065d6                uip_udpchksum
 .any.text.uip_init
                0x00000000000065e0       0x26 contiki-z1.a(uip6.o)
                0x00000000000065e0                uip_init
 .any.text.remove_ext_hdr
                0x0000000000006606       0x50 contiki-z1.a(uip6.o)
                0x0000000000006606                remove_ext_hdr
 .any.text.uip_udp_new
                0x0000000000006656       0xa2 contiki-z1.a(uip6.o)
                0x0000000000006656                uip_udp_new
 .any.text.uip_process
                0x00000000000066f8      0x498 contiki-z1.a(uip6.o)
                0x00000000000066f8                uip_process
 .any.text.uip_htonl
                0x0000000000006b90       0x2a contiki-z1.a(uip6.o)
                0x0000000000006b90                uip_htonl
 .any.text.uip_ds6_list_loop
                0x0000000000006bba       0x66 contiki-z1.a(uip-ds6.o)
                0x0000000000006bba                uip_ds6_list_loop
 .any.text.uip_ds6_prefix_add
                0x0000000000006c20       0x70 contiki-z1.a(uip-ds6.o)
                0x0000000000006c20                uip_ds6_prefix_add
 .any.text.uip_ds6_is_addr_onlink
                0x0000000000006c90       0x42 contiki-z1.a(uip-ds6.o)
                0x0000000000006c90                uip_ds6_is_addr_onlink
 .any.text.uip_ds6_addr_lookup
                0x0000000000006cd2       0x2a contiki-z1.a(uip-ds6.o)
                0x0000000000006cd2                uip_ds6_addr_lookup
 .any.text.uip_ds6_get_link_local
                0x0000000000006cfc       0x3e contiki-z1.a(uip-ds6.o)
                0x0000000000006cfc                uip_ds6_get_link_local
 .any.text.uip_ds6_maddr_add
                0x0000000000006d3a       0x48 contiki-z1.a(uip-ds6.o)
                0x0000000000006d3a                uip_ds6_maddr_add
 .any.text.uip_ds6_addr_add
                0x0000000000006d82       0xb4 contiki-z1.a(uip-ds6.o)
                0x0000000000006d82                uip_ds6_addr_add
 .any.text.uip_ds6_maddr_rm
                0x0000000000006e36        0xa contiki-z1.a(uip-ds6.o)
                0x0000000000006e36                uip_ds6_maddr_rm
 .any.text.uip_ds6_maddr_lookup
                0x0000000000006e40       0x2a contiki-z1.a(uip-ds6.o)
                0x0000000000006e40                uip_ds6_maddr_lookup
 .any.text.uip_ds6_addr_rm
                0x0000000000006e6a       0x54 contiki-z1.a(uip-ds6.o)
                0x0000000000006e6a                uip_ds6_addr_rm
 .any.text.uip_ds6_periodic
                0x0000000000006ebe       0x46 contiki-z1.a(uip-ds6.o)
                0x0000000000006ebe                uip_ds6_periodic
 .any.text.uip_ds6_set_addr_iid
                0x0000000000006f04       0x14 contiki-z1.a(uip-ds6.o)
                0x0000000000006f04                uip_ds6_set_addr_iid
 .any.text.get_match_length
                0x0000000000006f18       0x3c contiki-z1.a(uip-ds6.o)
                0x0000000000006f18                get_match_length
 .any.text.uip_ds6_select_src
                0x0000000000006f54       0x9a contiki-z1.a(uip-ds6.o)
                0x0000000000006f54                uip_ds6_select_src
 .any.text.uip_ds6_compute_reachable_time
                0x0000000000006fee       0x36 contiki-z1.a(uip-ds6.o)
                0x0000000000006fee                uip_ds6_compute_reachable_time
 .any.text.uip_ds6_init
                0x0000000000007024      0x138 contiki-z1.a(uip-ds6.o)
                0x0000000000007024                uip_ds6_init
 .any.text.uip_ds6_nbr_rm
                0x000000000000715c       0x1e contiki-z1.a(uip-ds6-nbr.o)
                0x000000000000715c                uip_ds6_nbr_rm
 .any.text.uip_ds6_neighbors_init
                0x000000000000717a       0x12 contiki-z1.a(uip-ds6-nbr.o)
                0x000000000000717a                uip_ds6_neighbors_init
 .any.text.uip_ds6_nbr_add
                0x000000000000718c       0x36 contiki-z1.a(uip-ds6-nbr.o)
                0x000000000000718c                uip_ds6_nbr_add
 .any.text.uip_ds6_nbr_get_ll
                0x00000000000071c2        0xc contiki-z1.a(uip-ds6-nbr.o)
                0x00000000000071c2                uip_ds6_nbr_get_ll
 .any.text.uip_ds6_nbr_lookup
                0x00000000000071ce       0x3e contiki-z1.a(uip-ds6-nbr.o)
                0x00000000000071ce                uip_ds6_nbr_lookup
 .any.text.uip_ds6_nbr_ll_lookup
                0x000000000000720c        0xc contiki-z1.a(uip-ds6-nbr.o)
                0x000000000000720c                uip_ds6_nbr_ll_lookup
 .any.text.uip_ds6_nbr_ipaddr_from_lladdr
                0x0000000000007218        0x6 contiki-z1.a(uip-ds6-nbr.o)
                0x0000000000007218                uip_ds6_nbr_ipaddr_from_lladdr
 .any.text.uip_ds6_nbr_lladdr_from_ipaddr
                0x000000000000721e       0x12 contiki-z1.a(uip-ds6-nbr.o)
                0x000000000000721e                uip_ds6_nbr_lladdr_from_ipaddr
 .any.text.uip_ds6_link_neighbor_callback
                0x0000000000007230       0x32 contiki-z1.a(uip-ds6-nbr.o)
                0x0000000000007230                uip_ds6_link_neighbor_callback
 .any.text.call_route_callback
                0x0000000000007262       0x40 contiki-z1.a(uip-ds6-route.o)
 .any.text.uip_ds6_route_init
                0x00000000000072a2       0x36 contiki-z1.a(uip-ds6-route.o)
                0x00000000000072a2                uip_ds6_route_init
 .any.text.uip_ds6_route_nexthop
                0x00000000000072d8       0x1a contiki-z1.a(uip-ds6-route.o)
                0x00000000000072d8                uip_ds6_route_nexthop
 .any.text.uip_ds6_route_head
                0x00000000000072f2        0xa contiki-z1.a(uip-ds6-route.o)
                0x00000000000072f2                uip_ds6_route_head
 .any.text.uip_ds6_route_next
                0x00000000000072fc        0xe contiki-z1.a(uip-ds6-route.o)
                0x00000000000072fc                uip_ds6_route_next
 .any.text.uip_ds6_route_is_nexthop
                0x000000000000730a       0x22 contiki-z1.a(uip-ds6-route.o)
                0x000000000000730a                uip_ds6_route_is_nexthop
 .any.text.uip_ds6_route_num_routes
                0x000000000000732c        0x6 contiki-z1.a(uip-ds6-route.o)
                0x000000000000732c                uip_ds6_route_num_routes
 .any.text.uip_ds6_route_lookup
                0x0000000000007332       0x6e contiki-z1.a(uip-ds6-route.o)
                0x0000000000007332                uip_ds6_route_lookup
 .any.text.uip_ds6_route_rm
                0x00000000000073a0       0xa2 contiki-z1.a(uip-ds6-route.o)
                0x00000000000073a0                uip_ds6_route_rm
 .any.text.rm_routelist
                0x0000000000007442       0x34 contiki-z1.a(uip-ds6-route.o)
 .any.text.rm_routelist_callback
                0x0000000000007476        0x6 contiki-z1.a(uip-ds6-route.o)
 .any.text.uip_ds6_route_add
                0x000000000000747c       0xfc contiki-z1.a(uip-ds6-route.o)
                0x000000000000747c                uip_ds6_route_add
 .any.text.uip_ds6_defrt_rm
                0x0000000000007578       0x44 contiki-z1.a(uip-ds6-route.o)
                0x0000000000007578                uip_ds6_defrt_rm
 .any.text.uip_ds6_defrt_lookup
                0x00000000000075bc       0x32 contiki-z1.a(uip-ds6-route.o)
                0x00000000000075bc                uip_ds6_defrt_lookup
 .any.text.uip_ds6_defrt_add
                0x00000000000075ee       0x68 contiki-z1.a(uip-ds6-route.o)
                0x00000000000075ee                uip_ds6_defrt_add
 .any.text.uip_ds6_defrt_choose
                0x0000000000007656       0x36 contiki-z1.a(uip-ds6-route.o)
                0x0000000000007656                uip_ds6_defrt_choose
 .any.text.uip_ds6_defrt_periodic
                0x000000000000768c       0x38 contiki-z1.a(uip-ds6-route.o)
                0x000000000000768c                uip_ds6_defrt_periodic
 .any.text.echo_reply_input
                0x00000000000076c4       0xaa contiki-z1.a(uip-icmp6.o)
 .any.text.echo_request_input
                0x000000000000776e       0xce contiki-z1.a(uip-icmp6.o)
 .any.text.uip_icmp6_input
                0x000000000000783c       0x44 contiki-z1.a(uip-icmp6.o)
                0x000000000000783c                uip_icmp6_input
 .any.text.uip_icmp6_register_input_handler
                0x0000000000007880        0xc contiki-z1.a(uip-icmp6.o)
                0x0000000000007880                uip_icmp6_register_input_handler
 .any.text.uip_icmp6_error_output
                0x000000000000788c      0x172 contiki-z1.a(uip-icmp6.o)
                0x000000000000788c                uip_icmp6_error_output
 .any.text.uip_icmp6_send
                0x00000000000079fe       0x88 contiki-z1.a(uip-icmp6.o)
                0x00000000000079fe                uip_icmp6_send
 .any.text.uip_icmp6_init
                0x0000000000007a86       0x12 contiki-z1.a(uip-icmp6.o)
                0x0000000000007a86                uip_icmp6_init
 .any.text.uip_nd6_init
                0x0000000000007a98        0x2 contiki-z1.a(uip-nd6.o)
                0x0000000000007a98                uip_nd6_init
 .any.text.tcpip_output
                0x0000000000007a9a       0x10 contiki-z1.a(tcpip.o)
                0x0000000000007a9a                tcpip_output
 .any.text.tcpip_set_outputfunc
                0x0000000000007aaa        0x6 contiki-z1.a(tcpip.o)
                0x0000000000007aaa                tcpip_set_outputfunc
 .any.text.udp_new
                0x0000000000007ab0       0x1a contiki-z1.a(tcpip.o)
                0x0000000000007ab0                udp_new
 .any.text.tcpip_input
                0x0000000000007aca       0x16 contiki-z1.a(tcpip.o)
                0x0000000000007aca                tcpip_input
 .any.text.tcpip_ipv6_output
                0x0000000000007ae0       0xd4 contiki-z1.a(tcpip.o)
                0x0000000000007ae0                tcpip_ipv6_output
 .any.text.process_thread_tcpip_process
                0x0000000000007bb4       0xd0 contiki-z1.a(tcpip.o)
 .any.text.tcpip_uipcall
                0x0000000000007c84       0x2a contiki-z1.a(tcpip.o)
                0x0000000000007c84                tcpip_uipcall
 .any.text.uip_debug_ipaddr_print
                0x0000000000007cae       0xbc contiki-z1.a(uip-debug.o)
                0x0000000000007cae                uip_debug_ipaddr_print
 .any.text.uip_udp_packet_send
                0x0000000000007d6a       0x2a contiki-z1.a(uip-udp-packet.)
                0x0000000000007d6a                uip_udp_packet_send
 .any.text.uip_udp_packet_sendto
                0x0000000000007d94       0x56 contiki-z1.a(uip-udp-packet.)
                0x0000000000007d94                uip_udp_packet_sendto
 .any.text.rpl_get_mode
                0x0000000000007dea        0x6 contiki-z1.a(rpl.o)
                0x0000000000007dea                rpl_get_mode
 .any.text.rpl_purge_routes
                0x0000000000007df0       0x96 contiki-z1.a(rpl.o)
                0x0000000000007df0                rpl_purge_routes
 .any.text.rpl_remove_routes
                0x0000000000007e86       0x22 contiki-z1.a(rpl.o)
                0x0000000000007e86                rpl_remove_routes
 .any.text.rpl_remove_routes_by_nexthop
                0x0000000000007ea8       0x3e contiki-z1.a(rpl.o)
                0x0000000000007ea8                rpl_remove_routes_by_nexthop
 .any.text.rpl_add_route
                0x0000000000007ee6       0x48 contiki-z1.a(rpl.o)
                0x0000000000007ee6                rpl_add_route
 .any.text.rpl_link_neighbor_callback
                0x0000000000007f2e       0x4c contiki-z1.a(rpl.o)
                0x0000000000007f2e                rpl_link_neighbor_callback
 .any.text.rpl_ipv6_neighbor_callback
                0x0000000000007f7a       0x1e contiki-z1.a(rpl.o)
                0x0000000000007f7a                rpl_ipv6_neighbor_callback
 .any.text.rpl_purge_dags
                0x0000000000007f98       0x60 contiki-z1.a(rpl.o)
                0x0000000000007f98                rpl_purge_dags
 .any.text.rpl_init
                0x0000000000007ff8       0x52 contiki-z1.a(rpl.o)
                0x0000000000007ff8                rpl_init
 .any.text.lollipop_greater_than
                0x000000000000804a       0x3c contiki-z1.a(rpl-dag.o)
 .any.text.find_parent_any_dag_any_instance
                0x0000000000008086       0x14 contiki-z1.a(rpl-dag.o)
 .any.text.rpl_set_preferred_parent
                0x000000000000809a       0x2c contiki-z1.a(rpl-dag.o)
 .any.text.set_ip_from_prefix
                0x00000000000080c6       0x30 contiki-z1.a(rpl-dag.o)
 .any.text.check_prefix
                0x00000000000080f6       0x70 contiki-z1.a(rpl-dag.o)
 .any.text.rpl_dag_init
                0x0000000000008166        0xe contiki-z1.a(rpl-dag.o)
                0x0000000000008166                rpl_dag_init
 .any.text.rpl_get_parent
                0x0000000000008174        0xc contiki-z1.a(rpl-dag.o)
                0x0000000000008174                rpl_get_parent
 .any.text.rpl_rank_via_parent
                0x0000000000008180       0x2a contiki-z1.a(rpl-dag.o)
                0x0000000000008180                rpl_rank_via_parent
 .any.text.rpl_get_parent_lladdr
                0x00000000000081aa        0xc contiki-z1.a(rpl-dag.o)
                0x00000000000081aa                rpl_get_parent_lladdr
 .any.text.rpl_get_parent_ipaddr
                0x00000000000081b6        0xa contiki-z1.a(rpl-dag.o)
                0x00000000000081b6                rpl_get_parent_ipaddr
 .any.text.rpl_get_parent_link_stats
                0x00000000000081c0        0xa contiki-z1.a(rpl-dag.o)
                0x00000000000081c0                rpl_get_parent_link_stats
 .any.text.rpl_parent_is_fresh
                0x00000000000081ca        0xa contiki-z1.a(rpl-dag.o)
                0x00000000000081ca                rpl_parent_is_fresh
 .any.text.best_parent
                0x00000000000081d4       0x66 contiki-z1.a(rpl-dag.o)
 .any.text.rpl_parent_is_reachable
                0x000000000000823a       0x4a contiki-z1.a(rpl-dag.o)
                0x000000000000823a                rpl_parent_is_reachable
 .any.text.rpl_set_prefix
                0x0000000000008284       0x74 contiki-z1.a(rpl-dag.o)
                0x0000000000008284                rpl_set_prefix
 .any.text.rpl_set_default_route
                0x00000000000082f8       0x46 contiki-z1.a(rpl-dag.o)
                0x00000000000082f8                rpl_set_default_route
 .any.text.rpl_alloc_instance
                0x000000000000833e       0x34 contiki-z1.a(rpl-dag.o)
                0x000000000000833e                rpl_alloc_instance
 .any.text.rpl_add_parent
                0x0000000000008372       0x4c contiki-z1.a(rpl-dag.o)
                0x0000000000008372                rpl_add_parent
 .any.text.rpl_find_parent
                0x00000000000083be       0x1a contiki-z1.a(rpl-dag.o)
                0x00000000000083be                rpl_find_parent
 .any.text.rpl_find_parent_any_dag
                0x00000000000083d8       0x22 contiki-z1.a(rpl-dag.o)
                0x00000000000083d8                rpl_find_parent_any_dag
 .any.text.rpl_select_parent
                0x00000000000083fa       0x62 contiki-z1.a(rpl-dag.o)
                0x00000000000083fa                rpl_select_parent
 .any.text.rpl_select_dag
                0x000000000000845c      0x196 contiki-z1.a(rpl-dag.o)
                0x000000000000845c                rpl_select_dag
 .any.text.rpl_nullify_parent
                0x00000000000085f2       0x5c contiki-z1.a(rpl-dag.o)
                0x00000000000085f2                rpl_nullify_parent
 .any.text.rpl_remove_parent
                0x000000000000864e       0x16 contiki-z1.a(rpl-dag.o)
                0x000000000000864e                rpl_remove_parent
 .any.text.nbr_callback
                0x0000000000008664        0x6 contiki-z1.a(rpl-dag.o)
 .any.text.remove_parents.constprop.6
                0x000000000000866a       0x2c contiki-z1.a(rpl-dag.o)
 .any.text.rpl_free_dag
                0x0000000000008696       0x42 contiki-z1.a(rpl-dag.o)
                0x0000000000008696                rpl_free_dag
 .any.text.rpl_move_parent
                0x00000000000086d8       0x60 contiki-z1.a(rpl-dag.o)
                0x00000000000086d8                rpl_move_parent
 .any.text.rpl_get_any_dag
                0x0000000000008738       0x16 contiki-z1.a(rpl-dag.o)
                0x0000000000008738                rpl_get_any_dag
 .any.text.rpl_get_instance
                0x000000000000874e       0x16 contiki-z1.a(rpl-dag.o)
                0x000000000000874e                rpl_get_instance
 .any.text.rpl_alloc_dag
                0x0000000000008764       0x62 contiki-z1.a(rpl-dag.o)
                0x0000000000008764                rpl_alloc_dag
 .any.text.rpl_repair_root
                0x00000000000087c6       0x54 contiki-z1.a(rpl-dag.o)
                0x00000000000087c6                rpl_repair_root
 .any.text.rpl_find_of
                0x000000000000881a       0x10 contiki-z1.a(rpl-dag.o)
                0x000000000000881a                rpl_find_of
 .any.text.rpl_join_instance
                0x000000000000882a      0x13c contiki-z1.a(rpl-dag.o)
                0x000000000000882a                rpl_join_instance
 .any.text.rpl_local_repair
                0x0000000000008966       0x80 contiki-z1.a(rpl-dag.o)
                0x0000000000008966                rpl_local_repair
 .any.text.rpl_process_parent_event
                0x00000000000089e6       0xa8 contiki-z1.a(rpl-dag.o)
                0x00000000000089e6                rpl_process_parent_event
 .any.text.rpl_recalculate_ranks
                0x0000000000008a8e       0x44 contiki-z1.a(rpl-dag.o)
                0x0000000000008a8e                rpl_recalculate_ranks
 .any.text.rpl_add_dag
                0x0000000000008ad2      0x104 contiki-z1.a(rpl-dag.o)
                0x0000000000008ad2                rpl_add_dag
 .any.text.rpl_process_dio
                0x0000000000008bd6      0x340 contiki-z1.a(rpl-dag.o)
                0x0000000000008bd6                rpl_process_dio
 .any.text.insert_hbh_header
                0x0000000000008f16       0x74 contiki-z1.a(rpl-ext-header.)
 .any.text.rpl_verify_hbh_header
                0x0000000000008f8a      0x106 contiki-z1.a(rpl-ext-header.)
                0x0000000000008f8a                rpl_verify_hbh_header
 .any.text.rpl_finalize_header
                0x0000000000009090       0x8e contiki-z1.a(rpl-ext-header.)
                0x0000000000009090                rpl_finalize_header
 .any.text.rpl_remove_header
                0x000000000000911e       0x76 contiki-z1.a(rpl-ext-header.)
                0x000000000000911e                rpl_remove_header
 .any.text.rpl_insert_header
                0x0000000000009194       0x28 contiki-z1.a(rpl-ext-header.)
                0x0000000000009194                rpl_insert_header
 .any.text.rpl_update_header
                0x00000000000091bc       0xf2 contiki-z1.a(rpl-ext-header.)
                0x00000000000091bc                rpl_update_header
 .any.text.get32
                0x00000000000092ae       0x3e contiki-z1.a(rpl-icmp6.o)
 .any.text.set32
                0x00000000000092ec       0x2a contiki-z1.a(rpl-icmp6.o)
 .any.text.get16
                0x0000000000009316        0xe contiki-z1.a(rpl-icmp6.o)
 .any.text.set16
                0x0000000000009324       0x10 contiki-z1.a(rpl-icmp6.o)
 .any.text.dao_ack_input
                0x0000000000009334        0xa contiki-z1.a(rpl-icmp6.o)
 .any.text.dio_input
                0x000000000000933e      0x3fc contiki-z1.a(rpl-icmp6.o)
 .any.text.rpl_icmp6_update_nbr_table
                0x000000000000973a       0x5c contiki-z1.a(rpl-icmp6.o)
                0x000000000000973a                rpl_icmp6_update_nbr_table
 .any.text.dao_input
                0x0000000000009796      0x458 contiki-z1.a(rpl-icmp6.o)
 .any.text.dis_output
                0x0000000000009bee       0x70 contiki-z1.a(rpl-icmp6.o)
                0x0000000000009bee                dis_output
 .any.text.dio_output
                0x0000000000009c5e      0x2c6 contiki-z1.a(rpl-icmp6.o)
                0x0000000000009c5e                dio_output
 .any.text.dis_input
                0x0000000000009f24       0x96 contiki-z1.a(rpl-icmp6.o)
 .any.text.dao_output_target
                0x0000000000009fba      0x16c contiki-z1.a(rpl-icmp6.o)
                0x0000000000009fba                dao_output_target
 .any.text.dao_output
                0x000000000000a126       0xa8 contiki-z1.a(rpl-icmp6.o)
                0x000000000000a126                dao_output
 .any.text.rpl_icmp6_register_handlers
                0x000000000000a1ce       0x22 contiki-z1.a(rpl-icmp6.o)
                0x000000000000a1ce                rpl_icmp6_register_handlers
 .any.text.reset
                0x000000000000a1f0        0xa contiki-z1.a(rpl-mrhof.o)
 .any.text.parent_link_metric
                0x000000000000a1fa       0x10 contiki-z1.a(rpl-mrhof.o)
 .any.text.parent_path_cost
                0x000000000000a20a       0x6a contiki-z1.a(rpl-mrhof.o)
 .any.text.update_metric_container
                0x000000000000a274       0x92 contiki-z1.a(rpl-mrhof.o)
 .any.text.rank_via_parent
                0x000000000000a306       0x4e contiki-z1.a(rpl-mrhof.o)
 .any.text.parent_is_acceptable
                0x000000000000a354       0x2a contiki-z1.a(rpl-mrhof.o)
 .any.text.parent_has_usable_link
                0x000000000000a37e       0x14 contiki-z1.a(rpl-mrhof.o)
 .any.text.best_dag
                0x000000000000a392       0x2e contiki-z1.a(rpl-mrhof.o)
 .any.text.best_parent
                0x000000000000a3c0       0x90 contiki-z1.a(rpl-mrhof.o)
 .any.text.handle_unicast_dio_timer
                0x000000000000a450       0x1c contiki-z1.a(rpl-timers.o)
 .any.text.new_dio_interval
                0x000000000000a46c       0x96 contiki-z1.a(rpl-timers.o)
 .any.text.set_dao_lifetime_timer
                0x000000000000a502       0x84 contiki-z1.a(rpl-timers.o)
 .any.text.handle_periodic_timer
                0x000000000000a586       0x50 contiki-z1.a(rpl-timers.o)
 .any.text.schedule_dao
                0x000000000000a5d6       0x72 contiki-z1.a(rpl-timers.o)
 .any.text.handle_dio_timer
                0x000000000000a648       0x8c contiki-z1.a(rpl-timers.o)
 .any.text.handle_dao_timer
                0x000000000000a6d4       0x64 contiki-z1.a(rpl-timers.o)
 .any.text.rpl_reset_periodic_timer
                0x000000000000a738       0x54 contiki-z1.a(rpl-timers.o)
                0x000000000000a738                rpl_reset_periodic_timer
 .any.text.rpl_reset_dio_timer
                0x000000000000a78c       0x1c contiki-z1.a(rpl-timers.o)
                0x000000000000a78c                rpl_reset_dio_timer
 .any.text.rpl_schedule_dao
                0x000000000000a7a8        0xc contiki-z1.a(rpl-timers.o)
                0x000000000000a7a8                rpl_schedule_dao
 .any.text.rpl_schedule_unicast_dio_immediately
                0x000000000000a7b4       0x16 contiki-z1.a(rpl-timers.o)
                0x000000000000a7b4                rpl_schedule_unicast_dio_immediately
 .any.text.get_probing_delay
                0x000000000000a7ca       0x40 contiki-z1.a(rpl-timers.o)
                0x000000000000a7ca                get_probing_delay
 .any.text.get_probing_target
                0x000000000000a80a       0xe2 contiki-z1.a(rpl-timers.o)
                0x000000000000a80a                get_probing_target
 .any.text.rpl_schedule_probing
                0x000000000000a8ec       0x26 contiki-z1.a(rpl-timers.o)
                0x000000000000a8ec                rpl_schedule_probing
 .any.text.handle_probing_timer
                0x000000000000a912       0x34 contiki-z1.a(rpl-timers.o)
 .any.text.linkaddr_copy
                0x000000000000a946        0x8 contiki-z1.a(linkaddr.o)
                0x000000000000a946                linkaddr_copy
 .any.text.linkaddr_cmp
                0x000000000000a94e       0x12 contiki-z1.a(linkaddr.o)
                0x000000000000a94e                linkaddr_cmp
 .any.text.linkaddr_set_node_addr
                0x000000000000a960        0xc contiki-z1.a(linkaddr.o)
                0x000000000000a960                linkaddr_set_node_addr
 .any.text.periodic
                0x000000000000a96c       0x2c contiki-z1.a(link-stats.o)
 .any.text.link_stats_from_lladdr
                0x000000000000a998        0xc contiki-z1.a(link-stats.o)
                0x000000000000a998                link_stats_from_lladdr
 .any.text.link_stats_is_fresh
                0x000000000000a9a4       0x32 contiki-z1.a(link-stats.o)
                0x000000000000a9a4                link_stats_is_fresh
 .any.text.link_stats_packet_sent
                0x000000000000a9d6       0xc4 contiki-z1.a(link-stats.o)
                0x000000000000a9d6                link_stats_packet_sent
 .any.text.link_stats_input_callback
                0x000000000000aa9a       0xa6 contiki-z1.a(link-stats.o)
                0x000000000000aa9a                link_stats_input_callback
 .any.text.link_stats_init
                0x000000000000ab40       0x22 contiki-z1.a(link-stats.o)
                0x000000000000ab40                link_stats_init
 .any.text.key_from_index
                0x000000000000ab62       0x18 contiki-z1.a(nbr-table.o)
 .any.text.item_from_index
                0x000000000000ab7a       0x2a contiki-z1.a(nbr-table.o)
 .any.text.index_from_key
                0x000000000000aba4       0x26 contiki-z1.a(nbr-table.o)
 .any.text.index_from_item
                0x000000000000abca       0x1e contiki-z1.a(nbr-table.o)
 .any.text.nbr_set_bit
                0x000000000000abe8       0x50 contiki-z1.a(nbr-table.o)
 .any.text.index_from_lladdr
                0x000000000000ac38       0x3e contiki-z1.a(nbr-table.o)
 .any.text.nbr_get_bit.constprop.0
                0x000000000000ac76       0x2c contiki-z1.a(nbr-table.o)
 .any.text.remove_key
                0x000000000000aca2       0x56 contiki-z1.a(nbr-table.o)
 .any.text.nbr_table_register
                0x000000000000acf8       0x26 contiki-z1.a(nbr-table.o)
                0x000000000000acf8                nbr_table_register
 .any.text.nbr_table_next
                0x000000000000ad1e       0x3a contiki-z1.a(nbr-table.o)
                0x000000000000ad1e                nbr_table_next
 .any.text.nbr_table_head
                0x000000000000ad58       0x36 contiki-z1.a(nbr-table.o)
                0x000000000000ad58                nbr_table_head
 .any.text.nbr_table_add_lladdr
                0x000000000000ad8e       0xfc contiki-z1.a(nbr-table.o)
                0x000000000000ad8e                nbr_table_add_lladdr
 .any.text.nbr_table_get_from_lladdr
                0x000000000000ae8a       0x28 contiki-z1.a(nbr-table.o)
                0x000000000000ae8a                nbr_table_get_from_lladdr
 .any.text.nbr_table_remove
                0x000000000000aeb2       0x2a contiki-z1.a(nbr-table.o)
                0x000000000000aeb2                nbr_table_remove
 .any.text.nbr_table_lock
                0x000000000000aedc       0x10 contiki-z1.a(nbr-table.o)
                0x000000000000aedc                nbr_table_lock
 .any.text.nbr_table_unlock
                0x000000000000aeec       0x10 contiki-z1.a(nbr-table.o)
                0x000000000000aeec                nbr_table_unlock
 .any.text.nbr_table_get_lladdr
                0x000000000000aefc       0x14 contiki-z1.a(nbr-table.o)
                0x000000000000aefc                nbr_table_get_lladdr
 .any.text.net_debug_lladdr_print
                0x000000000000af10       0x3c contiki-z1.a(net-debug.o)
                0x000000000000af10                net_debug_lladdr_print
 .any.text.packetbuf_hdrreduce
                0x000000000000af4c       0x1a contiki-z1.a(packetbuf.o)
                0x000000000000af4c                packetbuf_hdrreduce
 .any.text.packetbuf_set_datalen
                0x000000000000af66        0x6 contiki-z1.a(packetbuf.o)
                0x000000000000af66                packetbuf_set_datalen
 .any.text.packetbuf_hdrptr
                0x000000000000af6c        0x6 contiki-z1.a(packetbuf.o)
                0x000000000000af6c                packetbuf_hdrptr
 .any.text.packetbuf_datalen
                0x000000000000af72        0x6 contiki-z1.a(packetbuf.o)
                0x000000000000af72                packetbuf_datalen
 .any.text.packetbuf_hdrlen
                0x000000000000af78        0xa contiki-z1.a(packetbuf.o)
                0x000000000000af78                packetbuf_hdrlen
 .any.text.packetbuf_dataptr
                0x000000000000af82        0xc contiki-z1.a(packetbuf.o)
                0x000000000000af82                packetbuf_dataptr
 .any.text.packetbuf_copyto
                0x000000000000af8e       0x3a contiki-z1.a(packetbuf.o)
                0x000000000000af8e                packetbuf_copyto
 .any.text.packetbuf_totlen
                0x000000000000afc8        0xc contiki-z1.a(packetbuf.o)
                0x000000000000afc8                packetbuf_totlen
 .any.text.packetbuf_hdralloc
                0x000000000000afd4       0x3c contiki-z1.a(packetbuf.o)
                0x000000000000afd4                packetbuf_hdralloc
 .any.text.packetbuf_attr_clear
                0x000000000000b010       0x28 contiki-z1.a(packetbuf.o)
                0x000000000000b010                packetbuf_attr_clear
 .any.text.packetbuf_clear
                0x000000000000b038       0x12 contiki-z1.a(packetbuf.o)
                0x000000000000b038                packetbuf_clear
 .any.text.packetbuf_copyfrom
                0x000000000000b04a       0x2a contiki-z1.a(packetbuf.o)
                0x000000000000b04a                packetbuf_copyfrom
 .any.text.packetbuf_attr_copyto
                0x000000000000b074       0x22 contiki-z1.a(packetbuf.o)
                0x000000000000b074                packetbuf_attr_copyto
 .any.text.packetbuf_attr_copyfrom
                0x000000000000b096       0x24 contiki-z1.a(packetbuf.o)
                0x000000000000b096                packetbuf_attr_copyfrom
 .any.text.packetbuf_holds_broadcast
                0x000000000000b0ba        0xe contiki-z1.a(packetbuf.o)
                0x000000000000b0ba                packetbuf_holds_broadcast
 .any.text.queuebuf_init
                0x000000000000b0c8       0x12 contiki-z1.a(queuebuf.o)
                0x000000000000b0c8                queuebuf_init
 .any.text.queuebuf_new_from_packetbuf
                0x000000000000b0da       0x4e contiki-z1.a(queuebuf.o)
                0x000000000000b0da                queuebuf_new_from_packetbuf
 .any.text.queuebuf_update_attr_from_packetbuf
                0x000000000000b128       0x12 contiki-z1.a(queuebuf.o)
                0x000000000000b128                queuebuf_update_attr_from_packetbuf
 .any.text.queuebuf_free
                0x000000000000b13a       0x2a contiki-z1.a(queuebuf.o)
                0x000000000000b13a                queuebuf_free
 .any.text.queuebuf_to_packetbuf
                0x000000000000b164       0x32 contiki-z1.a(queuebuf.o)
                0x000000000000b164                queuebuf_to_packetbuf
 .any.text.queuebuf_attr
                0x000000000000b196        0xe contiki-z1.a(queuebuf.o)
                0x000000000000b196                queuebuf_attr
 .any.text.input_packet
                0x000000000000b1a4        0x6 contiki-z1.a(csma.o)
 .any.text.on   0x000000000000b1aa        0x6 contiki-z1.a(csma.o)
 .any.text.off  0x000000000000b1b0        0x6 contiki-z1.a(csma.o)
 .any.text.channel_check_interval
                0x000000000000b1b6       0x10 contiki-z1.a(csma.o)
 .any.text.transmit_packet_list
                0x000000000000b1c6       0x24 contiki-z1.a(csma.o)
 .any.text.schedule_transmission
                0x000000000000b1ea       0x84 contiki-z1.a(csma.o)
 .any.text.init
                0x000000000000b26e       0x1a contiki-z1.a(csma.o)
 .any.text.tx_done
                0x000000000000b288       0x84 contiki-z1.a(csma.o)
 .any.text.send_packet
                0x000000000000b30c      0x158 contiki-z1.a(csma.o)
 .any.text.packet_sent
                0x000000000000b464       0xca contiki-z1.a(csma.o)
 .any.text.create_frame.isra.0
                0x000000000000b52e      0x114 contiki-z1.a(framer-802154.o)
 .any.text.create
                0x000000000000b642        0x8 contiki-z1.a(framer-802154.o)
 .any.text.hdr_length
                0x000000000000b64a        0x8 contiki-z1.a(framer-802154.o)
 .any.text.parse
                0x000000000000b652       0x9a contiki-z1.a(framer-802154.o)
 .any.text.mac_call_sent_callback
                0x000000000000b6ec       0x14 contiki-z1.a(mac.o)
                0x000000000000b6ec                mac_call_sent_callback
 .any.text.on   0x000000000000b700        0x6 contiki-z1.a(nullrdc.o)
 .any.text.channel_check_interval
                0x000000000000b706        0x4 contiki-z1.a(nullrdc.o)
 .any.text.init
                0x000000000000b70a        0x6 contiki-z1.a(nullrdc.o)
 .any.text.off  0x000000000000b710       0x10 contiki-z1.a(nullrdc.o)
 .any.text.packet_input
                0x000000000000b720       0x40 contiki-z1.a(nullrdc.o)
 .any.text.send_one_packet
                0x000000000000b760      0x114 contiki-z1.a(nullrdc.o)
 .any.text.send_list
                0x000000000000b874       0x28 contiki-z1.a(nullrdc.o)
 .any.text.send_packet
                0x000000000000b89c        0x6 contiki-z1.a(nullrdc.o)
 .any.text.init
                0x000000000000b8a2        0x2 contiki-z1.a(nullsec.o)
 .any.text.send
                0x000000000000b8a4        0xa contiki-z1.a(nullsec.o)
 .any.text.input
                0x000000000000b8ae        0x6 contiki-z1.a(nullsec.o)
 .any.text.i2c_receiveinit
                0x000000000000b8b4       0x36 contiki-z1.a(i2cmaster.o)
                0x000000000000b8b4                i2c_receiveinit
 .any.text.i2c_transmitinit
                0x000000000000b8ea       0x30 contiki-z1.a(i2cmaster.o)
                0x000000000000b8ea                i2c_transmitinit
 .any.text.i2c_receive_n
                0x000000000000b91a       0x3e contiki-z1.a(i2cmaster.o)
                0x000000000000b91a                i2c_receive_n
 .any.text.i2c_busy
                0x000000000000b958        0xa contiki-z1.a(i2cmaster.o)
                0x000000000000b958                i2c_busy
 .any.text.i2c_enable
                0x000000000000b962       0x22 contiki-z1.a(i2cmaster.o)
                0x000000000000b962                i2c_enable
 .any.text.i2c_transmit_n
                0x000000000000b984       0x14 contiki-z1.a(i2cmaster.o)
                0x000000000000b984                i2c_transmit_n
 .any.text.memb_init
                0x000000000000b998       0x36 contiki-z1.a(memb.o)
                0x000000000000b998                memb_init
 .any.text.memb_alloc
                0x000000000000b9ce       0x3e contiki-z1.a(memb.o)
                0x000000000000b9ce                memb_alloc
 .any.text.memb_free
                0x000000000000ba0c       0x3a contiki-z1.a(memb.o)
                0x000000000000ba0c                memb_free
 .any.text.memb_inmemb
                0x000000000000ba46       0x2a contiki-z1.a(memb.o)
                0x000000000000ba46                memb_inmemb
 .any.text.update_nbr
                0x000000000000ba70       0xda contiki-z1.a(rpl-nbr-policy.)
 .any.text.handle_periodic_timer
                0x000000000000bb4a        0xe contiki-z1.a(rpl-nbr-policy.)
 .any.text.find_removable_dis
                0x000000000000bb58       0x16 contiki-z1.a(rpl-nbr-policy.)
                0x000000000000bb58                find_removable_dis
 .any.text.find_removable_dio
                0x000000000000bb6e       0x3c contiki-z1.a(rpl-nbr-policy.)
                0x000000000000bb6e                find_removable_dio
 .any.text.find_removable_dao
                0x000000000000bbaa       0x34 contiki-z1.a(rpl-nbr-policy.)
                0x000000000000bbaa                find_removable_dao
 .any.text.rpl_nbr_policy_find_removable
                0x000000000000bbde       0x30 contiki-z1.a(rpl-nbr-policy.)
                0x000000000000bbde                rpl_nbr_policy_find_removable
 .any.text.frame802154_get_pan_id
                0x000000000000bc0e        0x6 contiki-z1.a(frame802154.o)
                0x000000000000bc0e                frame802154_get_pan_id
 .any.text.frame802154_has_panid
                0x000000000000bc14       0x78 contiki-z1.a(frame802154.o)
                0x000000000000bc14                frame802154_has_panid
 .any.text.field_len
                0x000000000000bc8c       0xa8 contiki-z1.a(frame802154.o)
 .any.text.frame802154_is_broadcast_addr
                0x000000000000bd34       0x28 contiki-z1.a(frame802154.o)
                0x000000000000bd34                frame802154_is_broadcast_addr
 .any.text.frame802154_hdrlen
                0x000000000000bd5c       0x32 contiki-z1.a(frame802154.o)
                0x000000000000bd5c                frame802154_hdrlen
 .any.text.frame802154_create
                0x000000000000bd8e      0x136 contiki-z1.a(frame802154.o)
                0x000000000000bd8e                frame802154_create
 .any.text.frame802154_parse
                0x000000000000bec4      0x1be contiki-z1.a(frame802154.o)
                0x000000000000bec4                frame802154_parse
 .any.text.mac_sequence_is_duplicate
                0x000000000000c082       0x3c contiki-z1.a(mac-sequence.o)
                0x000000000000c082                mac_sequence_is_duplicate
 .any.text.mac_sequence_register_seqno
                0x000000000000c0be       0x6a contiki-z1.a(mac-sequence.o)
                0x000000000000c0be                mac_sequence_register_seqno
 .any.text.printf
                0x000000000000c128       0x10 /usr/local/mspgcc-4.7.3/bin/../lib/gcc/msp430/4.7.3/../../../../msp430/lib/mcpu-430x/mmpy-16/msr20/mc20/libc.a(printf.o)
                0x000000000000c128                printf
 .any.text.append
                0x000000000000c138       0x22 /usr/local/mspgcc-4.7.3/bin/../lib/gcc/msp430/4.7.3/../../../../msp430/lib/mcpu-430x/mmpy-16/msr20/mc20/libc.a(sprintf.o)
 .any.text.call_vuprintf
                0x000000000000c15a       0x36 /usr/local/mspgcc-4.7.3/bin/../lib/gcc/msp430/4.7.3/../../../../msp430/lib/mcpu-430x/mmpy-16/msr20/mc20/libc.a(sprintf.o)
 .any.text.sprintf
                0x000000000000c190       0x1a /usr/local/mspgcc-4.7.3/bin/../lib/gcc/msp430/4.7.3/../../../../msp430/lib/mcpu-430x/mmpy-16/msr20/mc20/libc.a(sprintf.o)
                0x000000000000c190                sprintf
 .any.text.print_field
                0x000000000000c1aa      0x176 /usr/local/mspgcc-4.7.3/bin/../lib/gcc/msp430/4.7.3/../../../../msp430/lib/mcpu-430x/mmpy-16/msr20/mc20/libc.a(vuprintf.o)
 .any.text.vuprintf
                0x000000000000c320      0x742 /usr/local/mspgcc-4.7.3/bin/../lib/gcc/msp430/4.7.3/../../../../msp430/lib/mcpu-430x/mmpy-16/msr20/mc20/libc.a(vuprintf.o)
                0x000000000000c320                vuprintf
 .any.text.puts
                0x000000000000ca62       0x2c /usr/local/mspgcc-4.7.3/bin/../lib/gcc/msp430/4.7.3/../../../../msp430/lib/mcpu-430x/mmpy-16/msr20/mc20/libc.a(puts.o)
                0x000000000000ca62                puts
 .any.text.rand
                0x000000000000ca8e       0x26 /usr/local/mspgcc-4.7.3/bin/../lib/gcc/msp430/4.7.3/../../../../msp430/lib/mcpu-430x/mmpy-16/msr20/mc20/libc.a(rand.o)
                0x000000000000ca8e                rand
 .any.text.srand
                0x000000000000cab4        0xa /usr/local/mspgcc-4.7.3/bin/../lib/gcc/msp430/4.7.3/../../../../msp430/lib/mcpu-430x/mmpy-16/msr20/mc20/libc.a(rand.o)
                0x000000000000cab4                srand
 .any.text.memcmp
                0x000000000000cabe       0x2c /usr/local/mspgcc-4.7.3/bin/../lib/gcc/msp430/4.7.3/../../../../msp430/lib/mcpu-430x/mmpy-16/msr20/mc20/libc.a(memcmp.o)
                0x000000000000cabe                memcmp
 .any.text.memcpy
                0x000000000000caea       0xe8 /usr/local/mspgcc-4.7.3/bin/../lib/gcc/msp430/4.7.3/../../../../msp430/lib/mcpu-430x/mmpy-16/msr20/mc20/libc.a(memcpy.o)
                0x000000000000caea                memcpy
 .any.text.memmove
                0x000000000000cbd2       0xe8 /usr/local/mspgcc-4.7.3/bin/../lib/gcc/msp430/4.7.3/../../../../msp430/lib/mcpu-430x/mmpy-16/msr20/mc20/libc.a(memmove.o)
                0x000000000000cbd2                memmove
 .any.text.memset
                0x000000000000ccba       0x5c /usr/local/mspgcc-4.7.3/bin/../lib/gcc/msp430/4.7.3/../../../../msp430/lib/mcpu-430x/mmpy-16/msr20/mc20/libc.a(memset.o)
                0x000000000000ccba                memset

.rodata         0x000000000000cd18      0xe0b
                0x000000000000cd18                . = ALIGN (0x2)
 *(.rodata .rodata.* .gnu.linkonce.r.*)
 .rodata.process_thread_udp_client_process
                0x000000000000cd18      0x185 udp-client.co
 .rodata.send_packet
                0x000000000000ce9d       0x3e udp-client.co
 *fill*         0x000000000000cedb        0x1 00
 .rodata.autostart_processes
                0x000000000000cedc        0x4 udp-client.co
                0x000000000000cedc                autostart_processes
 .rodata        0x000000000000cee0       0x13 udp-client.co
 .rodata        0x000000000000cef3      0x115 obj_z1/contiki-z1-main.o
 .rodata.get_value
                0x000000000000d008       0x44 contiki-z1.a(cc2420.o)
 .rodata.set_value
                0x000000000000d04c       0x20 contiki-z1.a(cc2420.o)
 .rodata.cc2420_driver
                0x000000000000d06c       0x38 contiki-z1.a(cc2420.o)
                0x000000000000d06c                cc2420_driver
 .rodata        0x000000000000d0a4        0xe contiki-z1.a(cc2420.o)
 .rodata.output_power
                0x000000000000d0b2       0x10 contiki-z1.a(cc2420.o)
 .rodata        0x000000000000d0c2        0x8 contiki-z1.a(sensors.o)
 .rodata        0x000000000000d0ca        0x7 contiki-z1.a(button-sensor.o)
 *fill*         0x000000000000d0d1        0x1 00
 .rodata.button_sensor
                0x000000000000d0d2        0xe contiki-z1.a(button-sensor.o)
                0x000000000000d0d2                button_sensor
 .rodata        0x000000000000d0e0       0x25 contiki-z1.a(adxl345.o)
 .rodata        0x000000000000d105        0xf contiki-z1.a(ctimer.o)
 .rodata        0x000000000000d114        0xc contiki-z1.a(etimer.o)
 .rodata        0x000000000000d120        0xb contiki-z1.a(sicslowpan.o)
 *fill*         0x000000000000d12b        0x1 00
 .rodata.sicslowpan_driver
                0x000000000000d12c        0xa contiki-z1.a(sicslowpan.o)
                0x000000000000d12c                sicslowpan_driver
 .rodata.llprefix
                0x000000000000d136        0x2 contiki-z1.a(sicslowpan.o)
                0x000000000000d136                llprefix
 .rodata.unc_mxconf
                0x000000000000d138        0x4 contiki-z1.a(sicslowpan.o)
                0x000000000000d138                unc_mxconf
 .rodata.unc_ctxconf
                0x000000000000d13c        0x4 contiki-z1.a(sicslowpan.o)
                0x000000000000d13c                unc_ctxconf
 .rodata.unc_llconf
                0x000000000000d140        0x4 contiki-z1.a(sicslowpan.o)
                0x000000000000d140                unc_llconf
 .rodata.ttl_values
                0x000000000000d144        0x4 contiki-z1.a(sicslowpan.o)
 .rodata        0x000000000000d148        0xd contiki-z1.a(tcpip.o)
 .rodata.uip_debug_ipaddr_print
                0x000000000000d155       0x28 contiki-z1.a(uip-debug.o)
 .rodata.dio_input
                0x000000000000d17d      0x2a8 contiki-z1.a(rpl-icmp6.o)
 .rodata.rpl_icmp6_update_nbr_table
                0x000000000000d425       0x2a contiki-z1.a(rpl-icmp6.o)
 .rodata.dao_input
                0x000000000000d44f      0x2c8 contiki-z1.a(rpl-icmp6.o)
 .rodata.dis_output
                0x000000000000d717       0x17 contiki-z1.a(rpl-icmp6.o)
 .rodata.dio_output
                0x000000000000d72e       0xdc contiki-z1.a(rpl-icmp6.o)
 .rodata.dis_input
                0x000000000000d80a       0x99 contiki-z1.a(rpl-icmp6.o)
 .rodata.dao_output_target
                0x000000000000d8a3      0x12f contiki-z1.a(rpl-icmp6.o)
 .rodata.dao_output
                0x000000000000d9d2       0x3b contiki-z1.a(rpl-icmp6.o)
 .rodata.reset  0x000000000000da0d       0x11 contiki-z1.a(rpl-mrhof.o)
 .rodata.parent_path_cost
                0x000000000000da1e        0xf contiki-z1.a(rpl-mrhof.o)
 .rodata.update_metric_container
                0x000000000000da2d       0x59 contiki-z1.a(rpl-mrhof.o)
 .rodata.best_parent
                0x000000000000da86       0x10 contiki-z1.a(rpl-mrhof.o)
 .rodata.linkaddr_null
                0x000000000000da96        0x8 contiki-z1.a(linkaddr.o)
                0x000000000000da96                linkaddr_null
 .rodata.net_debug_lladdr_print
                0x000000000000da9e       0x14 contiki-z1.a(net-debug.o)
 .rodata        0x000000000000dab2        0x5 contiki-z1.a(csma.o)
 *fill*         0x000000000000dab7        0x1 00
 .rodata.csma_driver
                0x000000000000dab8       0x1a contiki-z1.a(csma.o)
                0x000000000000dab8                csma_driver
 .rodata.framer_802154
                0x000000000000dad2        0xc contiki-z1.a(framer-802154.o)
                0x000000000000dad2                framer_802154
 .rodata        0x000000000000dade        0x8 contiki-z1.a(nullrdc.o)
 .rodata.nullrdc_driver
                0x000000000000dae6       0x1e contiki-z1.a(nullrdc.o)
                0x000000000000dae6                nullrdc_driver
 .rodata        0x000000000000db04        0x8 contiki-z1.a(nullsec.o)
 .rodata.nullsec_driver
                0x000000000000db0c        0xe contiki-z1.a(nullsec.o)
                0x000000000000db0c                nullsec_driver
 .rodata.CSWTCH.16
                0x000000000000db1a        0x2 contiki-z1.a(frame802154.o)
 .rodata.vuprintf
                0x000000000000db1c        0x7 /usr/local/mspgcc-4.7.3/bin/../lib/gcc/msp430/4.7.3/../../../../msp430/lib/mcpu-430x/mmpy-16/msr20/mc20/libc.a(vuprintf.o)
 *(.near.rodata .near.rodata.*)
                0x000000000000db24                . = ALIGN (0x2)
                0x000000000000db24                _etext = .

.data           0x0000000000001100      0x144 load address 0x000000000000db24
                0x0000000000001100                . = ALIGN (0x2)
                0x0000000000001100                __data_start = .
 *(.data .data.* .gnu.linkonce.d.*)
 .data.udp_client_process
                0x0000000000001100        0xc udp-client.co
                0x0000000000001100                udp_client_process
 .data.sensors  0x000000000000110c        0x4 obj_z1/contiki-z1-main.o
                0x000000000000110c                sensors
 .data.cur_break
                0x0000000000001110        0x2 contiki-z1.a(msp430.o)
 .data.cc2420_process
                0x0000000000001112        0xc contiki-z1.a(cc2420.o)
                0x0000000000001112                cc2420_process
 .data.send_on_cca
                0x000000000000111e        0x1 contiki-z1.a(cc2420.o)
 *fill*         0x000000000000111f        0x1 00
 .data.sensors_process
                0x0000000000001120        0xc contiki-z1.a(sensors.o)
                0x0000000000001120                sensors_process
 .data.accmeter_process
                0x000000000000112c        0xc contiki-z1.a(adxl345.o)
                0x000000000000112c                accmeter_process
 .data.adxl345_default_settings
                0x0000000000001138       0x16 contiki-z1.a(adxl345.o)
 .data.ctimer_process
                0x000000000000114e        0xc contiki-z1.a(ctimer.o)
                0x000000000000114e                ctimer_process
 .data.etimer_process
                0x000000000000115a        0xc contiki-z1.a(etimer.o)
                0x000000000000115a                etimer_process
 .data.ds6_neighbors
                0x0000000000001166        0x2 contiki-z1.a(uip-ds6-nbr.o)
                0x0000000000001166                ds6_neighbors
 .data.ds6_neighbors_struct